<?xml version="1.0"?>
<link_info>
   <banner>TI ARM Linker PC v16.9.4.LTS</banner>
   <copyright>Copyright (c) 1996-2017 Texas Instruments Incorporated</copyright>
   <link_time>0x5a09e9b8</link_time>
   <link_errors>0x0</link_errors>
   <output_file>FreeRTOS_TMS57012_Queue.out</output_file>
   <entry_point>
      <name>_c_int00</name>
      <address>0xf438</address>
   </entry_point>
   <input_file_list>
      <input_file id="fl-2">
         <path>.\SFUsat\</path>
         <kind>object</kind>
         <file>SFU_Serial.obj</file>
         <name>SFU_Serial.obj</name>
      </input_file>
      <input_file id="fl-3">
         <path>.\source\</path>
         <kind>object</kind>
         <file>adc.obj</file>
         <name>adc.obj</name>
      </input_file>
      <input_file id="fl-4">
         <path>.\source\</path>
         <kind>object</kind>
         <file>can.obj</file>
         <name>can.obj</name>
      </input_file>
      <input_file id="fl-5">
         <path>.\source\</path>
         <kind>object</kind>
         <file>crc.obj</file>
         <name>crc.obj</name>
      </input_file>
      <input_file id="fl-6">
         <path>.\source\</path>
         <kind>object</kind>
         <file>dabort.obj</file>
         <name>dabort.obj</name>
      </input_file>
      <input_file id="fl-7">
         <path>.\source\</path>
         <kind>object</kind>
         <file>dcc.obj</file>
         <name>dcc.obj</name>
      </input_file>
      <input_file id="fl-8">
         <path>.\source\</path>
         <kind>object</kind>
         <file>ecap.obj</file>
         <name>ecap.obj</name>
      </input_file>
      <input_file id="fl-9">
         <path>.\source\</path>
         <kind>object</kind>
         <file>eqep.obj</file>
         <name>eqep.obj</name>
      </input_file>
      <input_file id="fl-a">
         <path>.\source\</path>
         <kind>object</kind>
         <file>esm.obj</file>
         <name>esm.obj</name>
      </input_file>
      <input_file id="fl-b">
         <path>.\source\</path>
         <kind>object</kind>
         <file>etpwm.obj</file>
         <name>etpwm.obj</name>
      </input_file>
      <input_file id="fl-c">
         <path>.\source\</path>
         <kind>object</kind>
         <file>gio.obj</file>
         <name>gio.obj</name>
      </input_file>
      <input_file id="fl-d">
         <path>.\source\</path>
         <kind>object</kind>
         <file>het.obj</file>
         <name>het.obj</name>
      </input_file>
      <input_file id="fl-e">
         <path>.\source\</path>
         <kind>object</kind>
         <file>i2c.obj</file>
         <name>i2c.obj</name>
      </input_file>
      <input_file id="fl-f">
         <path>.\source\</path>
         <kind>object</kind>
         <file>lin.obj</file>
         <name>lin.obj</name>
      </input_file>
      <input_file id="fl-10">
         <path>.\source\</path>
         <kind>object</kind>
         <file>mibspi.obj</file>
         <name>mibspi.obj</name>
      </input_file>
      <input_file id="fl-11">
         <path>.\source\</path>
         <kind>object</kind>
         <file>notification.obj</file>
         <name>notification.obj</name>
      </input_file>
      <input_file id="fl-12">
         <path>.\source\</path>
         <kind>object</kind>
         <file>os_croutine.obj</file>
         <name>os_croutine.obj</name>
      </input_file>
      <input_file id="fl-13">
         <path>.\source\</path>
         <kind>object</kind>
         <file>os_event_groups.obj</file>
         <name>os_event_groups.obj</name>
      </input_file>
      <input_file id="fl-14">
         <path>.\source\</path>
         <kind>object</kind>
         <file>os_heap.obj</file>
         <name>os_heap.obj</name>
      </input_file>
      <input_file id="fl-15">
         <path>.\source\</path>
         <kind>object</kind>
         <file>os_list.obj</file>
         <name>os_list.obj</name>
      </input_file>
      <input_file id="fl-16">
         <path>.\source\</path>
         <kind>object</kind>
         <file>os_mpu_wrappers.obj</file>
         <name>os_mpu_wrappers.obj</name>
      </input_file>
      <input_file id="fl-17">
         <path>.\source\</path>
         <kind>object</kind>
         <file>os_port.obj</file>
         <name>os_port.obj</name>
      </input_file>
      <input_file id="fl-18">
         <path>.\source\</path>
         <kind>object</kind>
         <file>os_portasm.obj</file>
         <name>os_portasm.obj</name>
      </input_file>
      <input_file id="fl-19">
         <path>.\source\</path>
         <kind>object</kind>
         <file>os_queue.obj</file>
         <name>os_queue.obj</name>
      </input_file>
      <input_file id="fl-1a">
         <path>.\source\</path>
         <kind>object</kind>
         <file>os_tasks.obj</file>
         <name>os_tasks.obj</name>
      </input_file>
      <input_file id="fl-1b">
         <path>.\source\</path>
         <kind>object</kind>
         <file>os_timer.obj</file>
         <name>os_timer.obj</name>
      </input_file>
      <input_file id="fl-1c">
         <path>.\source\</path>
         <kind>object</kind>
         <file>pinmux.obj</file>
         <name>pinmux.obj</name>
      </input_file>
      <input_file id="fl-1d">
         <path>.\source\</path>
         <kind>object</kind>
         <file>sci.obj</file>
         <name>sci.obj</name>
      </input_file>
      <input_file id="fl-1e">
         <path>.\source\</path>
         <kind>object</kind>
         <file>spi.obj</file>
         <name>spi.obj</name>
      </input_file>
      <input_file id="fl-1f">
         <path>.\source\</path>
         <kind>object</kind>
         <file>sys_core.obj</file>
         <name>sys_core.obj</name>
      </input_file>
      <input_file id="fl-20">
         <path>.\source\</path>
         <kind>object</kind>
         <file>sys_dma.obj</file>
         <name>sys_dma.obj</name>
      </input_file>
      <input_file id="fl-21">
         <path>.\source\</path>
         <kind>object</kind>
         <file>sys_intvecs.obj</file>
         <name>sys_intvecs.obj</name>
      </input_file>
      <input_file id="fl-22">
         <path>.\source\</path>
         <kind>object</kind>
         <file>sys_main.obj</file>
         <name>sys_main.obj</name>
      </input_file>
      <input_file id="fl-23">
         <path>.\source\</path>
         <kind>object</kind>
         <file>sys_mpu.obj</file>
         <name>sys_mpu.obj</name>
      </input_file>
      <input_file id="fl-24">
         <path>.\source\</path>
         <kind>object</kind>
         <file>sys_pcr.obj</file>
         <name>sys_pcr.obj</name>
      </input_file>
      <input_file id="fl-25">
         <path>.\source\</path>
         <kind>object</kind>
         <file>sys_phantom.obj</file>
         <name>sys_phantom.obj</name>
      </input_file>
      <input_file id="fl-26">
         <path>.\source\</path>
         <kind>object</kind>
         <file>sys_pmm.obj</file>
         <name>sys_pmm.obj</name>
      </input_file>
      <input_file id="fl-27">
         <path>.\source\</path>
         <kind>object</kind>
         <file>sys_pmu.obj</file>
         <name>sys_pmu.obj</name>
      </input_file>
      <input_file id="fl-28">
         <path>.\source\</path>
         <kind>object</kind>
         <file>sys_selftest.obj</file>
         <name>sys_selftest.obj</name>
      </input_file>
      <input_file id="fl-29">
         <path>.\source\</path>
         <kind>object</kind>
         <file>sys_startup.obj</file>
         <name>sys_startup.obj</name>
      </input_file>
      <input_file id="fl-2a">
         <path>.\source\</path>
         <kind>object</kind>
         <file>sys_vim.obj</file>
         <name>sys_vim.obj</name>
      </input_file>
      <input_file id="fl-2b">
         <path>.\source\</path>
         <kind>object</kind>
         <file>system.obj</file>
         <name>system.obj</name>
      </input_file>
      <input_file id="fl-2f">
         <kind>object</kind>
         <file>&lt;internal&gt;</file>
         <name>&lt;internal&gt;</name>
      </input_file>
      <input_file id="fl-30">
         <path>E:\ti\ccsv7\tools\compiler\ti-cgt-arm_16.9.4.LTS\lib\</path>
         <kind>archive</kind>
         <file>rtsv7R4_T_be_v3D16_eabi.lib</file>
         <name>autoinit.obj</name>
      </input_file>
      <input_file id="fl-31">
         <path>E:\ti\ccsv7\tools\compiler\ti-cgt-arm_16.9.4.LTS\lib\</path>
         <kind>archive</kind>
         <file>rtsv7R4_T_be_v3D16_eabi.lib</file>
         <name>copy_decompress_lzss.obj</name>
      </input_file>
      <input_file id="fl-32">
         <path>E:\ti\ccsv7\tools\compiler\ti-cgt-arm_16.9.4.LTS\lib\</path>
         <kind>archive</kind>
         <file>rtsv7R4_T_be_v3D16_eabi.lib</file>
         <name>copy_decompress_none.obj</name>
      </input_file>
      <input_file id="fl-33">
         <path>E:\ti\ccsv7\tools\compiler\ti-cgt-arm_16.9.4.LTS\lib\</path>
         <kind>archive</kind>
         <file>rtsv7R4_T_be_v3D16_eabi.lib</file>
         <name>copy_zero_init.obj</name>
      </input_file>
      <input_file id="fl-34">
         <path>E:\ti\ccsv7\tools\compiler\ti-cgt-arm_16.9.4.LTS\lib\</path>
         <kind>archive</kind>
         <file>rtsv7R4_T_be_v3D16_eabi.lib</file>
         <name>cpy_tbl.obj</name>
      </input_file>
      <input_file id="fl-35">
         <path>E:\ti\ccsv7\tools\compiler\ti-cgt-arm_16.9.4.LTS\lib\</path>
         <kind>archive</kind>
         <file>rtsv7R4_T_be_v3D16_eabi.lib</file>
         <name>exit.obj</name>
      </input_file>
      <input_file id="fl-36">
         <path>E:\ti\ccsv7\tools\compiler\ti-cgt-arm_16.9.4.LTS\lib\</path>
         <kind>archive</kind>
         <file>rtsv7R4_T_be_v3D16_eabi.lib</file>
         <name>ltoa.obj</name>
      </input_file>
      <input_file id="fl-37">
         <path>E:\ti\ccsv7\tools\compiler\ti-cgt-arm_16.9.4.LTS\lib\</path>
         <kind>archive</kind>
         <file>rtsv7R4_T_be_v3D16_eabi.lib</file>
         <name>memcpy_t2.obj</name>
      </input_file>
      <input_file id="fl-38">
         <path>E:\ti\ccsv7\tools\compiler\ti-cgt-arm_16.9.4.LTS\lib\</path>
         <kind>archive</kind>
         <file>rtsv7R4_T_be_v3D16_eabi.lib</file>
         <name>memset_t2.obj</name>
      </input_file>
      <input_file id="fl-39">
         <path>E:\ti\ccsv7\tools\compiler\ti-cgt-arm_16.9.4.LTS\lib\</path>
         <kind>archive</kind>
         <file>rtsv7R4_T_be_v3D16_eabi.lib</file>
         <name>s_floor.obj</name>
      </input_file>
      <input_file id="fl-3a">
         <path>E:\ti\ccsv7\tools\compiler\ti-cgt-arm_16.9.4.LTS\lib\</path>
         <kind>archive</kind>
         <file>rtsv7R4_T_be_v3D16_eabi.lib</file>
         <name>startup.obj</name>
      </input_file>
      <input_file id="fl-3b">
         <path>E:\ti\ccsv7\tools\compiler\ti-cgt-arm_16.9.4.LTS\lib\</path>
         <kind>archive</kind>
         <file>rtsv7R4_T_be_v3D16_eabi.lib</file>
         <name>strcpy.obj</name>
      </input_file>
      <input_file id="fl-3c">
         <path>E:\ti\ccsv7\tools\compiler\ti-cgt-arm_16.9.4.LTS\lib\</path>
         <kind>archive</kind>
         <file>rtsv7R4_T_be_v3D16_eabi.lib</file>
         <name>strlen.obj</name>
      </input_file>
      <input_file id="fl-3d">
         <path>E:\ti\ccsv7\tools\compiler\ti-cgt-arm_16.9.4.LTS\lib\</path>
         <kind>archive</kind>
         <file>rtsv7R4_T_be_v3D16_eabi.lib</file>
         <name>u_div32.obj</name>
      </input_file>
      <input_file id="fl-3e">
         <path>E:\ti\ccsv7\tools\compiler\ti-cgt-arm_16.9.4.LTS\lib\</path>
         <kind>archive</kind>
         <file>rtsv7R4_T_be_v3D16_eabi.lib</file>
         <name>_lock.obj</name>
      </input_file>
      <input_file id="fl-3f">
         <path>E:\ti\ccsv7\tools\compiler\ti-cgt-arm_16.9.4.LTS\lib\</path>
         <kind>archive</kind>
         <file>rtsv7R4_T_be_v3D16_eabi.lib</file>
         <name>i_div0.obj</name>
      </input_file>
   </input_file_list>
   <object_component_list>
      <object_component id="oc-2f">
         <name>.intvecs</name>
         <load_address>0x0</load_address>
         <run_address>0x0</run_address>
         <size>0x20</size>
         <input_file_ref idref="fl-21"/>
      </object_component>
      <object_component id="oc-119">
         <name>.kernelTEXT</name>
         <load_address>0x20</load_address>
         <run_address>0x20</run_address>
         <size>0x2be8</size>
         <input_file_ref idref="fl-1a"/>
      </object_component>
      <object_component id="oc-1cf">
         <name>.kernelTEXT</name>
         <load_address>0x2c08</load_address>
         <run_address>0x2c08</run_address>
         <size>0x11dc</size>
         <input_file_ref idref="fl-19"/>
      </object_component>
      <object_component id="oc-1d5">
         <name>.kernelTEXT</name>
         <load_address>0x3de4</load_address>
         <run_address>0x3de4</run_address>
         <size>0x81c</size>
         <input_file_ref idref="fl-13"/>
      </object_component>
      <object_component id="oc-9f">
         <name>.kernelTEXT</name>
         <load_address>0x4600</load_address>
         <run_address>0x4600</run_address>
         <size>0x4b0</size>
         <input_file_ref idref="fl-18"/>
      </object_component>
      <object_component id="oc-22e">
         <name>.kernelTEXT</name>
         <load_address>0x4ab0</load_address>
         <run_address>0x4ab0</run_address>
         <size>0x3e0</size>
         <input_file_ref idref="fl-17"/>
      </object_component>
      <object_component id="oc-10d">
         <name>.kernelTEXT</name>
         <load_address>0x4e90</load_address>
         <run_address>0x4e90</run_address>
         <size>0x3a4</size>
         <input_file_ref idref="fl-14"/>
      </object_component>
      <object_component id="oc-3ae">
         <name>.cinit..data.load</name>
         <load_address>0x5238</load_address>
         <run_address>0x5238</run_address>
         <size>0x15</size>
      </object_component>
      <object_component id="oc-3a9">
         <name>__TI_handler_table</name>
         <load_address>0x5250</load_address>
         <run_address>0x5250</run_address>
         <size>0xc</size>
      </object_component>
      <object_component id="oc-3ab">
         <name>.cinit..kernelBSS.load</name>
         <load_address>0x525c</load_address>
         <run_address>0x525c</run_address>
         <size>0x9</size>
      </object_component>
      <object_component id="oc-3ad">
         <name>.cinit..bss.load</name>
         <load_address>0x5268</load_address>
         <run_address>0x5268</run_address>
         <size>0x8</size>
      </object_component>
      <object_component id="oc-3ac">
         <name>.cinit..kernelHEAP.load</name>
         <load_address>0x5270</load_address>
         <run_address>0x5270</run_address>
         <size>0x8</size>
      </object_component>
      <object_component id="oc-3aa">
         <name>__TI_cinit_table</name>
         <load_address>0x5278</load_address>
         <run_address>0x5278</run_address>
         <size>0x20</size>
      </object_component>
      <object_component id="oc-74">
         <name>.text</name>
         <load_address>0x8020</load_address>
         <run_address>0x8020</run_address>
         <size>0x2cdc</size>
         <input_file_ref idref="fl-28"/>
      </object_component>
      <object_component id="oc-6e">
         <name>.text</name>
         <load_address>0xacfc</load_address>
         <run_address>0xacfc</run_address>
         <size>0xb28</size>
         <input_file_ref idref="fl-2b"/>
      </object_component>
      <object_component id="oc-3b">
         <name>.text</name>
         <load_address>0xb824</load_address>
         <run_address>0xb824</run_address>
         <size>0xa58</size>
         <input_file_ref idref="fl-2a"/>
      </object_component>
      <object_component id="oc-f5">
         <name>.text</name>
         <load_address>0xc27c</load_address>
         <run_address>0xc27c</run_address>
         <size>0x9a0</size>
         <input_file_ref idref="fl-16"/>
      </object_component>
      <object_component id="oc-d1">
         <name>.text</name>
         <load_address>0xcc1c</load_address>
         <run_address>0xcc1c</run_address>
         <size>0x8ac</size>
         <input_file_ref idref="fl-1c"/>
      </object_component>
      <object_component id="oc-1f6">
         <name>.text</name>
         <load_address>0xd4c8</load_address>
         <run_address>0xd4c8</run_address>
         <size>0x7d4</size>
         <input_file_ref idref="fl-1d"/>
      </object_component>
      <object_component id="oc-7a">
         <name>.text</name>
         <load_address>0xdc9c</load_address>
         <run_address>0xdc9c</run_address>
         <size>0x5d8</size>
         <input_file_ref idref="fl-a"/>
      </object_component>
      <object_component id="oc-86">
         <name>.text</name>
         <load_address>0xe274</load_address>
         <run_address>0xe274</run_address>
         <size>0x4a4</size>
         <input_file_ref idref="fl-22"/>
      </object_component>
      <object_component id="oc-101">
         <name>.text</name>
         <load_address>0xe718</load_address>
         <run_address>0xe718</run_address>
         <size>0x484</size>
         <input_file_ref idref="fl-c"/>
      </object_component>
      <object_component id="oc-69">
         <name>.text</name>
         <load_address>0xeb9c</load_address>
         <run_address>0xeb9c</run_address>
         <size>0x34c</size>
         <input_file_ref idref="fl-1f"/>
      </object_component>
      <object_component id="oc-3a">
         <name>.text:retain</name>
         <load_address>0xeee8</load_address>
         <run_address>0xeee8</run_address>
         <size>0x2cc</size>
         <input_file_ref idref="fl-2a"/>
      </object_component>
      <object_component id="oc-210">
         <name>.text</name>
         <load_address>0xf1b4</load_address>
         <run_address>0xf1b4</run_address>
         <size>0x284</size>
         <input_file_ref idref="fl-14"/>
      </object_component>
      <object_component id="oc-20">
         <name>.text:retain</name>
         <load_address>0xf438</load_address>
         <run_address>0xf438</run_address>
         <size>0x27c</size>
         <input_file_ref idref="fl-29"/>
      </object_component>
      <object_component id="oc-228">
         <name>.text</name>
         <load_address>0xf6b4</load_address>
         <run_address>0xf6b4</run_address>
         <size>0x238</size>
         <input_file_ref idref="fl-15"/>
      </object_component>
      <object_component id="oc-93">
         <name>.text</name>
         <load_address>0xf8ec</load_address>
         <run_address>0xf8ec</run_address>
         <size>0x20c</size>
         <input_file_ref idref="fl-11"/>
      </object_component>
      <object_component id="oc-fb">
         <name>.text</name>
         <load_address>0xfaf8</load_address>
         <run_address>0xfaf8</run_address>
         <size>0x1bc</size>
         <input_file_ref idref="fl-2"/>
      </object_component>
      <object_component id="oc-2ef">
         <name>.text</name>
         <load_address>0xfcb4</load_address>
         <run_address>0xfcb4</run_address>
         <size>0x1b4</size>
         <input_file_ref idref="fl-17"/>
      </object_component>
      <object_component id="oc-1c9">
         <name>.text</name>
         <load_address>0xfe68</load_address>
         <run_address>0xfe68</run_address>
         <size>0x168</size>
         <input_file_ref idref="fl-1a"/>
      </object_component>
      <object_component id="oc-26">
         <name>.text:retain</name>
         <load_address>0xffd0</load_address>
         <run_address>0xffd0</run_address>
         <size>0x114</size>
         <input_file_ref idref="fl-a"/>
      </object_component>
      <object_component id="oc-a7">
         <name>.text</name>
         <load_address>0x100e4</load_address>
         <run_address>0x100e4</run_address>
         <size>0xe8</size>
         <input_file_ref idref="fl-6"/>
      </object_component>
      <object_component id="oc-2be">
         <name>.text</name>
         <load_address>0x101cc</load_address>
         <run_address>0x101cc</run_address>
         <size>0xe0</size>
         <input_file_ref idref="fl-39"/>
      </object_component>
      <object_component id="oc-d9">
         <name>.text</name>
         <load_address>0x102ac</load_address>
         <run_address>0x102ac</run_address>
         <size>0xe0</size>
         <input_file_ref idref="fl-27"/>
      </object_component>
      <object_component id="oc-51">
         <name>.text</name>
         <load_address>0x1038c</load_address>
         <run_address>0x1038c</run_address>
         <size>0x9c</size>
         <input_file_ref idref="fl-37"/>
      </object_component>
      <object_component id="oc-5d">
         <name>.text</name>
         <load_address>0x10428</load_address>
         <run_address>0x10428</run_address>
         <size>0x7a</size>
         <input_file_ref idref="fl-38"/>
      </object_component>
      <object_component id="oc-ed">
         <name>.text</name>
         <load_address>0x104a2</load_address>
         <run_address>0x104a2</run_address>
         <size>0x2</size>
         <input_file_ref idref="fl-3a"/>
      </object_component>
      <object_component id="oc-80">
         <name>.text</name>
         <load_address>0x104a4</load_address>
         <run_address>0x104a4</run_address>
         <size>0x70</size>
         <input_file_ref idref="fl-30"/>
      </object_component>
      <object_component id="oc-e">
         <name>.text:decompress:lzss</name>
         <load_address>0x10514</load_address>
         <run_address>0x10514</run_address>
         <size>0x6c</size>
         <input_file_ref idref="fl-31"/>
      </object_component>
      <object_component id="oc-113">
         <name>.text</name>
         <load_address>0x10580</load_address>
         <run_address>0x10580</run_address>
         <size>0x54</size>
         <input_file_ref idref="fl-36"/>
      </object_component>
      <object_component id="oc-8c">
         <name>.text</name>
         <load_address>0x105d4</load_address>
         <run_address>0x105d4</run_address>
         <size>0x50</size>
         <input_file_ref idref="fl-35"/>
      </object_component>
      <object_component id="oc-e7">
         <name>.text</name>
         <load_address>0x10624</load_address>
         <run_address>0x10624</run_address>
         <size>0x4c</size>
         <input_file_ref idref="fl-34"/>
      </object_component>
      <object_component id="oc-1fc">
         <name>.text</name>
         <load_address>0x10670</load_address>
         <run_address>0x10670</run_address>
         <size>0x16</size>
         <input_file_ref idref="fl-3c"/>
      </object_component>
      <object_component id="oc-253">
         <name>.text</name>
         <load_address>0x10688</load_address>
         <run_address>0x10688</run_address>
         <size>0x14</size>
         <input_file_ref idref="fl-3e"/>
      </object_component>
      <object_component id="oc-107">
         <name>.text</name>
         <load_address>0x1069c</load_address>
         <run_address>0x1069c</run_address>
         <size>0x14</size>
         <input_file_ref idref="fl-3b"/>
      </object_component>
      <object_component id="oc-14">
         <name>.text:decompress:none</name>
         <load_address>0x106b0</load_address>
         <run_address>0x106b0</run_address>
         <size>0xe</size>
         <input_file_ref idref="fl-32"/>
      </object_component>
      <object_component id="oc-1a">
         <name>.text:decompress:ZI</name>
         <load_address>0x106be</load_address>
         <run_address>0x106be</run_address>
         <size>0xc</size>
         <input_file_ref idref="fl-33"/>
      </object_component>
      <object_component id="oc-34">
         <name>.text:retain</name>
         <load_address>0x106cc</load_address>
         <run_address>0x106cc</run_address>
         <size>0x4</size>
         <input_file_ref idref="fl-25"/>
      </object_component>
      <object_component id="oc-2c">
         <name>.const:s_vim_init</name>
         <load_address>0x106d0</load_address>
         <run_address>0x106d0</run_address>
         <size>0x200</size>
         <input_file_ref idref="fl-2a"/>
      </object_component>
      <object_component id="oc-219">
         <name>.const</name>
         <load_address>0x108d0</load_address>
         <run_address>0x108d0</run_address>
         <size>0x4</size>
         <input_file_ref idref="fl-14"/>
      </object_component>
      <object_component id="oc-145">
         <name>.kernelBSS:init</name>
         <load_address>0x80008d0</load_address>
         <run_address>0x80008d0</run_address>
         <size>0x34</size>
         <input_file_ref idref="fl-1a"/>
      </object_component>
      <object_component id="oc-234">
         <name>.kernelBSS:uninit</name>
         <load_address>0x8000800</load_address>
         <run_address>0x8000800</run_address>
         <size>0xd0</size>
         <input_file_ref idref="fl-1a"/>
      </object_component>
      <object_component id="oc-2da">
         <name>.kernelHEAP</name>
         <uninitialized>true</uninitialized>
         <run_address>0x8001000</run_address>
         <size>0x2000</size>
         <input_file_ref idref="fl-14"/>
      </object_component>
      <object_component id="oc-208">
         <name>.bss:inputBuffer</name>
         <uninitialized>true</uninitialized>
         <run_address>0x80030b8</run_address>
         <size>0xc</size>
         <input_file_ref idref="fl-2"/>
      </object_component>
      <object_component id="oc-21c">
         <name>.bss:xStart</name>
         <uninitialized>true</uninitialized>
         <run_address>0x80030c4</run_address>
         <size>0x8</size>
         <input_file_ref idref="fl-14"/>
      </object_component>
      <object_component id="oc-2c4">
         <name>.bss:g_sciTransfer_t</name>
         <uninitialized>true</uninitialized>
         <run_address>0x8003000</run_address>
         <size>0x28</size>
         <input_file_ref idref="fl-1d"/>
      </object_component>
      <object_component id="oc-205">
         <name>.common:currChar</name>
         <uninitialized>true</uninitialized>
         <run_address>0x80030d4</run_address>
         <size>0x1</size>
      </object_component>
      <object_component id="oc-129">
         <name>.common:xTask1Handle</name>
         <uninitialized>true</uninitialized>
         <run_address>0x80030cc</run_address>
         <size>0x4</size>
      </object_component>
      <object_component id="oc-122">
         <name>.common:xTask2Handle</name>
         <uninitialized>true</uninitialized>
         <run_address>0x80030d0</run_address>
         <size>0x4</size>
      </object_component>
      <object_component id="oc-125">
         <name>.common:xTP1</name>
         <uninitialized>true</uninitialized>
         <run_address>0x8003028</run_address>
         <size>0x24</size>
      </object_component>
      <object_component id="oc-126">
         <name>.common:xTP2</name>
         <uninitialized>true</uninitialized>
         <run_address>0x800304c</run_address>
         <size>0x24</size>
      </object_component>
      <object_component id="oc-127">
         <name>.common:xTP3</name>
         <uninitialized>true</uninitialized>
         <run_address>0x8003070</run_address>
         <size>0x24</size>
      </object_component>
      <object_component id="oc-128">
         <name>.common:xTP4</name>
         <uninitialized>true</uninitialized>
         <run_address>0x8003094</run_address>
         <size>0x24</size>
      </object_component>
      <object_component id="oc-202">
         <name>.data</name>
         <load_address>0x8003114</load_address>
         <run_address>0x8003114</run_address>
         <size>0x4</size>
         <input_file_ref idref="fl-2"/>
      </object_component>
      <object_component id="oc-216">
         <name>.data</name>
         <load_address>0x80030d8</load_address>
         <run_address>0x80030d8</run_address>
         <size>0x10</size>
         <input_file_ref idref="fl-14"/>
      </object_component>
      <object_component id="oc-148">
         <name>.data</name>
         <load_address>0x800310c</load_address>
         <run_address>0x800310c</run_address>
         <size>0x8</size>
         <input_file_ref idref="fl-17"/>
      </object_component>
      <object_component id="oc-11f">
         <name>.data</name>
         <load_address>0x80030e8</load_address>
         <run_address>0x80030e8</run_address>
         <size>0xd</size>
         <input_file_ref idref="fl-22"/>
      </object_component>
      <object_component id="oc-130">
         <name>.data:$O1$$</name>
         <load_address>0x80030f8</load_address>
         <run_address>0x80030f8</run_address>
         <size>0xc</size>
         <input_file_ref idref="fl-35"/>
      </object_component>
      <object_component id="oc-133">
         <name>.data:$O1$$</name>
         <load_address>0x8003104</load_address>
         <run_address>0x8003104</run_address>
         <size>0x8</size>
         <input_file_ref idref="fl-3e"/>
      </object_component>
      <object_component id="oc-206">
         <name>.debug_info</name>
         <load_address>0x0</load_address>
         <run_address>0x0</run_address>
         <size>0x3eb</size>
         <input_file_ref idref="fl-2"/>
      </object_component>
      <object_component id="oc-209">
         <name>.debug_info</name>
         <load_address>0x3eb</load_address>
         <run_address>0x3eb</run_address>
         <size>0xe3</size>
         <input_file_ref idref="fl-2"/>
      </object_component>
      <object_component id="oc-203">
         <name>.debug_info</name>
         <load_address>0x4ce</load_address>
         <run_address>0x4ce</run_address>
         <size>0xe3</size>
         <input_file_ref idref="fl-2"/>
      </object_component>
      <object_component id="oc-fc">
         <name>.debug_info</name>
         <load_address>0x5b1</load_address>
         <run_address>0x5b1</run_address>
         <size>0x4c9</size>
         <input_file_ref idref="fl-2"/>
      </object_component>
      <object_component id="oc-9a">
         <name>.debug_info</name>
         <load_address>0xa7a</load_address>
         <run_address>0xa7a</run_address>
         <size>0x157</size>
         <input_file_ref idref="fl-2"/>
      </object_component>
      <object_component id="oc-12b">
         <name>.debug_info</name>
         <load_address>0xbd1</load_address>
         <run_address>0xbd1</run_address>
         <size>0x8b</size>
         <input_file_ref idref="fl-2"/>
      </object_component>
      <object_component id="oc-140">
         <name>.debug_info</name>
         <load_address>0xc5c</load_address>
         <run_address>0xc5c</run_address>
         <size>0x18b</size>
         <input_file_ref idref="fl-2"/>
      </object_component>
      <object_component id="oc-c9">
         <name>.debug_info</name>
         <load_address>0xde7</load_address>
         <run_address>0xde7</run_address>
         <size>0x2c</size>
         <input_file_ref idref="fl-2"/>
      </object_component>
      <object_component id="oc-b4">
         <name>.debug_info</name>
         <load_address>0xe13</load_address>
         <run_address>0xe13</run_address>
         <size>0x86</size>
         <input_file_ref idref="fl-2"/>
      </object_component>
      <object_component id="oc-158">
         <name>.debug_info</name>
         <load_address>0xe99</load_address>
         <run_address>0xe99</run_address>
         <size>0x1f9</size>
         <input_file_ref idref="fl-2"/>
      </object_component>
      <object_component id="oc-242">
         <name>.debug_info</name>
         <load_address>0x1092</load_address>
         <run_address>0x1092</run_address>
         <size>0x243</size>
         <input_file_ref idref="fl-2"/>
      </object_component>
      <object_component id="oc-351">
         <name>.debug_info</name>
         <load_address>0x12d5</load_address>
         <run_address>0x12d5</run_address>
         <size>0x18e</size>
         <input_file_ref idref="fl-2"/>
      </object_component>
      <object_component id="oc-172">
         <name>.debug_info</name>
         <load_address>0x1463</load_address>
         <run_address>0x1463</run_address>
         <size>0x2fd</size>
         <input_file_ref idref="fl-3"/>
      </object_component>
      <object_component id="oc-179">
         <name>.debug_info</name>
         <load_address>0x1760</load_address>
         <run_address>0x1760</run_address>
         <size>0x791</size>
         <input_file_ref idref="fl-3"/>
      </object_component>
      <object_component id="oc-af">
         <name>.debug_info</name>
         <load_address>0x1ef1</load_address>
         <run_address>0x1ef1</run_address>
         <size>0x18c</size>
         <input_file_ref idref="fl-3"/>
      </object_component>
      <object_component id="oc-294">
         <name>.debug_info</name>
         <load_address>0x207d</load_address>
         <run_address>0x207d</run_address>
         <size>0x38f</size>
         <input_file_ref idref="fl-3"/>
      </object_component>
      <object_component id="oc-167">
         <name>.debug_info</name>
         <load_address>0x240c</load_address>
         <run_address>0x240c</run_address>
         <size>0x2d0</size>
         <input_file_ref idref="fl-3"/>
      </object_component>
      <object_component id="oc-2a1">
         <name>.debug_info</name>
         <load_address>0x26dc</load_address>
         <run_address>0x26dc</run_address>
         <size>0x2f9</size>
         <input_file_ref idref="fl-4"/>
      </object_component>
      <object_component id="oc-188">
         <name>.debug_info</name>
         <load_address>0x29d5</load_address>
         <run_address>0x29d5</run_address>
         <size>0x437</size>
         <input_file_ref idref="fl-4"/>
      </object_component>
      <object_component id="oc-312">
         <name>.debug_info</name>
         <load_address>0x2e0c</load_address>
         <run_address>0x2e0c</run_address>
         <size>0x15f</size>
         <input_file_ref idref="fl-4"/>
      </object_component>
      <object_component id="oc-303">
         <name>.debug_info</name>
         <load_address>0x2f6b</load_address>
         <run_address>0x2f6b</run_address>
         <size>0x2a7</size>
         <input_file_ref idref="fl-5"/>
      </object_component>
      <object_component id="oc-266">
         <name>.debug_info</name>
         <load_address>0x3212</load_address>
         <run_address>0x3212</run_address>
         <size>0x3b8</size>
         <input_file_ref idref="fl-5"/>
      </object_component>
      <object_component id="oc-361">
         <name>.debug_info</name>
         <load_address>0x35ca</load_address>
         <run_address>0x35ca</run_address>
         <size>0x22c</size>
         <input_file_ref idref="fl-5"/>
      </object_component>
      <object_component id="oc-a8">
         <name>.debug_info</name>
         <load_address>0x37f6</load_address>
         <run_address>0x37f6</run_address>
         <size>0xfc</size>
         <input_file_ref idref="fl-6"/>
      </object_component>
      <object_component id="oc-304">
         <name>.debug_info</name>
         <load_address>0x38f2</load_address>
         <run_address>0x38f2</run_address>
         <size>0x27c</size>
         <input_file_ref idref="fl-7"/>
      </object_component>
      <object_component id="oc-368">
         <name>.debug_info</name>
         <load_address>0x3b6e</load_address>
         <run_address>0x3b6e</run_address>
         <size>0x155</size>
         <input_file_ref idref="fl-7"/>
      </object_component>
      <object_component id="oc-26b">
         <name>.debug_info</name>
         <load_address>0x3cc3</load_address>
         <run_address>0x3cc3</run_address>
         <size>0x116</size>
         <input_file_ref idref="fl-7"/>
      </object_component>
      <object_component id="oc-305">
         <name>.debug_info</name>
         <load_address>0x3dd9</load_address>
         <run_address>0x3dd9</run_address>
         <size>0x299</size>
         <input_file_ref idref="fl-8"/>
      </object_component>
      <object_component id="oc-36f">
         <name>.debug_info</name>
         <load_address>0x4072</load_address>
         <run_address>0x4072</run_address>
         <size>0x359</size>
         <input_file_ref idref="fl-8"/>
      </object_component>
      <object_component id="oc-270">
         <name>.debug_info</name>
         <load_address>0x43cb</load_address>
         <run_address>0x43cb</run_address>
         <size>0x152</size>
         <input_file_ref idref="fl-8"/>
      </object_component>
      <object_component id="oc-306">
         <name>.debug_info</name>
         <load_address>0x451d</load_address>
         <run_address>0x451d</run_address>
         <size>0x27d</size>
         <input_file_ref idref="fl-9"/>
      </object_component>
      <object_component id="oc-376">
         <name>.debug_info</name>
         <load_address>0x479a</load_address>
         <run_address>0x479a</run_address>
         <size>0x669</size>
         <input_file_ref idref="fl-9"/>
      </object_component>
      <object_component id="oc-275">
         <name>.debug_info</name>
         <load_address>0x4e03</load_address>
         <run_address>0x4e03</run_address>
         <size>0x22e</size>
         <input_file_ref idref="fl-9"/>
      </object_component>
      <object_component id="oc-e6">
         <name>.debug_info</name>
         <load_address>0x5031</load_address>
         <run_address>0x5031</run_address>
         <size>0x2fe</size>
         <input_file_ref idref="fl-a"/>
      </object_component>
      <object_component id="oc-7b">
         <name>.debug_info</name>
         <load_address>0x532f</load_address>
         <run_address>0x532f</run_address>
         <size>0xb25</size>
         <input_file_ref idref="fl-a"/>
      </object_component>
      <object_component id="oc-27">
         <name>.debug_info</name>
         <load_address>0x5e54</load_address>
         <run_address>0x5e54</run_address>
         <size>0x185</size>
         <input_file_ref idref="fl-a"/>
      </object_component>
      <object_component id="oc-14e">
         <name>.debug_info</name>
         <load_address>0x5fd9</load_address>
         <run_address>0x5fd9</run_address>
         <size>0x1de</size>
         <input_file_ref idref="fl-a"/>
      </object_component>
      <object_component id="oc-e1">
         <name>.debug_info</name>
         <load_address>0x61b7</load_address>
         <run_address>0x61b7</run_address>
         <size>0x129</size>
         <input_file_ref idref="fl-a"/>
      </object_component>
      <object_component id="oc-2a3">
         <name>.debug_info</name>
         <load_address>0x62e0</load_address>
         <run_address>0x62e0</run_address>
         <size>0x29b</size>
         <input_file_ref idref="fl-b"/>
      </object_component>
      <object_component id="oc-320">
         <name>.debug_info</name>
         <load_address>0x657b</load_address>
         <run_address>0x657b</run_address>
         <size>0xc6d</size>
         <input_file_ref idref="fl-b"/>
      </object_component>
      <object_component id="oc-27a">
         <name>.debug_info</name>
         <load_address>0x71e8</load_address>
         <run_address>0x71e8</run_address>
         <size>0x396</size>
         <input_file_ref idref="fl-b"/>
      </object_component>
      <object_component id="oc-197">
         <name>.debug_info</name>
         <load_address>0x757e</load_address>
         <run_address>0x757e</run_address>
         <size>0x508</size>
         <input_file_ref idref="fl-b"/>
      </object_component>
      <object_component id="oc-29b">
         <name>.debug_info</name>
         <load_address>0x7a86</load_address>
         <run_address>0x7a86</run_address>
         <size>0x43c</size>
         <input_file_ref idref="fl-b"/>
      </object_component>
      <object_component id="oc-20d">
         <name>.debug_info</name>
         <load_address>0x7ec2</load_address>
         <run_address>0x7ec2</run_address>
         <size>0x281</size>
         <input_file_ref idref="fl-c"/>
      </object_component>
      <object_component id="oc-102">
         <name>.debug_info</name>
         <load_address>0x8143</load_address>
         <run_address>0x8143</run_address>
         <size>0x6dd</size>
         <input_file_ref idref="fl-c"/>
      </object_component>
      <object_component id="oc-2d3">
         <name>.debug_info</name>
         <load_address>0x8820</load_address>
         <run_address>0x8820</run_address>
         <size>0x12a</size>
         <input_file_ref idref="fl-c"/>
      </object_component>
      <object_component id="oc-2a2">
         <name>.debug_info</name>
         <load_address>0x894a</load_address>
         <run_address>0x894a</run_address>
         <size>0x314</size>
         <input_file_ref idref="fl-d"/>
      </object_component>
      <object_component id="oc-192">
         <name>.debug_info</name>
         <load_address>0x8c5e</load_address>
         <run_address>0x8c5e</run_address>
         <size>0x3d3</size>
         <input_file_ref idref="fl-d"/>
      </object_component>
      <object_component id="oc-319">
         <name>.debug_info</name>
         <load_address>0x9031</load_address>
         <run_address>0x9031</run_address>
         <size>0x2e3</size>
         <input_file_ref idref="fl-d"/>
      </object_component>
      <object_component id="oc-307">
         <name>.debug_info</name>
         <load_address>0x9314</load_address>
         <run_address>0x9314</run_address>
         <size>0x28c</size>
         <input_file_ref idref="fl-e"/>
      </object_component>
      <object_component id="oc-27f">
         <name>.debug_info</name>
         <load_address>0x95a0</load_address>
         <run_address>0x95a0</run_address>
         <size>0x2e2</size>
         <input_file_ref idref="fl-e"/>
      </object_component>
      <object_component id="oc-37d">
         <name>.debug_info</name>
         <load_address>0x9882</load_address>
         <run_address>0x9882</run_address>
         <size>0x34f</size>
         <input_file_ref idref="fl-e"/>
      </object_component>
      <object_component id="oc-308">
         <name>.debug_info</name>
         <load_address>0x9bd1</load_address>
         <run_address>0x9bd1</run_address>
         <size>0x2ad</size>
         <input_file_ref idref="fl-f"/>
      </object_component>
      <object_component id="oc-284">
         <name>.debug_info</name>
         <load_address>0x9e7e</load_address>
         <run_address>0x9e7e</run_address>
         <size>0x2bc</size>
         <input_file_ref idref="fl-f"/>
      </object_component>
      <object_component id="oc-384">
         <name>.debug_info</name>
         <load_address>0xa13a</load_address>
         <run_address>0xa13a</run_address>
         <size>0x186</size>
         <input_file_ref idref="fl-f"/>
      </object_component>
      <object_component id="oc-2a0">
         <name>.debug_info</name>
         <load_address>0xa2c0</load_address>
         <run_address>0xa2c0</run_address>
         <size>0x2e2</size>
         <input_file_ref idref="fl-10"/>
      </object_component>
      <object_component id="oc-17e">
         <name>.debug_info</name>
         <load_address>0xa5a2</load_address>
         <run_address>0xa5a2</run_address>
         <size>0x4de</size>
         <input_file_ref idref="fl-10"/>
      </object_component>
      <object_component id="oc-30b">
         <name>.debug_info</name>
         <load_address>0xaa80</load_address>
         <run_address>0xaa80</run_address>
         <size>0x44e</size>
         <input_file_ref idref="fl-10"/>
      </object_component>
      <object_component id="oc-13a">
         <name>.debug_info</name>
         <load_address>0xaece</load_address>
         <run_address>0xaece</run_address>
         <size>0x530</size>
         <input_file_ref idref="fl-11"/>
      </object_component>
      <object_component id="oc-94">
         <name>.debug_info</name>
         <load_address>0xb3fe</load_address>
         <run_address>0xb3fe</run_address>
         <size>0x157b</size>
         <input_file_ref idref="fl-11"/>
      </object_component>
      <object_component id="oc-183">
         <name>.debug_info</name>
         <load_address>0xc979</load_address>
         <run_address>0xc979</run_address>
         <size>0x3ce</size>
         <input_file_ref idref="fl-11"/>
      </object_component>
      <object_component id="oc-261">
         <name>.debug_info</name>
         <load_address>0xcd47</load_address>
         <run_address>0xcd47</run_address>
         <size>0x7cd</size>
         <input_file_ref idref="fl-11"/>
      </object_component>
      <object_component id="oc-13b">
         <name>.debug_info</name>
         <load_address>0xd514</load_address>
         <run_address>0xd514</run_address>
         <size>0x673</size>
         <input_file_ref idref="fl-11"/>
      </object_component>
      <object_component id="oc-1b3">
         <name>.debug_info</name>
         <load_address>0xdb87</load_address>
         <run_address>0xdb87</run_address>
         <size>0x37b</size>
         <input_file_ref idref="fl-11"/>
      </object_component>
      <object_component id="oc-18d">
         <name>.debug_info</name>
         <load_address>0xdf02</load_address>
         <run_address>0xdf02</run_address>
         <size>0x1ca</size>
         <input_file_ref idref="fl-11"/>
      </object_component>
      <object_component id="oc-153">
         <name>.debug_info</name>
         <load_address>0xe0cc</load_address>
         <run_address>0xe0cc</run_address>
         <size>0x435</size>
         <input_file_ref idref="fl-11"/>
      </object_component>
      <object_component id="oc-1a6">
         <name>.debug_info</name>
         <load_address>0xe501</load_address>
         <run_address>0xe501</run_address>
         <size>0x551</size>
         <input_file_ref idref="fl-11"/>
      </object_component>
      <object_component id="oc-19c">
         <name>.debug_info</name>
         <load_address>0xea52</load_address>
         <run_address>0xea52</run_address>
         <size>0x1de</size>
         <input_file_ref idref="fl-11"/>
      </object_component>
      <object_component id="oc-289">
         <name>.debug_info</name>
         <load_address>0xec30</load_address>
         <run_address>0xec30</run_address>
         <size>0x26c</size>
         <input_file_ref idref="fl-11"/>
      </object_component>
      <object_component id="oc-1ab">
         <name>.debug_info</name>
         <load_address>0xee9c</load_address>
         <run_address>0xee9c</run_address>
         <size>0x17a</size>
         <input_file_ref idref="fl-11"/>
      </object_component>
      <object_component id="oc-15d">
         <name>.debug_info</name>
         <load_address>0xf016</load_address>
         <run_address>0xf016</run_address>
         <size>0x6a6</size>
         <input_file_ref idref="fl-11"/>
      </object_component>
      <object_component id="oc-162">
         <name>.debug_info</name>
         <load_address>0xf6bc</load_address>
         <run_address>0xf6bc</run_address>
         <size>0x13e</size>
         <input_file_ref idref="fl-11"/>
      </object_component>
      <object_component id="oc-2b6">
         <name>.debug_info</name>
         <load_address>0xf7fa</load_address>
         <run_address>0xf7fa</run_address>
         <size>0x1c5</size>
         <input_file_ref idref="fl-12"/>
      </object_component>
      <object_component id="oc-1e7">
         <name>.debug_info</name>
         <load_address>0xf9bf</load_address>
         <run_address>0xf9bf</run_address>
         <size>0x30c</size>
         <input_file_ref idref="fl-12"/>
      </object_component>
      <object_component id="oc-24c">
         <name>.debug_info</name>
         <load_address>0xfccb</load_address>
         <run_address>0xfccb</run_address>
         <size>0x37f</size>
         <input_file_ref idref="fl-12"/>
      </object_component>
      <object_component id="oc-1dc">
         <name>.debug_info</name>
         <load_address>0x1004a</load_address>
         <run_address>0x1004a</run_address>
         <size>0xe1</size>
         <input_file_ref idref="fl-12"/>
      </object_component>
      <object_component id="oc-4c">
         <name>.debug_info</name>
         <load_address>0x1012b</load_address>
         <run_address>0x1012b</run_address>
         <size>0x84</size>
         <input_file_ref idref="fl-12"/>
      </object_component>
      <object_component id="oc-33c">
         <name>.debug_info</name>
         <load_address>0x101af</load_address>
         <run_address>0x101af</run_address>
         <size>0xcc</size>
         <input_file_ref idref="fl-12"/>
      </object_component>
      <object_component id="oc-1e1">
         <name>.debug_info</name>
         <load_address>0x1027b</load_address>
         <run_address>0x1027b</run_address>
         <size>0x2c</size>
         <input_file_ref idref="fl-12"/>
      </object_component>
      <object_component id="oc-247">
         <name>.debug_info</name>
         <load_address>0x102a7</load_address>
         <run_address>0x102a7</run_address>
         <size>0x14c</size>
         <input_file_ref idref="fl-12"/>
      </object_component>
      <object_component id="oc-2b5">
         <name>.debug_info</name>
         <load_address>0x103f3</load_address>
         <run_address>0x103f3</run_address>
         <size>0x66a</size>
         <input_file_ref idref="fl-13"/>
      </object_component>
      <object_component id="oc-1d6">
         <name>.debug_info</name>
         <load_address>0x10a5d</load_address>
         <run_address>0x10a5d</run_address>
         <size>0x1474</size>
         <input_file_ref idref="fl-13"/>
      </object_component>
      <object_component id="oc-221">
         <name>.debug_info</name>
         <load_address>0x11ed1</load_address>
         <run_address>0x11ed1</run_address>
         <size>0x110</size>
         <input_file_ref idref="fl-13"/>
      </object_component>
      <object_component id="oc-1f1">
         <name>.debug_info</name>
         <load_address>0x11fe1</load_address>
         <run_address>0x11fe1</run_address>
         <size>0x39</size>
         <input_file_ref idref="fl-13"/>
      </object_component>
      <object_component id="oc-2b9">
         <name>.debug_info</name>
         <load_address>0x1201a</load_address>
         <run_address>0x1201a</run_address>
         <size>0x46</size>
         <input_file_ref idref="fl-13"/>
      </object_component>
      <object_component id="oc-335">
         <name>.debug_info</name>
         <load_address>0x12060</load_address>
         <run_address>0x12060</run_address>
         <size>0x62</size>
         <input_file_ref idref="fl-13"/>
      </object_component>
      <object_component id="oc-220">
         <name>.debug_info</name>
         <load_address>0x120c2</load_address>
         <run_address>0x120c2</run_address>
         <size>0x417</size>
         <input_file_ref idref="fl-14"/>
      </object_component>
      <object_component id="oc-2db">
         <name>.debug_info</name>
         <load_address>0x124d9</load_address>
         <run_address>0x124d9</run_address>
         <size>0xd6</size>
         <input_file_ref idref="fl-14"/>
      </object_component>
      <object_component id="oc-21a">
         <name>.debug_info</name>
         <load_address>0x125af</load_address>
         <run_address>0x125af</run_address>
         <size>0xe8</size>
         <input_file_ref idref="fl-14"/>
      </object_component>
      <object_component id="oc-21d">
         <name>.debug_info</name>
         <load_address>0x12697</load_address>
         <run_address>0x12697</run_address>
         <size>0xd6</size>
         <input_file_ref idref="fl-14"/>
      </object_component>
      <object_component id="oc-217">
         <name>.debug_info</name>
         <load_address>0x1276d</load_address>
         <run_address>0x1276d</run_address>
         <size>0x18a</size>
         <input_file_ref idref="fl-14"/>
      </object_component>
      <object_component id="oc-10e">
         <name>.debug_info</name>
         <load_address>0x128f7</load_address>
         <run_address>0x128f7</run_address>
         <size>0x533</size>
         <input_file_ref idref="fl-14"/>
      </object_component>
      <object_component id="oc-211">
         <name>.debug_info</name>
         <load_address>0x12e2a</load_address>
         <run_address>0x12e2a</run_address>
         <size>0x2ad</size>
         <input_file_ref idref="fl-14"/>
      </object_component>
      <object_component id="oc-2e4">
         <name>.debug_info</name>
         <load_address>0x130d7</load_address>
         <run_address>0x130d7</run_address>
         <size>0x62</size>
         <input_file_ref idref="fl-14"/>
      </object_component>
      <object_component id="oc-2ee">
         <name>.debug_info</name>
         <load_address>0x13139</load_address>
         <run_address>0x13139</run_address>
         <size>0x34d</size>
         <input_file_ref idref="fl-15"/>
      </object_component>
      <object_component id="oc-229">
         <name>.debug_info</name>
         <load_address>0x13486</load_address>
         <run_address>0x13486</run_address>
         <size>0x4b4</size>
         <input_file_ref idref="fl-15"/>
      </object_component>
      <object_component id="oc-1e6">
         <name>.debug_info</name>
         <load_address>0x1393a</load_address>
         <run_address>0x1393a</run_address>
         <size>0xe19</size>
         <input_file_ref idref="fl-16"/>
      </object_component>
      <object_component id="oc-f6">
         <name>.debug_info</name>
         <load_address>0x14753</load_address>
         <run_address>0x14753</run_address>
         <size>0x3b0e</size>
         <input_file_ref idref="fl-16"/>
      </object_component>
      <object_component id="oc-1ec">
         <name>.debug_info</name>
         <load_address>0x18261</load_address>
         <run_address>0x18261</run_address>
         <size>0x46</size>
         <input_file_ref idref="fl-16"/>
      </object_component>
      <object_component id="oc-2f6">
         <name>.debug_info</name>
         <load_address>0x182a7</load_address>
         <run_address>0x182a7</run_address>
         <size>0x465</size>
         <input_file_ref idref="fl-17"/>
      </object_component>
      <object_component id="oc-149">
         <name>.debug_info</name>
         <load_address>0x1870c</load_address>
         <run_address>0x1870c</run_address>
         <size>0x124</size>
         <input_file_ref idref="fl-17"/>
      </object_component>
      <object_component id="oc-22f">
         <name>.debug_info</name>
         <load_address>0x18830</load_address>
         <run_address>0x18830</run_address>
         <size>0x5b8</size>
         <input_file_ref idref="fl-17"/>
      </object_component>
      <object_component id="oc-2f0">
         <name>.debug_info</name>
         <load_address>0x18de8</load_address>
         <run_address>0x18de8</run_address>
         <size>0x35d</size>
         <input_file_ref idref="fl-17"/>
      </object_component>
      <object_component id="oc-a0">
         <name>.debug_info</name>
         <load_address>0x19145</load_address>
         <run_address>0x19145</run_address>
         <size>0x4dd</size>
         <input_file_ref idref="fl-18"/>
      </object_component>
      <object_component id="oc-2b3">
         <name>.debug_info</name>
         <load_address>0x19622</load_address>
         <run_address>0x19622</run_address>
         <size>0x6f0</size>
         <input_file_ref idref="fl-19"/>
      </object_component>
      <object_component id="oc-1d0">
         <name>.debug_info</name>
         <load_address>0x19d12</load_address>
         <run_address>0x19d12</run_address>
         <size>0x23de</size>
         <input_file_ref idref="fl-19"/>
      </object_component>
      <object_component id="oc-32e">
         <name>.debug_info</name>
         <load_address>0x1c0f0</load_address>
         <run_address>0x1c0f0</run_address>
         <size>0x155</size>
         <input_file_ref idref="fl-19"/>
      </object_component>
      <object_component id="oc-238">
         <name>.debug_info</name>
         <load_address>0x1c245</load_address>
         <run_address>0x1c245</run_address>
         <size>0x89f</size>
         <input_file_ref idref="fl-1a"/>
      </object_component>
      <object_component id="oc-146">
         <name>.debug_info</name>
         <load_address>0x1cae4</load_address>
         <run_address>0x1cae4</run_address>
         <size>0x347</size>
         <input_file_ref idref="fl-1a"/>
      </object_component>
      <object_component id="oc-235">
         <name>.debug_info</name>
         <load_address>0x1ce2b</load_address>
         <run_address>0x1ce2b</run_address>
         <size>0x273</size>
         <input_file_ref idref="fl-1a"/>
      </object_component>
      <object_component id="oc-11a">
         <name>.debug_info</name>
         <load_address>0x1d09e</load_address>
         <run_address>0x1d09e</run_address>
         <size>0x4b17</size>
         <input_file_ref idref="fl-1a"/>
      </object_component>
      <object_component id="oc-1ca">
         <name>.debug_info</name>
         <load_address>0x21bb5</load_address>
         <run_address>0x21bb5</run_address>
         <size>0x402</size>
         <input_file_ref idref="fl-1a"/>
      </object_component>
      <object_component id="oc-2fb">
         <name>.debug_info</name>
         <load_address>0x21fb7</load_address>
         <run_address>0x21fb7</run_address>
         <size>0x14e</size>
         <input_file_ref idref="fl-1a"/>
      </object_component>
      <object_component id="oc-176">
         <name>.debug_info</name>
         <load_address>0x22105</load_address>
         <run_address>0x22105</run_address>
         <size>0x268</size>
         <input_file_ref idref="fl-1c"/>
      </object_component>
      <object_component id="oc-d2">
         <name>.debug_info</name>
         <load_address>0x2236d</load_address>
         <run_address>0x2236d</run_address>
         <size>0x1e3</size>
         <input_file_ref idref="fl-1c"/>
      </object_component>
      <object_component id="oc-2c8">
         <name>.debug_info</name>
         <load_address>0x22550</load_address>
         <run_address>0x22550</run_address>
         <size>0x31d</size>
         <input_file_ref idref="fl-1d"/>
      </object_component>
      <object_component id="oc-2c5">
         <name>.debug_info</name>
         <load_address>0x2286d</load_address>
         <run_address>0x2286d</run_address>
         <size>0xe4</size>
         <input_file_ref idref="fl-1d"/>
      </object_component>
      <object_component id="oc-1f7">
         <name>.debug_info</name>
         <load_address>0x22951</load_address>
         <run_address>0x22951</run_address>
         <size>0xc2e</size>
         <input_file_ref idref="fl-1d"/>
      </object_component>
      <object_component id="oc-34c">
         <name>.debug_info</name>
         <load_address>0x2357f</load_address>
         <run_address>0x2357f</run_address>
         <size>0x91</size>
         <input_file_ref idref="fl-1d"/>
      </object_component>
      <object_component id="oc-6a">
         <name>.debug_info</name>
         <load_address>0x23610</load_address>
         <run_address>0x23610</run_address>
         <size>0x7f1</size>
         <input_file_ref idref="fl-1f"/>
      </object_component>
      <object_component id="oc-30">
         <name>.debug_info</name>
         <load_address>0x23e01</load_address>
         <run_address>0x23e01</run_address>
         <size>0x104</size>
         <input_file_ref idref="fl-21"/>
      </object_component>
      <object_component id="oc-123">
         <name>.debug_info</name>
         <load_address>0x23f05</load_address>
         <run_address>0x23f05</run_address>
         <size>0x7a1</size>
         <input_file_ref idref="fl-22"/>
      </object_component>
      <object_component id="oc-120">
         <name>.debug_info</name>
         <load_address>0x246a6</load_address>
         <run_address>0x246a6</run_address>
         <size>0xec</size>
         <input_file_ref idref="fl-22"/>
      </object_component>
      <object_component id="oc-87">
         <name>.debug_info</name>
         <load_address>0x24792</load_address>
         <run_address>0x24792</run_address>
         <size>0x885</size>
         <input_file_ref idref="fl-22"/>
      </object_component>
      <object_component id="oc-23d">
         <name>.debug_info</name>
         <load_address>0x25017</load_address>
         <run_address>0x25017</run_address>
         <size>0x62</size>
         <input_file_ref idref="fl-22"/>
      </object_component>
      <object_component id="oc-2a4">
         <name>.debug_info</name>
         <load_address>0x25079</load_address>
         <run_address>0x25079</run_address>
         <size>0x287</size>
         <input_file_ref idref="fl-24"/>
      </object_component>
      <object_component id="oc-327">
         <name>.debug_info</name>
         <load_address>0x25300</load_address>
         <run_address>0x25300</run_address>
         <size>0x242</size>
         <input_file_ref idref="fl-24"/>
      </object_component>
      <object_component id="oc-1a1">
         <name>.debug_info</name>
         <load_address>0x25542</load_address>
         <run_address>0x25542</run_address>
         <size>0x2af</size>
         <input_file_ref idref="fl-24"/>
      </object_component>
      <object_component id="oc-35">
         <name>.debug_info</name>
         <load_address>0x257f1</load_address>
         <run_address>0x257f1</run_address>
         <size>0x136</size>
         <input_file_ref idref="fl-25"/>
      </object_component>
      <object_component id="oc-da">
         <name>.debug_info</name>
         <load_address>0x25927</load_address>
         <run_address>0x25927</run_address>
         <size>0x363</size>
         <input_file_ref idref="fl-27"/>
      </object_component>
      <object_component id="oc-df">
         <name>.debug_info</name>
         <load_address>0x25c8a</load_address>
         <run_address>0x25c8a</run_address>
         <size>0x657</size>
         <input_file_ref idref="fl-28"/>
      </object_component>
      <object_component id="oc-75">
         <name>.debug_info</name>
         <load_address>0x262e1</load_address>
         <run_address>0x262e1</run_address>
         <size>0x2e88</size>
         <input_file_ref idref="fl-28"/>
      </object_component>
      <object_component id="oc-21">
         <name>.debug_info</name>
         <load_address>0x29169</load_address>
         <run_address>0x29169</run_address>
         <size>0x5a1</size>
         <input_file_ref idref="fl-29"/>
      </object_component>
      <object_component id="oc-a6">
         <name>.debug_info</name>
         <load_address>0x2970a</load_address>
         <run_address>0x2970a</run_address>
         <size>0x48f</size>
         <input_file_ref idref="fl-2a"/>
      </object_component>
      <object_component id="oc-2d">
         <name>.debug_info</name>
         <load_address>0x29b99</load_address>
         <run_address>0x29b99</run_address>
         <size>0xde</size>
         <input_file_ref idref="fl-2a"/>
      </object_component>
      <object_component id="oc-3c">
         <name>.debug_info</name>
         <load_address>0x29c77</load_address>
         <run_address>0x29c77</run_address>
         <size>0x470</size>
         <input_file_ref idref="fl-2a"/>
      </object_component>
      <object_component id="oc-41">
         <name>.debug_info</name>
         <load_address>0x2a0e7</load_address>
         <run_address>0x2a0e7</run_address>
         <size>0x1f9</size>
         <input_file_ref idref="fl-2a"/>
      </object_component>
      <object_component id="oc-16c">
         <name>.debug_info</name>
         <load_address>0x2a2e0</load_address>
         <run_address>0x2a2e0</run_address>
         <size>0x4f</size>
         <input_file_ref idref="fl-2a"/>
      </object_component>
      <object_component id="oc-d8">
         <name>.debug_info</name>
         <load_address>0x2a32f</load_address>
         <run_address>0x2a32f</run_address>
         <size>0x504</size>
         <input_file_ref idref="fl-2b"/>
      </object_component>
      <object_component id="oc-6f">
         <name>.debug_info</name>
         <load_address>0x2a833</load_address>
         <run_address>0x2a833</run_address>
         <size>0x72f</size>
         <input_file_ref idref="fl-2b"/>
      </object_component>
      <object_component id="oc-f4">
         <name>.debug_info</name>
         <load_address>0x2af62</load_address>
         <run_address>0x2af62</run_address>
         <size>0x483</size>
         <input_file_ref idref="fl-30"/>
      </object_component>
      <object_component id="oc-84">
         <name>.debug_info</name>
         <load_address>0x2b3e5</load_address>
         <run_address>0x2b3e5</run_address>
         <size>0x190</size>
         <input_file_ref idref="fl-30"/>
      </object_component>
      <object_component id="oc-1bf">
         <name>.debug_info</name>
         <load_address>0x2b575</load_address>
         <run_address>0x2b575</run_address>
         <size>0x39</size>
         <input_file_ref idref="fl-30"/>
      </object_component>
      <object_component id="oc-2ac">
         <name>.debug_info</name>
         <load_address>0x2b5ae</load_address>
         <run_address>0x2b5ae</run_address>
         <size>0x39</size>
         <input_file_ref idref="fl-30"/>
      </object_component>
      <object_component id="oc-1c4">
         <name>.debug_info</name>
         <load_address>0x2b5e7</load_address>
         <run_address>0x2b5e7</run_address>
         <size>0xcd</size>
         <input_file_ref idref="fl-30"/>
      </object_component>
      <object_component id="oc-bf">
         <name>.debug_info</name>
         <load_address>0x2b6b4</load_address>
         <run_address>0x2b6b4</run_address>
         <size>0x293</size>
         <input_file_ref idref="fl-31"/>
      </object_component>
      <object_component id="oc-10">
         <name>.debug_info</name>
         <load_address>0x2b947</load_address>
         <run_address>0x2b947</run_address>
         <size>0x245</size>
         <input_file_ref idref="fl-31"/>
      </object_component>
      <object_component id="oc-47">
         <name>.debug_info</name>
         <load_address>0x2bb8c</load_address>
         <run_address>0x2bb8c</run_address>
         <size>0x60</size>
         <input_file_ref idref="fl-31"/>
      </object_component>
      <object_component id="oc-ba">
         <name>.debug_info</name>
         <load_address>0x2bbec</load_address>
         <run_address>0x2bbec</run_address>
         <size>0x46</size>
         <input_file_ref idref="fl-31"/>
      </object_component>
      <object_component id="oc-5c">
         <name>.debug_info</name>
         <load_address>0x2bc32</load_address>
         <run_address>0x2bc32</run_address>
         <size>0x2d5</size>
         <input_file_ref idref="fl-32"/>
      </object_component>
      <object_component id="oc-16">
         <name>.debug_info</name>
         <load_address>0x2bf07</load_address>
         <run_address>0x2bf07</run_address>
         <size>0x1ca</size>
         <input_file_ref idref="fl-32"/>
      </object_component>
      <object_component id="oc-57">
         <name>.debug_info</name>
         <load_address>0x2c0d1</load_address>
         <run_address>0x2c0d1</run_address>
         <size>0x46</size>
         <input_file_ref idref="fl-32"/>
      </object_component>
      <object_component id="oc-c1">
         <name>.debug_info</name>
         <load_address>0x2c117</load_address>
         <run_address>0x2c117</run_address>
         <size>0x2c</size>
         <input_file_ref idref="fl-32"/>
      </object_component>
      <object_component id="oc-68">
         <name>.debug_info</name>
         <load_address>0x2c143</load_address>
         <run_address>0x2c143</run_address>
         <size>0x2c9</size>
         <input_file_ref idref="fl-33"/>
      </object_component>
      <object_component id="oc-1c">
         <name>.debug_info</name>
         <load_address>0x2c40c</load_address>
         <run_address>0x2c40c</run_address>
         <size>0x1aa</size>
         <input_file_ref idref="fl-33"/>
      </object_component>
      <object_component id="oc-63">
         <name>.debug_info</name>
         <load_address>0x2c5b6</load_address>
         <run_address>0x2c5b6</run_address>
         <size>0x46</size>
         <input_file_ref idref="fl-33"/>
      </object_component>
      <object_component id="oc-1bb">
         <name>.debug_info</name>
         <load_address>0x2c5fc</load_address>
         <run_address>0x2c5fc</run_address>
         <size>0x37a</size>
         <input_file_ref idref="fl-34"/>
      </object_component>
      <object_component id="oc-eb">
         <name>.debug_info</name>
         <load_address>0x2c976</load_address>
         <run_address>0x2c976</run_address>
         <size>0x183</size>
         <input_file_ref idref="fl-34"/>
      </object_component>
      <object_component id="oc-2a7">
         <name>.debug_info</name>
         <load_address>0x2caf9</load_address>
         <run_address>0x2caf9</run_address>
         <size>0x2c</size>
         <input_file_ref idref="fl-34"/>
      </object_component>
      <object_component id="oc-137">
         <name>.debug_info</name>
         <load_address>0x2cb25</load_address>
         <run_address>0x2cb25</run_address>
         <size>0x3ce</size>
         <input_file_ref idref="fl-35"/>
      </object_component>
      <object_component id="oc-131">
         <name>.debug_info</name>
         <load_address>0x2cef3</load_address>
         <run_address>0x2cef3</run_address>
         <size>0x185</size>
         <input_file_ref idref="fl-35"/>
      </object_component>
      <object_component id="oc-8f">
         <name>.debug_info</name>
         <load_address>0x2d078</load_address>
         <run_address>0x2d078</run_address>
         <size>0x214</size>
         <input_file_ref idref="fl-35"/>
      </object_component>
      <object_component id="oc-227">
         <name>.debug_info</name>
         <load_address>0x2d28c</load_address>
         <run_address>0x2d28c</run_address>
         <size>0x2e6</size>
         <input_file_ref idref="fl-36"/>
      </object_component>
      <object_component id="oc-116">
         <name>.debug_info</name>
         <load_address>0x2d572</load_address>
         <run_address>0x2d572</run_address>
         <size>0x1c2</size>
         <input_file_ref idref="fl-36"/>
      </object_component>
      <object_component id="oc-53">
         <name>.debug_info</name>
         <load_address>0x2d734</load_address>
         <run_address>0x2d734</run_address>
         <size>0x111</size>
         <input_file_ref idref="fl-37"/>
      </object_component>
      <object_component id="oc-5e">
         <name>.debug_info</name>
         <load_address>0x2d845</load_address>
         <run_address>0x2d845</run_address>
         <size>0x13f</size>
         <input_file_ref idref="fl-38"/>
      </object_component>
      <object_component id="oc-347">
         <name>.debug_info</name>
         <load_address>0x2d984</load_address>
         <run_address>0x2d984</run_address>
         <size>0x2ce</size>
         <input_file_ref idref="fl-39"/>
      </object_component>
      <object_component id="oc-2c1">
         <name>.debug_info</name>
         <load_address>0x2dc52</load_address>
         <run_address>0x2dc52</run_address>
         <size>0x195</size>
         <input_file_ref idref="fl-39"/>
      </object_component>
      <object_component id="oc-342">
         <name>.debug_info</name>
         <load_address>0x2dde7</load_address>
         <run_address>0x2dde7</run_address>
         <size>0x39</size>
         <input_file_ref idref="fl-39"/>
      </object_component>
      <object_component id="oc-f1">
         <name>.debug_info</name>
         <load_address>0x2de20</load_address>
         <run_address>0x2de20</run_address>
         <size>0x145</size>
         <input_file_ref idref="fl-3a"/>
      </object_component>
      <object_component id="oc-20f">
         <name>.debug_info</name>
         <load_address>0x2df65</load_address>
         <run_address>0x2df65</run_address>
         <size>0x28a</size>
         <input_file_ref idref="fl-3b"/>
      </object_component>
      <object_component id="oc-108">
         <name>.debug_info</name>
         <load_address>0x2e1ef</load_address>
         <run_address>0x2e1ef</run_address>
         <size>0x231</size>
         <input_file_ref idref="fl-3b"/>
      </object_component>
      <object_component id="oc-2ca">
         <name>.debug_info</name>
         <load_address>0x2e420</load_address>
         <run_address>0x2e420</run_address>
         <size>0x284</size>
         <input_file_ref idref="fl-3c"/>
      </object_component>
      <object_component id="oc-1ff">
         <name>.debug_info</name>
         <load_address>0x2e6a4</load_address>
         <run_address>0x2e6a4</run_address>
         <size>0x22a</size>
         <input_file_ref idref="fl-3c"/>
      </object_component>
      <object_component id="oc-25b">
         <name>.debug_info</name>
         <load_address>0x2e8ce</load_address>
         <run_address>0x2e8ce</run_address>
         <size>0x2be</size>
         <input_file_ref idref="fl-3e"/>
      </object_component>
      <object_component id="oc-134">
         <name>.debug_info</name>
         <load_address>0x2eb8c</load_address>
         <run_address>0x2eb8c</run_address>
         <size>0x113</size>
         <input_file_ref idref="fl-3e"/>
      </object_component>
      <object_component id="oc-254">
         <name>.debug_info</name>
         <load_address>0x2ec9f</load_address>
         <run_address>0x2ec9f</run_address>
         <size>0x21f</size>
         <input_file_ref idref="fl-3e"/>
      </object_component>
      <object_component id="oc-3af">
         <name>.debug_info</name>
         <load_address>0x2eebe</load_address>
         <run_address>0x2eebe</run_address>
         <size>0xa3</size>
      </object_component>
      <object_component id="oc-2ce">
         <name>.debug_line</name>
         <load_address>0x0</load_address>
         <run_address>0x0</run_address>
         <size>0xbf</size>
         <input_file_ref idref="fl-2"/>
      </object_component>
      <object_component id="oc-2d0">
         <name>.debug_line</name>
         <load_address>0xbf</load_address>
         <run_address>0xbf</run_address>
         <size>0x3a</size>
         <input_file_ref idref="fl-2"/>
      </object_component>
      <object_component id="oc-2cc">
         <name>.debug_line</name>
         <load_address>0xf9</load_address>
         <run_address>0xf9</run_address>
         <size>0x3a</size>
         <input_file_ref idref="fl-2"/>
      </object_component>
      <object_component id="oc-ff">
         <name>.debug_line</name>
         <load_address>0x133</load_address>
         <run_address>0x133</run_address>
         <size>0xe8</size>
         <input_file_ref idref="fl-2"/>
      </object_component>
      <object_component id="oc-9d">
         <name>.debug_line</name>
         <load_address>0x21b</load_address>
         <run_address>0x21b</run_address>
         <size>0x69</size>
         <input_file_ref idref="fl-2"/>
      </object_component>
      <object_component id="oc-12e">
         <name>.debug_line</name>
         <load_address>0x284</load_address>
         <run_address>0x284</run_address>
         <size>0x20</size>
         <input_file_ref idref="fl-2"/>
      </object_component>
      <object_component id="oc-143">
         <name>.debug_line</name>
         <load_address>0x2a4</load_address>
         <run_address>0x2a4</run_address>
         <size>0x65</size>
         <input_file_ref idref="fl-2"/>
      </object_component>
      <object_component id="oc-cc">
         <name>.debug_line</name>
         <load_address>0x309</load_address>
         <run_address>0x309</run_address>
         <size>0x65</size>
         <input_file_ref idref="fl-2"/>
      </object_component>
      <object_component id="oc-b7">
         <name>.debug_line</name>
         <load_address>0x36e</load_address>
         <run_address>0x36e</run_address>
         <size>0x67</size>
         <input_file_ref idref="fl-2"/>
      </object_component>
      <object_component id="oc-15b">
         <name>.debug_line</name>
         <load_address>0x3d5</load_address>
         <run_address>0x3d5</run_address>
         <size>0x64</size>
         <input_file_ref idref="fl-2"/>
      </object_component>
      <object_component id="oc-245">
         <name>.debug_line</name>
         <load_address>0x439</load_address>
         <run_address>0x439</run_address>
         <size>0x64</size>
         <input_file_ref idref="fl-2"/>
      </object_component>
      <object_component id="oc-354">
         <name>.debug_line</name>
         <load_address>0x49d</load_address>
         <run_address>0x49d</run_address>
         <size>0x60</size>
         <input_file_ref idref="fl-2"/>
      </object_component>
      <object_component id="oc-293">
         <name>.debug_line</name>
         <load_address>0x4fd</load_address>
         <run_address>0x4fd</run_address>
         <size>0x20</size>
         <input_file_ref idref="fl-3"/>
      </object_component>
      <object_component id="oc-17c">
         <name>.debug_line</name>
         <load_address>0x51d</load_address>
         <run_address>0x51d</run_address>
         <size>0x64</size>
         <input_file_ref idref="fl-3"/>
      </object_component>
      <object_component id="oc-b2">
         <name>.debug_line</name>
         <load_address>0x581</load_address>
         <run_address>0x581</run_address>
         <size>0x64</size>
         <input_file_ref idref="fl-3"/>
      </object_component>
      <object_component id="oc-297">
         <name>.debug_line</name>
         <load_address>0x5e5</load_address>
         <run_address>0x5e5</run_address>
         <size>0x60</size>
         <input_file_ref idref="fl-3"/>
      </object_component>
      <object_component id="oc-16a">
         <name>.debug_line</name>
         <load_address>0x645</load_address>
         <run_address>0x645</run_address>
         <size>0x64</size>
         <input_file_ref idref="fl-3"/>
      </object_component>
      <object_component id="oc-311">
         <name>.debug_line</name>
         <load_address>0x6a9</load_address>
         <run_address>0x6a9</run_address>
         <size>0x20</size>
         <input_file_ref idref="fl-4"/>
      </object_component>
      <object_component id="oc-18b">
         <name>.debug_line</name>
         <load_address>0x6c9</load_address>
         <run_address>0x6c9</run_address>
         <size>0x64</size>
         <input_file_ref idref="fl-4"/>
      </object_component>
      <object_component id="oc-315">
         <name>.debug_line</name>
         <load_address>0x72d</load_address>
         <run_address>0x72d</run_address>
         <size>0x60</size>
         <input_file_ref idref="fl-4"/>
      </object_component>
      <object_component id="oc-360">
         <name>.debug_line</name>
         <load_address>0x78d</load_address>
         <run_address>0x78d</run_address>
         <size>0x20</size>
         <input_file_ref idref="fl-5"/>
      </object_component>
      <object_component id="oc-269">
         <name>.debug_line</name>
         <load_address>0x7ad</load_address>
         <run_address>0x7ad</run_address>
         <size>0x64</size>
         <input_file_ref idref="fl-5"/>
      </object_component>
      <object_component id="oc-364">
         <name>.debug_line</name>
         <load_address>0x811</load_address>
[...]
         <name>xTP4</name>
         <value>0x8003094</value>
      </symbol>
      <symbol id="sm-8d6">
         <name>UARTEcho</name>
         <value>0xe400</value>
         <object_component_ref idref="oc-86"/>
      </symbol>
      <symbol id="sm-8d7">
         <name>vTask2</name>
         <value>0xe308</value>
         <object_component_ref idref="oc-86"/>
      </symbol>
      <symbol id="sm-8d8">
         <name>vTask1</name>
         <value>0xe274</value>
         <object_component_ref idref="oc-86"/>
      </symbol>
      <symbol id="sm-8d9">
         <name>vApplicationIdleHook</name>
         <value>0xe468</value>
         <object_component_ref idref="oc-86"/>
      </symbol>
      <symbol id="sm-8da">
         <name>main</name>
         <value>0xe47c</value>
         <object_component_ref idref="oc-86"/>
      </symbol>
      <symbol id="sm-8db">
         <name>UART_Task</name>
         <value>0xe3b8</value>
         <object_component_ref idref="oc-86"/>
      </symbol>
      <symbol id="sm-8dc">
         <name>ulIdleCycleCount</name>
         <value>0x80030e8</value>
         <object_component_ref idref="oc-11f"/>
      </symbol>
      <symbol id="sm-8f5">
         <name>phantomInterrupt</name>
         <value>0x106cc</value>
         <object_component_ref idref="oc-34"/>
      </symbol>
      <symbol id="sm-8ff">
         <name>_pmuResetCounters_</name>
         <value>0x10338</value>
         <object_component_ref idref="oc-d9"/>
      </symbol>
      <symbol id="sm-900">
         <name>_pmuGetEventCount_</name>
         <value>0x1036c</value>
         <object_component_ref idref="oc-d9"/>
      </symbol>
      <symbol id="sm-901">
         <name>_pmuResetEventCounters_</name>
         <value>0x10328</value>
         <object_component_ref idref="oc-d9"/>
      </symbol>
      <symbol id="sm-902">
         <name>_pmuStopCounters_</name>
         <value>0x10350</value>
         <object_component_ref idref="oc-d9"/>
      </symbol>
      <symbol id="sm-903">
         <name>_pmuInit_</name>
         <value>0x102ac</value>
         <object_component_ref idref="oc-d9"/>
      </symbol>
      <symbol id="sm-904">
         <name>_pmuGetOverflow_</name>
         <value>0x10378</value>
         <object_component_ref idref="oc-d9"/>
      </symbol>
      <symbol id="sm-905">
         <name>_pmuResetCycleCounter_</name>
         <value>0x10318</value>
         <object_component_ref idref="oc-d9"/>
      </symbol>
      <symbol id="sm-906">
         <name>_pmuSetCountEvent_</name>
         <value>0x10358</value>
         <object_component_ref idref="oc-d9"/>
      </symbol>
      <symbol id="sm-907">
         <name>_pmuGetCycleCount_</name>
         <value>0x10364</value>
         <object_component_ref idref="oc-d9"/>
      </symbol>
      <symbol id="sm-908">
         <name>_pmuEnableCountersGlobal_</name>
         <value>0x102f8</value>
         <object_component_ref idref="oc-d9"/>
      </symbol>
      <symbol id="sm-909">
         <name>_pmuDisableCountersGlobal_</name>
         <value>0x10308</value>
         <object_component_ref idref="oc-d9"/>
      </symbol>
      <symbol id="sm-90a">
         <name>_pmuStartCounters_</name>
         <value>0x10348</value>
         <object_component_ref idref="oc-d9"/>
      </symbol>
      <symbol id="sm-aca">
         <name>pbistSelfCheck</name>
         <value>0x82cc</value>
         <object_component_ref idref="oc-74"/>
      </symbol>
      <symbol id="sm-acb">
         <name>fmcBus1ParityCheck</name>
         <value>0xa2c4</value>
         <object_component_ref idref="oc-74"/>
      </symbol>
      <symbol id="sm-acc">
         <name>can1ParityCheck</name>
         <value>0x9410</value>
         <object_component_ref idref="oc-74"/>
      </symbol>
      <symbol id="sm-acd">
         <name>enableParity</name>
         <value>0xaad0</value>
         <object_component_ref idref="oc-74"/>
      </symbol>
      <symbol id="sm-ace">
         <name>dmaParityCheck</name>
         <value>0x8eac</value>
         <object_component_ref idref="oc-74"/>
      </symbol>
      <symbol id="sm-acf">
         <name>custom_dabort</name>
         <value>0x8df4</value>
         <object_component_ref idref="oc-74"/>
      </symbol>
      <symbol id="sm-ad0">
         <name>memoryInit</name>
         <value>0x8174</value>
         <object_component_ref idref="oc-74"/>
      </symbol>
      <symbol id="sm-ad1">
         <name>stcSelfCheck</name>
         <value>0x81b8</value>
         <object_component_ref idref="oc-74"/>
      </symbol>
      <symbol id="sm-ad2">
         <name>efcGetConfigValue</name>
         <value>0xa660</value>
         <object_component_ref idref="oc-74"/>
      </symbol>
      <symbol id="sm-ad3">
         <name>can2ParityCheck</name>
         <value>0x94e8</value>
         <object_component_ref idref="oc-74"/>
      </symbol>
      <symbol id="sm-ad4">
         <name>het1ParityCheck</name>
         <value>0x8f58</value>
         <object_component_ref idref="oc-74"/>
      </symbol>
      <symbol id="sm-ad5">
         <name>adc1ParityCheck</name>
         <value>0x926c</value>
         <object_component_ref idref="oc-74"/>
      </symbol>
      <symbol id="sm-ad6">
         <name>checkefcSelfTest</name>
         <value>0x87bc</value>
         <object_component_ref idref="oc-74"/>
      </symbol>
      <symbol id="sm-ad7">
         <name>checkRAMECC</name>
         <value>0x99d0</value>
         <object_component_ref idref="oc-74"/>
      </symbol>
      <symbol id="sm-ad8">
         <name>stcSelfCheckFail</name>
         <value>0x8df8</value>
         <object_component_ref idref="oc-74"/>
      </symbol>
      <symbol id="sm-ad9">
         <name>ccmSelfCheck</name>
         <value>0x8030</value>
         <object_component_ref idref="oc-74"/>
      </symbol>
      <symbol id="sm-ada">
         <name>efcCheck</name>
         <value>0x8660</value>
         <object_component_ref idref="oc-74"/>
      </symbol>
      <symbol id="sm-adb">
         <name>het2ParityCheck</name>
         <value>0x90c0</value>
         <object_component_ref idref="oc-74"/>
      </symbol>
      <symbol id="sm-adc">
         <name>adc2ParityCheck</name>
         <value>0x9358</value>
         <object_component_ref idref="oc-74"/>
      </symbol>
      <symbol id="sm-add">
         <name>cpuSelfTest</name>
         <value>0x8234</value>
         <object_component_ref idref="oc-74"/>
      </symbol>
      <symbol id="sm-ade">
         <name>htu1ParityCheck</name>
         <value>0x9004</value>
         <object_component_ref idref="oc-74"/>
      </symbol>
      <symbol id="sm-adf">
         <name>checkFlashECC</name>
         <value>0x8d18</value>
         <object_component_ref idref="oc-74"/>
      </symbol>
      <symbol id="sm-ae0">
         <name>cpuSelfTestFail</name>
         <value>0x8dfc</value>
         <object_component_ref idref="oc-74"/>
      </symbol>
      <symbol id="sm-ae1">
         <name>checkPLL1Slip</name>
         <value>0x9e8c</value>
         <object_component_ref idref="oc-74"/>
      </symbol>
      <symbol id="sm-ae2">
         <name>mibspi1ParityCheck</name>
         <value>0x9684</value>
         <object_component_ref idref="oc-74"/>
      </symbol>
      <symbol id="sm-ae3">
         <name>ccmr4GetConfigValue</name>
         <value>0xa6fc</value>
         <object_component_ref idref="oc-74"/>
      </symbol>
      <symbol id="sm-ae4">
         <name>htu2ParityCheck</name>
         <value>0x91bc</value>
         <object_component_ref idref="oc-74"/>
      </symbol>
      <symbol id="sm-ae5">
         <name>pbistPortTestStatus</name>
         <value>0x8608</value>
         <object_component_ref idref="oc-74"/>
      </symbol>
      <symbol id="sm-ae6">
         <name>checkFlashEEPROMECC</name>
         <value>0x9cf4</value>
         <object_component_ref idref="oc-74"/>
      </symbol>
      <symbol id="sm-ae7">
         <name>pbistGetConfigValue</name>
         <value>0xa470</value>
         <object_component_ref idref="oc-74"/>
      </symbol>
      <symbol id="sm-ae8">
         <name>vimParityCheck</name>
         <value>0x8e00</value>
         <object_component_ref idref="oc-74"/>
      </symbol>
      <symbol id="sm-ae9">
         <name>pbistIsTestCompleted</name>
         <value>0x85a8</value>
         <object_component_ref idref="oc-74"/>
      </symbol>
      <symbol id="sm-aea">
         <name>disableParity</name>
         <value>0xab58</value>
         <object_component_ref idref="oc-74"/>
      </symbol>
      <symbol id="sm-aeb">
         <name>pbistRun</name>
         <value>0x84ac</value>
         <object_component_ref idref="oc-74"/>
      </symbol>
      <symbol id="sm-aec">
         <name>pbistFail</name>
         <value>0xa3ec</value>
         <object_component_ref idref="oc-74"/>
      </symbol>
      <symbol id="sm-aed">
         <name>selftestFailNotification</name>
         <value>0x8020</value>
         <object_component_ref idref="oc-74"/>
      </symbol>
      <symbol id="sm-aee">
         <name>errata_PBIST_4</name>
         <value>0xa76c</value>
         <object_component_ref idref="oc-74"/>
      </symbol>
      <symbol id="sm-aef">
         <name>mibspi3ParityCheck</name>
         <value>0x978c</value>
         <object_component_ref idref="oc-74"/>
      </symbol>
      <symbol id="sm-af0">
         <name>efcSelfTest</name>
         <value>0x8794</value>
         <object_component_ref idref="oc-74"/>
      </symbol>
      <symbol id="sm-af1">
         <name>checkB1RAMECC</name>
         <value>0x8b28</value>
         <object_component_ref idref="oc-74"/>
      </symbol>
      <symbol id="sm-af2">
         <name>pbistStop</name>
         <value>0x8578</value>
         <object_component_ref idref="oc-74"/>
      </symbol>
      <symbol id="sm-af3">
         <name>can3ParityCheck</name>
         <value>0x95b0</value>
         <object_component_ref idref="oc-74"/>
      </symbol>
      <symbol id="sm-af4">
         <name>checkRAMAddrParity</name>
         <value>0xa050</value>
         <object_component_ref idref="oc-74"/>
      </symbol>
      <symbol id="sm-af5">
         <name>mibspi5ParityCheck</name>
         <value>0x98b0</value>
         <object_component_ref idref="oc-74"/>
      </symbol>
      <symbol id="sm-af6">
         <name>checkB0RAMECC</name>
         <value>0x8938</value>
         <object_component_ref idref="oc-74"/>
      </symbol>
      <symbol id="sm-af7">
         <name>stcGetConfigValue</name>
         <value>0xa5bc</value>
         <object_component_ref idref="oc-74"/>
      </symbol>
      <symbol id="sm-af8">
         <name>pbistIsTestPassed</name>
         <value>0x85d4</value>
         <object_component_ref idref="oc-74"/>
      </symbol>
      <symbol id="sm-af9">
         <name>checkClockMonitor</name>
         <value>0x9c18</value>
         <object_component_ref idref="oc-74"/>
      </symbol>
      <symbol id="sm-afa">
         <name>fmcECCcheck</name>
         <value>0x8898</value>
         <object_component_ref idref="oc-74"/>
      </symbol>
      <symbol id="sm-afb">
         <name>fmcBus2Check</name>
         <value>0x885c</value>
         <object_component_ref idref="oc-74"/>
      </symbol>
      <symbol id="sm-afc">
         <name>checkRAMUERRTest</name>
         <value>0xa15c</value>
         <object_component_ref idref="oc-74"/>
      </symbol>
      <symbol id="sm-afd">
         <name>efcStuckZeroTest</name>
         <value>0x86e8</value>
         <object_component_ref idref="oc-74"/>
      </symbol>
      <symbol id="sm-afe">
         <name>checkPLL2Slip</name>
         <value>0x9f8c</value>
         <object_component_ref idref="oc-74"/>
      </symbol>
      <symbol id="sm-b26">
         <name>_c_int00</name>
         <value>0xf438</value>
         <object_component_ref idref="oc-20"/>
      </symbol>
      <symbol id="sm-bd6">
         <name>vimChannelMap</name>
         <value>0xb8f8</value>
         <object_component_ref idref="oc-3b"/>
      </symbol>
      <symbol id="sm-bd7">
         <name>vimInit</name>
         <value>0xb824</value>
         <object_component_ref idref="oc-3b"/>
      </symbol>
      <symbol id="sm-bd8">
         <name>vimEnableInterrupt</name>
         <value>0xb99c</value>
         <object_component_ref idref="oc-3b"/>
      </symbol>
      <symbol id="sm-bd9">
         <name>vimDisableInterrupt</name>
         <value>0xbb64</value>
         <object_component_ref idref="oc-3b"/>
      </symbol>
      <symbol id="sm-bda">
         <name>vimGetConfigValue</name>
         <value>0xbc10</value>
         <object_component_ref idref="oc-3b"/>
      </symbol>
      <symbol id="sm-bdb">
         <name>vimParityErrorHandler</name>
         <value>0xeee8</value>
         <object_component_ref idref="oc-3a"/>
      </symbol>
      <symbol id="sm-c35">
         <name>systemGetConfigValue</name>
         <value>0xb05c</value>
         <object_component_ref idref="oc-6e"/>
      </symbol>
      <symbol id="sm-c36">
         <name>trimLPO</name>
         <value>0xad5c</value>
         <object_component_ref idref="oc-6e"/>
      </symbol>
      <symbol id="sm-c37">
         <name>systemInit</name>
         <value>0xaf60</value>
         <object_component_ref idref="oc-6e"/>
      </symbol>
      <symbol id="sm-c38">
         <name>tcmflashGetConfigValue</name>
         <value>0xb470</value>
         <object_component_ref idref="oc-6e"/>
      </symbol>
      <symbol id="sm-c39">
         <name>sramGetConfigValue</name>
         <value>0xb61c</value>
         <object_component_ref idref="oc-6e"/>
      </symbol>
      <symbol id="sm-c3a">
         <name>periphInit</name>
         <value>0xade4</value>
         <object_component_ref idref="oc-6e"/>
      </symbol>
      <symbol id="sm-c3b">
         <name>setupFlash</name>
         <value>0xada4</value>
         <object_component_ref idref="oc-6e"/>
      </symbol>
      <symbol id="sm-c3c">
         <name>setupPLL</name>
         <value>0xacfc</value>
         <object_component_ref idref="oc-6e"/>
      </symbol>
      <symbol id="sm-c3d">
         <name>mapClocks</name>
         <value>0xae38</value>
         <object_component_ref idref="oc-6e"/>
      </symbol>
      <symbol id="sm-c3e">
         <name>systemPowerDown</name>
         <value>0xb02c</value>
         <object_component_ref idref="oc-6e"/>
      </symbol>
      <symbol id="sm-c68">
         <name>__TI_auto_init</name>
         <value>0x104a5</value>
         <object_component_ref idref="oc-80"/>
      </symbol>
      <symbol id="sm-c86">
         <name>__TI_decompress_lzss</name>
         <value>0x10515</value>
         <object_component_ref idref="oc-e"/>
      </symbol>
      <symbol id="sm-c9d">
         <name>__TI_decompress_none</name>
         <value>0x106b1</value>
         <object_component_ref idref="oc-14"/>
      </symbol>
      <symbol id="sm-caf">
         <name>__TI_zero_init</name>
         <value>0x106bf</value>
         <object_component_ref idref="oc-1a"/>
      </symbol>
      <symbol id="sm-cc9">
         <name>copy_in</name>
         <value>0x10625</value>
         <object_component_ref idref="oc-e7"/>
      </symbol>
      <symbol id="sm-cea">
         <name>C$$EXIT</name>
         <value>0x105d5</value>
         <object_component_ref idref="oc-8c"/>
      </symbol>
      <symbol id="sm-ceb">
         <name>abort</name>
         <value>0x105d9</value>
         <object_component_ref idref="oc-8c"/>
      </symbol>
      <symbol id="sm-cec">
         <name>exit</name>
         <value>0x105e1</value>
         <object_component_ref idref="oc-8c"/>
      </symbol>
      <symbol id="sm-ced">
         <name>__TI_dtors_ptr</name>
         <value>0x80030fc</value>
         <object_component_ref idref="oc-130"/>
      </symbol>
      <symbol id="sm-cee">
         <name>__TI_cleanup_ptr</name>
         <value>0x80030f8</value>
         <object_component_ref idref="oc-130"/>
      </symbol>
      <symbol id="sm-cef">
         <name>__TI_enable_exit_profile_output</name>
         <value>0x8003100</value>
         <object_component_ref idref="oc-130"/>
      </symbol>
      <symbol id="sm-cfe">
         <name>ltoa</name>
         <value>0x10581</value>
         <object_component_ref idref="oc-113"/>
      </symbol>
      <symbol id="sm-d19">
         <name>memcpy</name>
         <value>0x1038d</value>
         <object_component_ref idref="oc-51"/>
      </symbol>
      <symbol id="sm-d1a">
         <name>__aeabi_memcpy</name>
         <value>0x1038d</value>
         <object_component_ref idref="oc-51"/>
      </symbol>
      <symbol id="sm-d1b">
         <name>__aeabi_memcpy8</name>
         <value>0x1038d</value>
         <object_component_ref idref="oc-51"/>
      </symbol>
      <symbol id="sm-d1c">
         <name>__aeabi_memcpy4</name>
         <value>0x1038d</value>
         <object_component_ref idref="oc-51"/>
      </symbol>
      <symbol id="sm-d2b">
         <name>__aeabi_memset</name>
         <value>0x1042b</value>
         <object_component_ref idref="oc-5d"/>
      </symbol>
      <symbol id="sm-d2c">
         <name>memset</name>
         <value>0x10431</value>
         <object_component_ref idref="oc-5d"/>
      </symbol>
      <symbol id="sm-d2d">
         <name>__aeabi_memset8</name>
         <value>0x1042b</value>
         <object_component_ref idref="oc-5d"/>
      </symbol>
      <symbol id="sm-d2e">
         <name>__aeabi_memset4</name>
         <value>0x1042b</value>
         <object_component_ref idref="oc-5d"/>
      </symbol>
      <symbol id="sm-d2f">
         <name>__aeabi_memclr8</name>
         <value>0x10429</value>
         <object_component_ref idref="oc-5d"/>
      </symbol>
      <symbol id="sm-d30">
         <name>__aeabi_memclr4</name>
         <value>0x10429</value>
         <object_component_ref idref="oc-5d"/>
      </symbol>
      <symbol id="sm-d31">
         <name>__aeabi_memclr</name>
         <value>0x10429</value>
         <object_component_ref idref="oc-5d"/>
      </symbol>
      <symbol id="sm-d52">
         <name>floorl</name>
         <value>0x101cd</value>
         <object_component_ref idref="oc-2be"/>
      </symbol>
      <symbol id="sm-d53">
         <name>floor</name>
         <value>0x101cd</value>
         <object_component_ref idref="oc-2be"/>
      </symbol>
      <symbol id="sm-d5d">
         <name>_system_post_cinit</name>
         <value>0x104a3</value>
         <object_component_ref idref="oc-ed"/>
      </symbol>
      <symbol id="sm-d6b">
         <name>strcpy</name>
         <value>0x1069d</value>
         <object_component_ref idref="oc-107"/>
      </symbol>
      <symbol id="sm-d79">
         <name>strlen</name>
         <value>0x10671</value>
         <object_component_ref idref="oc-1fc"/>
      </symbol>
      <symbol id="sm-d93">
         <name>_nop</name>
         <value>0x10697</value>
         <object_component_ref idref="oc-253"/>
      </symbol>
      <symbol id="sm-d94">
         <name>_lock</name>
         <value>0x8003104</value>
         <object_component_ref idref="oc-133"/>
      </symbol>
      <symbol id="sm-d95">
         <name>_unlock</name>
         <value>0x8003108</value>
         <object_component_ref idref="oc-133"/>
      </symbol>
      <symbol id="sm-d96">
         <name>_register_lock</name>
         <value>0x1068f</value>
         <object_component_ref idref="oc-253"/>
      </symbol>
      <symbol id="sm-d97">
         <name>_register_unlock</name>
         <value>0x10689</value>
         <object_component_ref idref="oc-253"/>
      </symbol>
      <symbol id="sm-d99">
         <name>__TI_static_base__</name>
         <value>0x0</value>
      </symbol>
      <symbol id="sm-d9d">
         <name>SHT$$INIT_ARRAY$$Base</name>
         <value>0x0</value>
      </symbol>
      <symbol id="sm-d9e">
         <name>SHT$$INIT_ARRAY$$Limit</name>
         <value>0x0</value>
      </symbol>
   </symbol_table>
   <title>Link successful</title>
</link_info>
