******************************************************************************
                  TI ARM Linker PC v16.9.4                     
******************************************************************************
>> Linked Mon Nov 20 12:39:59 2017

OUTPUT FILE NAME:   <FreeRTOS_TMS57012_BinarySemaphore.out>
ENTRY POINT SYMBOL: "_c_int00"  address: 00010190


MEMORY CONFIGURATION

         name            origin    length      used     unused   attr    fill
----------------------  --------  ---------  --------  --------  ----  --------
  VECTORS               00000000   00000020  00000020  00000000     X
  KERNEL                00000020   00008000  00005274  00002d8c  R  X
  FLASH0                00008020   00137fe0  000096d4  0012e90c  R  X
  STACKS                08000000   00000800  00000000  00000800  RW  
  KRAM                  08000800   00000800  00000104  000006fc  RW  
  RAM                   08001000   0002f000  00002079  0002cf87  RW  


SEGMENT ALLOCATION MAP

run origin  load origin   length   init length attrs members
----------  ----------- ---------- ----------- ----- -------
00000000    00000000    00005298   00005298    r-x
  00000000    00000000    00000020   00000020    r-x .intvecs
  00000020    00000020    00005214   00005214    r-x .kernelTEXT
  00005238    00005238    00000060   00000060    r-- .cinit
00008020    00008020    000096d4   000096d4    r-x
  00008020    00008020    000094a0   000094a0    r-x .text
  000114c0    000114c0    00000234   00000234    r-- .const
08000800    08000800    00000104   00000000    rw-
  08000800    08000800    00000104   00000000    rw- .kernelBSS
08001000    08001000    0000207c   00000000    rw-
  08001000    08001000    00002000   00000000    rw- .kernelHEAP
  08003000    08003000    00000045   00000000    rw- .bss
  08003048    08003048    00000034   00000000    rw- .data


SECTION ALLOCATION MAP

 output                                  attributes/
section   page    origin      length       input sections
--------  ----  ----------  ----------   ----------------
.intvecs   0    00000000    00000020     
                  00000000    00000020     sys_intvecs.obj (.intvecs)

.kernelTEXT 
*          0    00000020    00005214     
                  00000020    00002be8     os_tasks.obj (.kernelTEXT)
                  00002c08    000011dc     os_queue.obj (.kernelTEXT)
                  00003de4    0000081c     os_event_groups.obj (.kernelTEXT)
                  00004600    000004b0     os_portasm.obj (.kernelTEXT)
                  00004ab0    000003e0     os_port.obj (.kernelTEXT)
                  00004e90    000003a4     os_heap.obj (.kernelTEXT)

.cinit     0    00005238    00000060     
                  00005238    00000015     (.cinit..data.load) [load image, compression = lzss]
                  0000524d    00000003     --HOLE-- [fill = 0]
                  00005250    0000000c     (__TI_handler_table)
                  0000525c    00000009     (.cinit..kernelBSS.load) [load image, compression = lzss]
                  00005265    00000003     --HOLE-- [fill = 0]
                  00005268    00000008     (.cinit..bss.load) [load image, compression = zero_init]
                  00005270    00000008     (.cinit..kernelHEAP.load) [load image, compression = zero_init]
                  00005278    00000020     (__TI_cinit_table)

.text      0    00008020    000094a0     
                  00008020    00002cdc     sys_selftest.obj (.text)
                  0000acfc    00000eb0     adc.obj (.text)
                  0000bbac    00000b28     system.obj (.text)
                  0000c6d4    00000a5c     sys_vim.obj (.text)
                  0000d130    000009a0     os_mpu_wrappers.obj (.text)
                  0000dad0    000008ac     pinmux.obj (.text)
                  0000e37c    000007d4     sci.obj (.text)
                  0000eb50    000005d8     esm.obj (.text)
                  0000f128    00000484     gio.obj (.text)
                  0000f5ac    0000034c     sys_core.obj (.text)
                  0000f8f8    00000348     sys_main.obj (.text)
                  0000fc40    000002cc     sys_vim.obj (.text:retain)
                  0000ff0c    00000284     os_heap.obj (.text)
                  00010190    0000027c     sys_startup.obj (.text:retain)
                  0001040c    00000238     os_list.obj (.text)
                  00010644    0000020c     notification.obj (.text)
                  00010850    000001bc     SFU_Serial.obj (.text)
                  00010a0c    000001b4     os_port.obj (.text)
                  00010bc0    00000168     os_tasks.obj (.text)
                  00010d28    00000114     esm.obj (.text:retain)
                  00010e3c    000000e8     dabort.obj (.text)
                  00010f24    000000e0     rtsv7R4_T_be_v3D16_eabi.lib : s_floor.obj (.text)
                  00011004    000000e0     sys_pmu.obj (.text)
                  000110e4    000000ac     adc.obj (.text:retain)
                  00011190    0000009c     rtsv7R4_T_be_v3D16_eabi.lib : memcpy_t2.obj (.text)
                  0001122c    0000007a                                 : memset_t2.obj (.text)
                  000112a6    00000002                                 : startup.obj (.text)
                  000112a8    00000070                                 : autoinit.obj (.text)
                  00011318    0000006c                                 : copy_decompress_lzss.obj (.text:decompress:lzss)
                  00011384    00000054                                 : ltoa.obj (.text)
                  000113d8    00000050                                 : exit.obj (.text)
                  00011428    0000004c                                 : cpy_tbl.obj (.text)
                  00011474    00000016                                 : strlen.obj (.text)
                  0001148a    00000002     --HOLE-- [fill = 0]
                  0001148c    00000014                                 : _lock.obj (.text)
                  000114a0    0000000e                                 : copy_decompress_none.obj (.text:decompress:none)
                  000114ae    0000000c                                 : copy_zero_init.obj (.text:decompress:ZI)
                  000114ba    00000002     --HOLE-- [fill = 0]
                  000114bc    00000004     sys_phantom.obj (.text:retain)

.const     0    000114c0    00000234     
                  000114c0    00000200     sys_vim.obj (.const:s_vim_init)
                  000116c0    00000018     adc.obj (.const:s_adcFiFoSize)
                  000116d8    00000018     adc.obj (.const:s_adcSelect)
                  000116f0    00000004     os_heap.obj (.const)

.kernelBSS 
*          0    08000800    00000104     UNINITIALIZED
                  08000800    000000d0     os_tasks.obj (.kernelBSS:uninit)
                  080008d0    00000034     os_tasks.obj (.kernelBSS:init)

.kernelHEAP 
*          0    08001000    00002000     UNINITIALIZED
                  08001000    00002000     os_heap.obj (.kernelHEAP)

.bss       0    08003000    00000045     UNINITIALIZED
                  08003000    00000028     sci.obj (.bss:g_sciTransfer_t)
                  08003028    0000000c     SFU_Serial.obj (.bss:inputBuffer)
                  08003034    00000008     os_heap.obj (.bss:xStart)
                  0800303c    00000004     adc.obj (.bss)
                  08003040    00000004     (.common:xBinarySemaphore)
                  08003044    00000001     (.common:currChar)

.data      0    08003048    00000034     UNINITIALIZED
                  08003048    00000010     os_heap.obj (.data)
                  08003058    0000000c     rtsv7R4_T_be_v3D16_eabi.lib : exit.obj (.data:$O1$$)
                  08003064    00000008                                 : _lock.obj (.data:$O1$$)
                  0800306c    00000008     os_port.obj (.data)
                  08003074    00000004     SFU_Serial.obj (.data)
                  08003078    00000004     sys_main.obj (.data)

MODULE SUMMARY

       Module                     code    ro data   rw data
       ------                     ----    -------   -------
    .\SFUsat\
       SFU_Serial.obj             444     0         17     
    +--+--------------------------+-------+---------+---------+
       Total:                     444     0         17     
                                                           
    .\source\
       os_tasks.obj               11600   0         260    
       sys_selftest.obj           11484   0         0      
       os_heap.obj                1576    4         8216   
       os_queue.obj               4572    0         0      
       adc.obj                    3932    48        4      
       sys_vim.obj                3368    512       0      
       system.obj                 2856    0         0      
       os_mpu_wrappers.obj        2464    0         0      
       pinmux.obj                 2220    0         0      
       os_event_groups.obj        2076    0         0      
       sci.obj                    2004    0         40     
       esm.obj                    1772    0         0      
       os_port.obj                1428    0         8      
       os_portasm.obj             1200    0         0      
       gio.obj                    1156    0         0      
       sys_main.obj               840     0         8      
       sys_core.obj               844     0         0      
       sys_startup.obj            636     0         0      
       os_list.obj                568     0         0      
       notification.obj           524     0         0      
       dabort.obj                 232     0         0      
       sys_pmu.obj                224     0         0      
       sys_intvecs.obj            32      0         0      
       sys_phantom.obj            4       0         0      
    +--+--------------------------+-------+---------+---------+
       Total:                     57612   564       8536   
                                                           
    E:/ti/ccsv7/tools/compiler/ti-cgt-arm_16.9.4.LTS/lib/rtsv7R4_T_be_v3D16_eabi.lib
       s_floor.obj                224     0         0      
       memcpy_t2.obj              156     0         0      
       memset_t2.obj              122     0         0      
       autoinit.obj               112     0         0      
       copy_decompress_lzss.obj   108     0         0      
       exit.obj                   80      0         12     
       ltoa.obj                   84      0         0      
       cpy_tbl.obj                76      0         0      
       _lock.obj                  20      0         8      
       strlen.obj                 22      0         0      
       copy_decompress_none.obj   14      0         0      
       copy_zero_init.obj         12      0         0      
       startup.obj                2       0         0      
    +--+--------------------------+-------+---------+---------+
       Total:                     1032    0         20     
                                                           
       Linker Generated:          0       90        0      
    +--+--------------------------+-------+---------+---------+
       Grand Total:               59088   654       8573   


LINKER GENERATED COPY TABLES

__TI_cinit_table @ 00005278 records: 4, size/record: 8, table size: 32
	.data: load addr=00005238, load size=00000015 bytes, run addr=08003048, run size=00000034 bytes, compression=lzss
	.kernelBSS: load addr=0000525c, load size=00000009 bytes, run addr=08000800, run size=00000104 bytes, compression=lzss
	.bss: load addr=00005268, load size=00000008 bytes, run addr=08003000, run size=00000045 bytes, compression=zero_init
	.kernelHEAP: load addr=00005270, load size=00000008 bytes, run addr=08001000, run size=00002000 bytes, compression=zero_init


LINKER GENERATED HANDLER TABLE

__TI_handler_table @ 00005250 records: 3, size/record: 4, table size: 12
	index: 0, handler: __TI_decompress_lzss
	index: 1, handler: __TI_decompress_none
	index: 2, handler: __TI_zero_init


GLOBAL SYMBOLS: SORTED ALPHABETICALLY BY Name 

address   name                                  
-------   ----                                  
000113d9  C$$EXIT                               
0000d300  MPU_eTaskGetState                     
0000d468  MPU_pcTaskGetName                     
0000d548  MPU_pvTaskGetThreadLocalStoragePointer
0000d660  MPU_ulTaskNotifyTake                  
0000d81c  MPU_uxQueueMessagesWaiting            
0000d850  MPU_uxQueueSpacesAvailable            
0000d43c  MPU_uxTaskGetNumberOfTasks            
0000d4d0  MPU_uxTaskGetStackHighWaterMark       
0000d2cc  MPU_uxTaskPriorityGet                 
0000daa4  MPU_vEventGroupDelete                 
0000d884  MPU_vQueueDelete                      
0000d1d8  MPU_vTaskAllocateMPURegions           
0000d238  MPU_vTaskDelay                        
0000d264  MPU_vTaskDelayUntil                   
0000d20c  MPU_vTaskDelete                       
0000d334  MPU_vTaskPrioritySet                  
0000d394  MPU_vTaskResume                       
0000d504  MPU_vTaskSetThreadLocalStoragePointer 
0000d6d8  MPU_vTaskSetTimeOutState              
0000d368  MPU_vTaskSuspend                      
0000d3c0  MPU_vTaskSuspendAll                   
0000d9c8  MPU_xEventGroupClearBits              
0000d940  MPU_xEventGroupCreate                 
0000da0c  MPU_xEventGroupSetBits                
0000da50  MPU_xEventGroupSync                   
0000d96c  MPU_xEventGroupWaitBits               
0000d8b0  MPU_xQueueGenericCreate               
0000d7c8  MPU_xQueueGenericReceive              
0000d8fc  MPU_xQueueGenericReset                
0000d774  MPU_xQueueGenericSend                 
0000d298  MPU_xTaskAbortDelay                   
0000d704  MPU_xTaskCheckForTimeOut              
0000d130  MPU_xTaskCreate                       
0000d194  MPU_xTaskCreateRestricted             
0000d5b8  MPU_xTaskGenericNotify                
0000d49c  MPU_xTaskGetHandle                    
0000d58c  MPU_xTaskGetIdleTaskHandle            
0000d748  MPU_xTaskGetSchedulerState            
0000d410  MPU_xTaskGetTickCount                 
0000d6a4  MPU_xTaskNotifyStateClear             
0000d60c  MPU_xTaskNotifyWait                   
0000d3e4  MPU_xTaskResumeAll                    
UNDEFED   SHT$$INIT_ARRAY$$Base                 
UNDEFED   SHT$$INIT_ARRAY$$Limit                
00005278  __TI_CINIT_Base                       
00005298  __TI_CINIT_Limit                      
00005250  __TI_Handler_Table_Base               
0000525c  __TI_Handler_Table_Limit              
0000f8f0  __TI_PINIT_Base                       
0000f8f4  __TI_PINIT_Limit                      
000112a9  __TI_auto_init                        
08003058  __TI_cleanup_ptr                      
00011319  __TI_decompress_lzss                  
000114a1  __TI_decompress_none                  
0800305c  __TI_dtors_ptr                        
08003060  __TI_enable_exit_profile_output       
ffffffff  __TI_pprof_out_hndl                   
ffffffff  __TI_prof_data_size                   
ffffffff  __TI_prof_data_start                  
00000000  __TI_static_base__                    
000114af  __TI_zero_init                        
0001122d  __aeabi_memclr                        
0001122d  __aeabi_memclr4                       
0001122d  __aeabi_memclr8                       
00011191  __aeabi_memcpy                        
00011191  __aeabi_memcpy4                       
00011191  __aeabi_memcpy8                       
0001122f  __aeabi_memset                        
0001122f  __aeabi_memset4                       
0001122f  __aeabi_memset8                       
ffffffff  __binit__                             
ffffffff  __c_args__                            
00010190  _c_int00                              
0000f808  _coreClearAuxiliaryDataFault_         
0000f81c  _coreClearAuxiliaryInstructionFault_  
0000f7e0  _coreClearDataFaultAddress_           
0000f7b8  _coreClearDataFault_                  
0000f7f4  _coreClearInstructionFaultAddress_    
0000f7cc  _coreClearInstructionFault_           
0000f74c  _coreDisableEventBusExport_           
0000f790  _coreDisableFlashEcc_                 
0000f76c  _coreDisableRamEcc_                   
0000f73c  _coreEnableEventBusExport_            
0000f77c  _coreEnableFlashEcc_                  
0000f7a0  _coreEnableIrqVicOffset_              
0000f75c  _coreEnableRamEcc_                    
0000f724  _coreEnableVfp_                       
0000f800  _coreGetAuxiliaryDataFault_           
0000f814  _coreGetAuxiliaryInstructionFault_    
0000f7d8  _coreGetDataFaultAddress_             
0000f7b0  _coreGetDataFault_                    
0000f7ec  _coreGetInstructionFaultAddress_      
0000f7c4  _coreGetInstructionFault_             
0000f5ac  _coreInitRegisters_                   
0000f6b8  _coreInitStackPointer_                
00010e3c  _dabort                               
0000f830  _disable_FIQ_interrupt_               
0000f838  _disable_IRQ_interrupt_               
0000f828  _disable_interrupt_                   
0000f840  _enable_interrupt_                    
0000f8d0  _errata_CORTEXR4_57_                  
0000f8e0  _errata_CORTEXR4_66_                  
0000f848  _esmCcmErrorsClear_                   
0000f704  _getCPSRValue_                        
0000f70c  _gotoCPUIdle_                         
08003064  _lock                                 
0001149b  _nop                                  
00011060  _pmuDisableCountersGlobal_            
00011050  _pmuEnableCountersGlobal_             
000110bc  _pmuGetCycleCount_                    
000110c4  _pmuGetEventCount_                    
000110d0  _pmuGetOverflow_                      
00011004  _pmuInit_                             
00011090  _pmuResetCounters_                    
00011070  _pmuResetCycleCounter_                
00011080  _pmuResetEventCounters_               
000110b0  _pmuSetCountEvent_                    
000110a0  _pmuStartCounters_                    
000110a8  _pmuStopCounters_                     
00011493  _register_lock                        
0001148d  _register_unlock                      
000112a7  _system_post_cinit                    
08003068  _unlock                               
000113dd  abort                                 
0000b6dc  adc1GetConfigValue                    
000110e4  adc1Group1Interrupt                   
0000926c  adc1ParityCheck                       
0000b8dc  adc2GetConfigValue                    
00009358  adc2ParityCheck                       
0000b2b8  adcCalibration                        
0000b67c  adcDisableNotification                
0000b62c  adcEnableNotification                 
0000b090  adcGetData                            
0000b6c4  adcGetEVTPin                          
0000acfc  adcInit                               
0000b288  adcIsConversionComplete               
0000b258  adcIsFifoFull                         
0000b490  adcMidPointCalibration                
0001069c  adcNotification                       
0000b068  adcResetFiFo                          
0000b6a4  adcSetEVTPin                          
0000afbc  adcStartConversion                    
0000b040  adcStopConversion                     
ffffffff  binit                                 
00009410  can1ParityCheck                       
000094e8  can2ParityCheck                       
000095b0  can3ParityCheck                       
000106b0  canErrorNotification                  
000106d8  canMessageNotification                
000106c4  canStatusChangeNotification           
00008030  ccmSelfCheck                          
0000a6fc  ccmr4GetConfigValue                   
00008938  checkB0RAMECC                         
00008b28  checkB1RAMECC                         
00009c18  checkClockMonitor                     
00008d18  checkFlashECC                         
00009cf4  checkFlashEEPROMECC                   
00009e8c  checkPLL1Slip                         
00009f8c  checkPLL2Slip                         
0000a050  checkRAMAddrParity                    
000099d0  checkRAMECC                           
0000a15c  checkRAMUERRTest                      
000087bc  checkefcSelfTest                      
00011429  copy_in                               
00008234  cpuSelfTest                           
00008dfc  cpuSelfTestFail                       
000107dc  crcNotification                       
08003044  currChar                              
00008df4  custom_dabort                         
000106ec  dccNotification                       
0000ab58  disableParity                         
0001083c  dmaGroupANotification                 
00008eac  dmaParityCheck                        
00001f20  eTaskConfirmSleepModeStatus           
00000890  eTaskGetState                         
00010828  ecapNotification                      
000109a0  echoInputBuffer                       
000107b4  edgeNotification                      
00008660  efcCheck                              
0000a660  efcGetConfigValue                     
00008794  efcSelfTest                           
000086e8  efcStuckZeroTest                      
0000aad0  enableParity                          
00010814  eqepNotification                      
0000a76c  errata_PBIST_4                        
0000ecdc  esmActivateNormalOperation            
0000edc0  esmClearStatus                        
0000ee04  esmClearStatusBuffer                  
0000eca0  esmDisableError                       
0000ed18  esmDisableInterrupt                   
0000ec74  esmEnableError                        
0000ecec  esmEnableInterrupt                    
0000eefc  esmEnterSelfTest                      
0000ec58  esmError                              
0000efd4  esmGetConfigValue                     
0000ee40  esmGetStatus                          
0000eec4  esmGetStatusBuffer                    
00010644  esmGroup1Notification                 
00010654  esmGroup2Notification                 
00010d28  esmHighInterrupt                      
0000eb50  esmInit                               
0000ef84  esmSelfTestStatus                     
0000ee20  esmSetCounterPreloadValue             
0000ed44  esmSetInterruptLevel                  
0000eccc  esmTriggerErrorPinReset               
000107f0  etpwmNotification                     
00010800  etpwmTripNotification                 
000113e5  exit                                  
00010f25  floor                                 
00010f25  floorl                                
0000a2c4  fmcBus1ParityCheck                    
0000885c  fmcBus2Check                          
00008898  fmcECCcheck                           
0000f388  gioDisableNotification                
0000f320  gioEnableNotification                 
0000f288  gioGetBit                             
0000f3f0  gioGetConfigValue                     
0000f2b0  gioGetPort                            
0000f128  gioInit                               
00010700  gioNotification                       
0000f218  gioSetBit                             
0000f1f8  gioSetDirection                       
0000f268  gioSetPort                            
0000f2c8  gioToggleBit                          
00008f58  het1ParityCheck                       
000090c0  het2ParityCheck                       
000107c8  hetNotification                       
00009004  htu1ParityCheck                       
000091bc  htu2ParityCheck                       
00010714  i2cNotification                       
00010728  linNotification                       
00011385  ltoa                                  
0000f9a0  main                                  
0000bce8  mapClocks                             
00011191  memcpy                                
00008174  memoryInit                            
00010664  memoryPort0TestFailNotification       
00010680  memoryPort1TestFailNotification       
00011235  memset                                
00009684  mibspi1ParityCheck                    
0000978c  mibspi3ParityCheck                    
000098b0  mibspi5ParityCheck                    
00010750  mibspiGroupNotification               
0001073c  mibspiNotification                    
0000dad0  muxInit                               
0000a3ec  pbistFail                             
0000a470  pbistGetConfigValue                   
000085a8  pbistIsTestCompleted                  
000085d4  pbistIsTestPassed                     
00008608  pbistPortTestStatus                   
000084ac  pbistRun                              
000082cc  pbistSelfCheck                        
00008578  pbistStop                             
0000135c  pcTaskGetName                         
0000bc94  periphInit                            
000114bc  phantomInterrupt                      
0000df6c  pinmuxGetConfigValue                  
00004a88  prvMpuDisable                         
00004a70  prvMpuEnable                          
00004a58  prvMpuSetRegion                       
00004e90  pvPortMalloc                          
00002004  pvTaskGetThreadLocalStoragePointer    
0001079c  pwmNotification                       
080008d0  pxCurrentTCB                          
00004ab0  pxPortInitialiseStack                 
00000000  resetEntry                            
0000e844  sciDisableLoopback                    
0000e8d0  sciDisableNotification                
0000e810  sciEnableLoopback                     
0000e868  sciEnableNotification                 
0000e938  sciEnterResetState                    
0000e958  sciExitResetState                     
0000e978  sciGetConfigValue                     
0000e37c  sciInit                               
0000e6c0  sciIsIdleDetected                     
0000e6a4  sciIsRxReady                          
0000e524  sciIsTxReady                          
000108dc  sciNotification                       
0000e738  sciReceive                            
0000e70c  sciReceiveByte                        
0000e6dc  sciRxError                            
0000e570  sciSend                               
0000e540  sciSendByte                           
0000e488  sciSetBaudrate                        
0000e468  sciSetFunctional                      
00008020  selftestFailNotification              
00010850  serialInit                            
00010888  serialSend                            
000108a4  serialSendln                          
0000bc54  setupFlash                            
0000bbac  setupPLL                              
0001078c  spiEndNotification                    
00010778  spiNotification                       
0000c4cc  sramGetConfigValue                    
0000a5bc  stcGetConfigValue                     
000081b8  stcSelfCheck                          
00008df8  stcSelfCheckFail                      
00011475  strlen                                
0000bf0c  systemGetConfigValue                  
0000be10  systemInit                            
0000bedc  systemPowerDown                       
0000c320  tcmflashGetConfigValue                
0000bc0c  trimLPO                               
0800306c  ulCriticalNesting                     
08003078  ulIdleCycleCount                      
00004980  ulPortCountLeadingZeros               
08003070  ulTaskHasFPUContext                   
0000239c  ulTaskNotifyTake                      
000105b8  uxListRemove                          
0000391c  uxQueueMessagesWaiting                
000039a0  uxQueueMessagesWaitingFromISR         
00003954  uxQueueSpacesAvailable                
00001350  uxTaskGetNumberOfTasks                
00002248  uxTaskGetStackHighWaterMark           
00000994  uxTaskPriorityGet                     
000009d8  uxTaskPriorityGetFromISR              
00002360  uxTaskResetEventItemValue             
0000f98c  vApplicationIdleHook                  
00004578  vEventGroupClearBitsCallback          
000044d8  vEventGroupDelete                     
0000455c  vEventGroupSetBitsCallback            
0001040c  vListInitialise                       
00010464  vListInitialiseItem                   
000104f4  vListInsert                           
00010480  vListInsertEnd                        
00004e5c  vPortEndScheduler                     
00005100  vPortFree                             
00005218  vPortInitialiseBlocks                 
00004974  vPortInitialiseFPSCR                  
00004874  vPortPreemptiveTick                   
00004988  vPortSWI                              
00004604  vPortStartFirstTask                   
00004bc4  vPortStoreTaskMPUSettings             
00004780  vPortYeildWithinAPI                   
00004694  vPortYieldProcessor                   
000039d0  vQueueDelete                          
00002070  vTaskAllocateMPURegions               
0000080c  vTaskDelay                            
000006a0  vTaskDelayUntil                       
00000538  vTaskDelete                           
00001084  vTaskEndScheduler                     
00001f10  vTaskMissedYield                      
00002960  vTaskNotifyGiveFromISR                
00001ad8  vTaskPlaceOnEventList                 
00001b1c  vTaskPlaceOnUnorderedEventList        
00000a20  vTaskPrioritySet                      
00000e20  vTaskResume                           
00001fa4  vTaskSetThreadLocalStoragePointer     
00001d98  vTaskSetTimeOutState                  
00000fec  vTaskStartScheduler                   
00001674  vTaskStepTick                         
00000c18  vTaskSuspend                          
000010a0  vTaskSuspendAll                       
000019f8  vTaskSwitchContext                    
0000c7a8  vimChannelMap                         
0000ca14  vimDisableInterrupt                   
0000c84c  vimEnableInterrupt                    
0000cac0  vimGetConfigValue                     
0000c6d4  vimInit                               
00008e00  vimParityCheck                        
0000fc40  vimParityErrorHandler                 
08003040  xBinarySemaphore                      
00004274  xEventGroupClearBits                  
00003de4  xEventGroupCreate                     
000042f8  xEventGroupGetBitsFromISR             
00004328  xEventGroupSetBits                    
00003e20  xEventGroupSync                       
00004020  xEventGroupWaitBits                   
00005200  xPortGetFreeHeapSize                  
0000520c  xPortGetMinimumEverFreeHeapSize       
00004e38  xPortStartScheduler                   
00002d30  xQueueGenericCreate                   
00003408  xQueueGenericReceive                  
00002c08  xQueueGenericReset                    
00002e4c  xQueueGenericSend                     
0000310c  xQueueGenericSendFromISR              
0000329c  xQueueGiveFromISR                     
00003d08  xQueueIsQueueEmptyFromISR             
00003d94  xQueueIsQueueFullFromISR              
00003828  xQueuePeekFromISR                     
000036e0  xQueueReceiveFromISR                  
000016d0  xTaskAbortDelay                       
00001dd8  xTaskCheckForTimeOut                  
000000fc  xTaskCreate                           
00000020  xTaskCreateRestricted                 
0000258c  xTaskGenericNotify                    
00002760  xTaskGenericNotifyFromISR             
00001534  xTaskGetHandle                        
0000163c  xTaskGetIdleTaskHandle                
00002310  xTaskGetSchedulerState                
00001310  xTaskGetTickCount                     
0000132c  xTaskGetTickCountFromISR              
000017d0  xTaskIncrementTick                    
00010cac  xTaskNotifyStateClear                 
00002474  xTaskNotifyWait                       
00001ba0  xTaskRemoveFromEventList              
00001c90  xTaskRemoveFromUnorderedEventList     
0000115c  xTaskResumeAll                        
00000f04  xTaskResumeFromISR                    


GLOBAL SYMBOLS: SORTED BY Symbol Address 

address   name                                  
-------   ----                                  
00000000  __TI_static_base__                    
00000000  resetEntry                            
00000020  xTaskCreateRestricted                 
000000fc  xTaskCreate                           
00000538  vTaskDelete                           
000006a0  vTaskDelayUntil                       
0000080c  vTaskDelay                            
00000890  eTaskGetState                         
00000994  uxTaskPriorityGet                     
000009d8  uxTaskPriorityGetFromISR              
00000a20  vTaskPrioritySet                      
00000c18  vTaskSuspend                          
00000e20  vTaskResume                           
00000f04  xTaskResumeFromISR                    
00000fec  vTaskStartScheduler                   
00001084  vTaskEndScheduler                     
000010a0  vTaskSuspendAll                       
0000115c  xTaskResumeAll                        
00001310  xTaskGetTickCount                     
0000132c  xTaskGetTickCountFromISR              
00001350  uxTaskGetNumberOfTasks                
0000135c  pcTaskGetName                         
00001534  xTaskGetHandle                        
0000163c  xTaskGetIdleTaskHandle                
00001674  vTaskStepTick                         
000016d0  xTaskAbortDelay                       
000017d0  xTaskIncrementTick                    
000019f8  vTaskSwitchContext                    
00001ad8  vTaskPlaceOnEventList                 
00001b1c  vTaskPlaceOnUnorderedEventList        
00001ba0  xTaskRemoveFromEventList              
00001c90  xTaskRemoveFromUnorderedEventList     
00001d98  vTaskSetTimeOutState                  
00001dd8  xTaskCheckForTimeOut                  
00001f10  vTaskMissedYield                      
00001f20  eTaskConfirmSleepModeStatus           
00001fa4  vTaskSetThreadLocalStoragePointer     
00002004  pvTaskGetThreadLocalStoragePointer    
00002070  vTaskAllocateMPURegions               
00002248  uxTaskGetStackHighWaterMark           
00002310  xTaskGetSchedulerState                
00002360  uxTaskResetEventItemValue             
0000239c  ulTaskNotifyTake                      
00002474  xTaskNotifyWait                       
0000258c  xTaskGenericNotify                    
00002760  xTaskGenericNotifyFromISR             
00002960  vTaskNotifyGiveFromISR                
00002c08  xQueueGenericReset                    
00002d30  xQueueGenericCreate                   
00002e4c  xQueueGenericSend                     
0000310c  xQueueGenericSendFromISR              
0000329c  xQueueGiveFromISR                     
00003408  xQueueGenericReceive                  
000036e0  xQueueReceiveFromISR                  
00003828  xQueuePeekFromISR                     
0000391c  uxQueueMessagesWaiting                
00003954  uxQueueSpacesAvailable                
000039a0  uxQueueMessagesWaitingFromISR         
000039d0  vQueueDelete                          
00003d08  xQueueIsQueueEmptyFromISR             
00003d94  xQueueIsQueueFullFromISR              
00003de4  xEventGroupCreate                     
00003e20  xEventGroupSync                       
00004020  xEventGroupWaitBits                   
00004274  xEventGroupClearBits                  
000042f8  xEventGroupGetBitsFromISR             
00004328  xEventGroupSetBits                    
000044d8  vEventGroupDelete                     
0000455c  vEventGroupSetBitsCallback            
00004578  vEventGroupClearBitsCallback          
00004604  vPortStartFirstTask                   
00004694  vPortYieldProcessor                   
00004780  vPortYeildWithinAPI                   
00004874  vPortPreemptiveTick                   
00004974  vPortInitialiseFPSCR                  
00004980  ulPortCountLeadingZeros               
00004988  vPortSWI                              
00004a58  prvMpuSetRegion                       
00004a70  prvMpuEnable                          
00004a88  prvMpuDisable                         
00004ab0  pxPortInitialiseStack                 
00004bc4  vPortStoreTaskMPUSettings             
00004e38  xPortStartScheduler                   
00004e5c  vPortEndScheduler                     
00004e90  pvPortMalloc                          
00005100  vPortFree                             
00005200  xPortGetFreeHeapSize                  
0000520c  xPortGetMinimumEverFreeHeapSize       
00005218  vPortInitialiseBlocks                 
00005250  __TI_Handler_Table_Base               
0000525c  __TI_Handler_Table_Limit              
00005278  __TI_CINIT_Base                       
00005298  __TI_CINIT_Limit                      
00008020  selftestFailNotification              
00008030  ccmSelfCheck                          
00008174  memoryInit                            
000081b8  stcSelfCheck                          
00008234  cpuSelfTest                           
000082cc  pbistSelfCheck                        
000084ac  pbistRun                              
00008578  pbistStop                             
000085a8  pbistIsTestCompleted                  
000085d4  pbistIsTestPassed                     
00008608  pbistPortTestStatus                   
00008660  efcCheck                              
000086e8  efcStuckZeroTest                      
00008794  efcSelfTest                           
000087bc  checkefcSelfTest                      
0000885c  fmcBus2Check                          
00008898  fmcECCcheck                           
00008938  checkB0RAMECC                         
00008b28  checkB1RAMECC                         
00008d18  checkFlashECC                         
00008df4  custom_dabort                         
00008df8  stcSelfCheckFail                      
00008dfc  cpuSelfTestFail                       
00008e00  vimParityCheck                        
00008eac  dmaParityCheck                        
00008f58  het1ParityCheck                       
00009004  htu1ParityCheck                       
000090c0  het2ParityCheck                       
000091bc  htu2ParityCheck                       
0000926c  adc1ParityCheck                       
00009358  adc2ParityCheck                       
00009410  can1ParityCheck                       
000094e8  can2ParityCheck                       
000095b0  can3ParityCheck                       
00009684  mibspi1ParityCheck                    
0000978c  mibspi3ParityCheck                    
000098b0  mibspi5ParityCheck                    
000099d0  checkRAMECC                           
00009c18  checkClockMonitor                     
00009cf4  checkFlashEEPROMECC                   
00009e8c  checkPLL1Slip                         
00009f8c  checkPLL2Slip                         
0000a050  checkRAMAddrParity                    
0000a15c  checkRAMUERRTest                      
0000a2c4  fmcBus1ParityCheck                    
0000a3ec  pbistFail                             
0000a470  pbistGetConfigValue                   
0000a5bc  stcGetConfigValue                     
0000a660  efcGetConfigValue                     
0000a6fc  ccmr4GetConfigValue                   
0000a76c  errata_PBIST_4                        
0000aad0  enableParity                          
0000ab58  disableParity                         
0000acfc  adcInit                               
0000afbc  adcStartConversion                    
0000b040  adcStopConversion                     
0000b068  adcResetFiFo                          
0000b090  adcGetData                            
0000b258  adcIsFifoFull                         
0000b288  adcIsConversionComplete               
0000b2b8  adcCalibration                        
0000b490  adcMidPointCalibration                
0000b62c  adcEnableNotification                 
0000b67c  adcDisableNotification                
0000b6a4  adcSetEVTPin                          
0000b6c4  adcGetEVTPin                          
0000b6dc  adc1GetConfigValue                    
0000b8dc  adc2GetConfigValue                    
0000bbac  setupPLL                              
0000bc0c  trimLPO                               
0000bc54  setupFlash                            
0000bc94  periphInit                            
0000bce8  mapClocks                             
0000be10  systemInit                            
0000bedc  systemPowerDown                       
0000bf0c  systemGetConfigValue                  
0000c320  tcmflashGetConfigValue                
0000c4cc  sramGetConfigValue                    
0000c6d4  vimInit                               
0000c7a8  vimChannelMap                         
0000c84c  vimEnableInterrupt                    
0000ca14  vimDisableInterrupt                   
0000cac0  vimGetConfigValue                     
0000d130  MPU_xTaskCreate                       
0000d194  MPU_xTaskCreateRestricted             
0000d1d8  MPU_vTaskAllocateMPURegions           
0000d20c  MPU_vTaskDelete                       
0000d238  MPU_vTaskDelay                        
0000d264  MPU_vTaskDelayUntil                   
0000d298  MPU_xTaskAbortDelay                   
0000d2cc  MPU_uxTaskPriorityGet                 
0000d300  MPU_eTaskGetState                     
0000d334  MPU_vTaskPrioritySet                  
0000d368  MPU_vTaskSuspend                      
0000d394  MPU_vTaskResume                       
0000d3c0  MPU_vTaskSuspendAll                   
0000d3e4  MPU_xTaskResumeAll                    
0000d410  MPU_xTaskGetTickCount                 
0000d43c  MPU_uxTaskGetNumberOfTasks            
0000d468  MPU_pcTaskGetName                     
0000d49c  MPU_xTaskGetHandle                    
0000d4d0  MPU_uxTaskGetStackHighWaterMark       
0000d504  MPU_vTaskSetThreadLocalStoragePointer 
0000d548  MPU_pvTaskGetThreadLocalStoragePointer
0000d58c  MPU_xTaskGetIdleTaskHandle            
0000d5b8  MPU_xTaskGenericNotify                
0000d60c  MPU_xTaskNotifyWait                   
0000d660  MPU_ulTaskNotifyTake                  
0000d6a4  MPU_xTaskNotifyStateClear             
0000d6d8  MPU_vTaskSetTimeOutState              
0000d704  MPU_xTaskCheckForTimeOut              
0000d748  MPU_xTaskGetSchedulerState            
0000d774  MPU_xQueueGenericSend                 
0000d7c8  MPU_xQueueGenericReceive              
0000d81c  MPU_uxQueueMessagesWaiting            
0000d850  MPU_uxQueueSpacesAvailable            
0000d884  MPU_vQueueDelete                      
0000d8b0  MPU_xQueueGenericCreate               
0000d8fc  MPU_xQueueGenericReset                
0000d940  MPU_xEventGroupCreate                 
0000d96c  MPU_xEventGroupWaitBits               
0000d9c8  MPU_xEventGroupClearBits              
0000da0c  MPU_xEventGroupSetBits                
0000da50  MPU_xEventGroupSync                   
0000daa4  MPU_vEventGroupDelete                 
0000dad0  muxInit                               
0000df6c  pinmuxGetConfigValue                  
0000e37c  sciInit                               
0000e468  sciSetFunctional                      
0000e488  sciSetBaudrate                        
0000e524  sciIsTxReady                          
0000e540  sciSendByte                           
0000e570  sciSend                               
0000e6a4  sciIsRxReady                          
0000e6c0  sciIsIdleDetected                     
0000e6dc  sciRxError                            
0000e70c  sciReceiveByte                        
0000e738  sciReceive                            
0000e810  sciEnableLoopback                     
0000e844  sciDisableLoopback                    
0000e868  sciEnableNotification                 
0000e8d0  sciDisableNotification                
0000e938  sciEnterResetState                    
0000e958  sciExitResetState                     
0000e978  sciGetConfigValue                     
0000eb50  esmInit                               
0000ec58  esmError                              
0000ec74  esmEnableError                        
0000eca0  esmDisableError                       
0000eccc  esmTriggerErrorPinReset               
0000ecdc  esmActivateNormalOperation            
0000ecec  esmEnableInterrupt                    
0000ed18  esmDisableInterrupt                   
0000ed44  esmSetInterruptLevel                  
0000edc0  esmClearStatus                        
0000ee04  esmClearStatusBuffer                  
0000ee20  esmSetCounterPreloadValue             
0000ee40  esmGetStatus                          
0000eec4  esmGetStatusBuffer                    
0000eefc  esmEnterSelfTest                      
0000ef84  esmSelfTestStatus                     
0000efd4  esmGetConfigValue                     
0000f128  gioInit                               
0000f1f8  gioSetDirection                       
0000f218  gioSetBit                             
0000f268  gioSetPort                            
0000f288  gioGetBit                             
0000f2b0  gioGetPort                            
0000f2c8  gioToggleBit                          
0000f320  gioEnableNotification                 
0000f388  gioDisableNotification                
0000f3f0  gioGetConfigValue                     
0000f5ac  _coreInitRegisters_                   
0000f6b8  _coreInitStackPointer_                
0000f704  _getCPSRValue_                        
0000f70c  _gotoCPUIdle_                         
0000f724  _coreEnableVfp_                       
0000f73c  _coreEnableEventBusExport_            
0000f74c  _coreDisableEventBusExport_           
0000f75c  _coreEnableRamEcc_                    
0000f76c  _coreDisableRamEcc_                   
0000f77c  _coreEnableFlashEcc_                  
0000f790  _coreDisableFlashEcc_                 
0000f7a0  _coreEnableIrqVicOffset_              
0000f7b0  _coreGetDataFault_                    
0000f7b8  _coreClearDataFault_                  
0000f7c4  _coreGetInstructionFault_             
0000f7cc  _coreClearInstructionFault_           
0000f7d8  _coreGetDataFaultAddress_             
0000f7e0  _coreClearDataFaultAddress_           
0000f7ec  _coreGetInstructionFaultAddress_      
0000f7f4  _coreClearInstructionFaultAddress_    
0000f800  _coreGetAuxiliaryDataFault_           
0000f808  _coreClearAuxiliaryDataFault_         
0000f814  _coreGetAuxiliaryInstructionFault_    
0000f81c  _coreClearAuxiliaryInstructionFault_  
0000f828  _disable_interrupt_                   
0000f830  _disable_FIQ_interrupt_               
0000f838  _disable_IRQ_interrupt_               
0000f840  _enable_interrupt_                    
0000f848  _esmCcmErrorsClear_                   
0000f8d0  _errata_CORTEXR4_57_                  
0000f8e0  _errata_CORTEXR4_66_                  
0000f8f0  __TI_PINIT_Base                       
0000f8f4  __TI_PINIT_Limit                      
0000f98c  vApplicationIdleHook                  
0000f9a0  main                                  
0000fc40  vimParityErrorHandler                 
00010190  _c_int00                              
0001040c  vListInitialise                       
00010464  vListInitialiseItem                   
00010480  vListInsertEnd                        
000104f4  vListInsert                           
000105b8  uxListRemove                          
00010644  esmGroup1Notification                 
00010654  esmGroup2Notification                 
00010664  memoryPort0TestFailNotification       
00010680  memoryPort1TestFailNotification       
0001069c  adcNotification                       
000106b0  canErrorNotification                  
000106c4  canStatusChangeNotification           
000106d8  canMessageNotification                
000106ec  dccNotification                       
00010700  gioNotification                       
00010714  i2cNotification                       
00010728  linNotification                       
0001073c  mibspiNotification                    
00010750  mibspiGroupNotification               
00010778  spiNotification                       
0001078c  spiEndNotification                    
0001079c  pwmNotification                       
000107b4  edgeNotification                      
000107c8  hetNotification                       
000107dc  crcNotification                       
000107f0  etpwmNotification                     
00010800  etpwmTripNotification                 
00010814  eqepNotification                      
00010828  ecapNotification                      
0001083c  dmaGroupANotification                 
00010850  serialInit                            
00010888  serialSend                            
000108a4  serialSendln                          
000108dc  sciNotification                       
000109a0  echoInputBuffer                       
00010cac  xTaskNotifyStateClear                 
00010d28  esmHighInterrupt                      
00010e3c  _dabort                               
00010f25  floor                                 
00010f25  floorl                                
00011004  _pmuInit_                             
00011050  _pmuEnableCountersGlobal_             
00011060  _pmuDisableCountersGlobal_            
00011070  _pmuResetCycleCounter_                
00011080  _pmuResetEventCounters_               
00011090  _pmuResetCounters_                    
000110a0  _pmuStartCounters_                    
000110a8  _pmuStopCounters_                     
000110b0  _pmuSetCountEvent_                    
000110bc  _pmuGetCycleCount_                    
000110c4  _pmuGetEventCount_                    
000110d0  _pmuGetOverflow_                      
000110e4  adc1Group1Interrupt                   
00011191  __aeabi_memcpy                        
00011191  __aeabi_memcpy4                       
00011191  __aeabi_memcpy8                       
00011191  memcpy                                
0001122d  __aeabi_memclr                        
0001122d  __aeabi_memclr4                       
0001122d  __aeabi_memclr8                       
0001122f  __aeabi_memset                        
0001122f  __aeabi_memset4                       
0001122f  __aeabi_memset8                       
00011235  memset                                
000112a7  _system_post_cinit                    
000112a9  __TI_auto_init                        
00011319  __TI_decompress_lzss                  
00011385  ltoa                                  
000113d9  C$$EXIT                               
000113dd  abort                                 
000113e5  exit                                  
00011429  copy_in                               
00011475  strlen                                
0001148d  _register_unlock                      
00011493  _register_lock                        
0001149b  _nop                                  
000114a1  __TI_decompress_none                  
000114af  __TI_zero_init                        
000114bc  phantomInterrupt                      
080008d0  pxCurrentTCB                          
08003040  xBinarySemaphore                      
08003044  currChar                              
08003058  __TI_cleanup_ptr                      
0800305c  __TI_dtors_ptr                        
08003060  __TI_enable_exit_profile_output       
08003064  _lock                                 
08003068  _unlock                               
0800306c  ulCriticalNesting                     
08003070  ulTaskHasFPUContext                   
08003078  ulIdleCycleCount                      
ffffffff  __TI_pprof_out_hndl                   
ffffffff  __TI_prof_data_size                   
ffffffff  __TI_prof_data_start                  
ffffffff  __binit__                             
ffffffff  __c_args__                            
ffffffff  binit                                 
UNDEFED   SHT$$INIT_ARRAY$$Base                 
UNDEFED   SHT$$INIT_ARRAY$$Limit                

[400 symbols]
