******************************************************************************
                  TI ARM Linker PC v16.9.4                     
******************************************************************************
>> Linked Fri Nov 17 12:56:17 2017

OUTPUT FILE NAME:   <FreeRTOS_TMS57012_Queue.out>
ENTRY POINT SYMBOL: "_c_int00"  address: 0000f308


MEMORY CONFIGURATION

         name            origin    length      used     unused   attr    fill
----------------------  --------  ---------  --------  --------  ----  --------
  VECTORS               00000000   00000020  00000020  00000000     X
  KERNEL                00000020   00008000  00005274  00002d8c  R  X
  FLASH0                00008020   00137fe0  00008774  0012f86c  R  X
  STACKS                08000000   00000800  00000000  00000800  RW  
  KRAM                  08000800   00000800  00000104  000006fc  RW  
  RAM                   08001000   0002f000  00002075  0002cf8b  RW  


SEGMENT ALLOCATION MAP

run origin  load origin   length   init length attrs members
----------  ----------- ---------- ----------- ----- -------
00000000    00000000    00005298   00005298    r-x
  00000000    00000000    00000020   00000020    r-x .intvecs
  00000020    00000020    00005214   00005214    r-x .kernelTEXT
  00005238    00005238    00000060   00000060    r-- .cinit
00008020    00008020    00008774   00008774    r-x
  00008020    00008020    0000856c   0000856c    r-x .text
  0001058c    0001058c    00000208   00000208    r-- .const
08000800    08000800    00000104   00000000    rw-
  08000800    08000800    00000104   00000000    rw- .kernelBSS
08001000    08001000    00002078   00000000    rw-
  08001000    08001000    00002000   00000000    rw- .kernelHEAP
  08003000    08003000    00000041   00000000    rw- .bss
  08003044    08003044    00000034   00000000    rw- .data


SECTION ALLOCATION MAP

 output                                  attributes/
section   page    origin      length       input sections
--------  ----  ----------  ----------   ----------------
.intvecs   0    00000000    00000020     
                  00000000    00000020     sys_intvecs.obj (.intvecs)

.kernelTEXT 
*          0    00000020    00005214     
                  00000020    00002be8     os_tasks.obj (.kernelTEXT)
                  00002c08    000011dc     os_queue.obj (.kernelTEXT)
                  00003de4    0000081c     os_event_groups.obj (.kernelTEXT)
                  00004600    000004b0     os_portasm.obj (.kernelTEXT)
                  00004ab0    000003e0     os_port.obj (.kernelTEXT)
                  00004e90    000003a4     os_heap.obj (.kernelTEXT)

.cinit     0    00005238    00000060     
                  00005238    00000015     (.cinit..data.load) [load image, compression = lzss]
                  0000524d    00000003     --HOLE-- [fill = 0]
                  00005250    0000000c     (__TI_handler_table)
                  0000525c    00000009     (.cinit..kernelBSS.load) [load image, compression = lzss]
                  00005265    00000003     --HOLE-- [fill = 0]
                  00005268    00000008     (.cinit..bss.load) [load image, compression = zero_init]
                  00005270    00000008     (.cinit..kernelHEAP.load) [load image, compression = zero_init]
                  00005278    00000020     (__TI_cinit_table)

.text      0    00008020    0000856c     
                  00008020    00002cdc     sys_selftest.obj (.text)
                  0000acfc    00000b28     system.obj (.text)
                  0000b824    00000a58     sys_vim.obj (.text)
                  0000c27c    000009a0     os_mpu_wrappers.obj (.text)
                  0000cc1c    000008ac     pinmux.obj (.text)
                  0000d4c8    000007d4     sci.obj (.text)
                  0000dc9c    000005d8     esm.obj (.text)
                  0000e274    00000484     gio.obj (.text)
                  0000e6f8    00000374     sys_main.obj (.text)
                  0000ea6c    0000034c     sys_core.obj (.text)
                  0000edb8    000002cc     sys_vim.obj (.text:retain)
                  0000f084    00000284     os_heap.obj (.text)
                  0000f308    0000027c     sys_startup.obj (.text:retain)
                  0000f584    00000238     os_list.obj (.text)
                  0000f7bc    0000020c     notification.obj (.text)
                  0000f9c8    000001bc     SFU_Serial.obj (.text)
                  0000fb84    000001b4     os_port.obj (.text)
                  0000fd38    00000168     os_tasks.obj (.text)
                  0000fea0    00000114     esm.obj (.text:retain)
                  0000ffb4    000000e8     dabort.obj (.text)
                  0001009c    000000e0     rtsv7R4_T_be_v3D16_eabi.lib : s_floor.obj (.text)
                  0001017c    000000e0     sys_pmu.obj (.text)
                  0001025c    0000009c     rtsv7R4_T_be_v3D16_eabi.lib : memcpy_t2.obj (.text)
                  000102f8    0000007a                                 : memset_t2.obj (.text)
                  00010372    00000002                                 : startup.obj (.text)
                  00010374    00000070                                 : autoinit.obj (.text)
                  000103e4    0000006c                                 : copy_decompress_lzss.obj (.text:decompress:lzss)
                  00010450    00000054                                 : ltoa.obj (.text)
                  000104a4    00000050                                 : exit.obj (.text)
                  000104f4    0000004c                                 : cpy_tbl.obj (.text)
                  00010540    00000016                                 : strlen.obj (.text)
                  00010556    00000002     --HOLE-- [fill = 0]
                  00010558    00000014                                 : _lock.obj (.text)
                  0001056c    0000000e                                 : copy_decompress_none.obj (.text:decompress:none)
                  0001057a    0000000c                                 : copy_zero_init.obj (.text:decompress:ZI)
                  00010586    00000002     --HOLE-- [fill = 0]
                  00010588    00000004     sys_phantom.obj (.text:retain)

.const     0    0001058c    00000208     
                  0001058c    00000200     sys_vim.obj (.const:s_vim_init)
                  0001078c    00000004     os_heap.obj (.const)
                  00010790    00000004     sys_main.obj (.const:xStructsToSend)

.kernelBSS 
*          0    08000800    00000104     UNINITIALIZED
                  08000800    000000d0     os_tasks.obj (.kernelBSS:uninit)
                  080008d0    00000034     os_tasks.obj (.kernelBSS:init)

.kernelHEAP 
*          0    08001000    00002000     UNINITIALIZED
                  08001000    00002000     os_heap.obj (.kernelHEAP)

.bss       0    08003000    00000041     UNINITIALIZED
                  08003000    00000028     sci.obj (.bss:g_sciTransfer_t)
                  08003028    0000000c     SFU_Serial.obj (.bss:inputBuffer)
                  08003034    00000008     os_heap.obj (.bss:xStart)
                  0800303c    00000004     (.common:xQueue)
                  08003040    00000001     (.common:currChar)

.data      0    08003044    00000034     UNINITIALIZED
                  08003044    00000010     os_heap.obj (.data)
                  08003054    0000000c     rtsv7R4_T_be_v3D16_eabi.lib : exit.obj (.data:$O1$$)
                  08003060    00000008                                 : _lock.obj (.data:$O1$$)
                  08003068    00000008     os_port.obj (.data)
                  08003070    00000004     SFU_Serial.obj (.data)
                  08003074    00000004     sys_main.obj (.data)

MODULE SUMMARY

       Module                     code    ro data   rw data
       ------                     ----    -------   -------
    .\SFUsat\
       SFU_Serial.obj             444     0         17     
    +--+--------------------------+-------+---------+---------+
       Total:                     444     0         17     
                                                           
    .\source\
       os_tasks.obj               11600   0         260    
       sys_selftest.obj           11484   0         0      
       os_heap.obj                1576    4         8216   
       os_queue.obj               4572    0         0      
       sys_vim.obj                3364    512       0      
       system.obj                 2856    0         0      
       os_mpu_wrappers.obj        2464    0         0      
       pinmux.obj                 2220    0         0      
       os_event_groups.obj        2076    0         0      
       sci.obj                    2004    0         40     
       esm.obj                    1772    0         0      
       os_port.obj                1428    0         8      
       os_portasm.obj             1200    0         0      
       gio.obj                    1156    0         0      
       sys_main.obj               884     4         8      
       sys_core.obj               844     0         0      
       sys_startup.obj            636     0         0      
       os_list.obj                568     0         0      
       notification.obj           524     0         0      
       dabort.obj                 232     0         0      
       sys_pmu.obj                224     0         0      
       sys_intvecs.obj            32      0         0      
       sys_phantom.obj            4       0         0      
    +--+--------------------------+-------+---------+---------+
       Total:                     53720   520       8532   
                                                           
    E:/ti/ccsv7/tools/compiler/ti-cgt-arm_16.9.4.LTS/lib/rtsv7R4_T_be_v3D16_eabi.lib
       s_floor.obj                224     0         0      
       memcpy_t2.obj              156     0         0      
       memset_t2.obj              122     0         0      
       autoinit.obj               112     0         0      
       copy_decompress_lzss.obj   108     0         0      
       exit.obj                   80      0         12     
       ltoa.obj                   84      0         0      
       cpy_tbl.obj                76      0         0      
       _lock.obj                  20      0         8      
       strlen.obj                 22      0         0      
       copy_decompress_none.obj   14      0         0      
       copy_zero_init.obj         12      0         0      
       startup.obj                2       0         0      
    +--+--------------------------+-------+---------+---------+
       Total:                     1032    0         20     
                                                           
       Linker Generated:          0       90        0      
    +--+--------------------------+-------+---------+---------+
       Grand Total:               55196   610       8569   


LINKER GENERATED COPY TABLES

__TI_cinit_table @ 00005278 records: 4, size/record: 8, table size: 32
	.data: load addr=00005238, load size=00000015 bytes, run addr=08003044, run size=00000034 bytes, compression=lzss
	.kernelBSS: load addr=0000525c, load size=00000009 bytes, run addr=08000800, run size=00000104 bytes, compression=lzss
	.bss: load addr=00005268, load size=00000008 bytes, run addr=08003000, run size=00000041 bytes, compression=zero_init
	.kernelHEAP: load addr=00005270, load size=00000008 bytes, run addr=08001000, run size=00002000 bytes, compression=zero_init


LINKER GENERATED HANDLER TABLE

__TI_handler_table @ 00005250 records: 3, size/record: 4, table size: 12
	index: 0, handler: __TI_decompress_lzss
	index: 1, handler: __TI_decompress_none
	index: 2, handler: __TI_zero_init


GLOBAL SYMBOLS: SORTED ALPHABETICALLY BY Name 

address   name                                  
-------   ----                                  
000104a5  C$$EXIT                               
0000c44c  MPU_eTaskGetState                     
0000c5b4  MPU_pcTaskGetName                     
0000c694  MPU_pvTaskGetThreadLocalStoragePointer
0000c7ac  MPU_ulTaskNotifyTake                  
0000c968  MPU_uxQueueMessagesWaiting            
0000c99c  MPU_uxQueueSpacesAvailable            
0000c588  MPU_uxTaskGetNumberOfTasks            
0000c61c  MPU_uxTaskGetStackHighWaterMark       
0000c418  MPU_uxTaskPriorityGet                 
0000cbf0  MPU_vEventGroupDelete                 
0000c9d0  MPU_vQueueDelete                      
0000c324  MPU_vTaskAllocateMPURegions           
0000c384  MPU_vTaskDelay                        
0000c3b0  MPU_vTaskDelayUntil                   
0000c358  MPU_vTaskDelete                       
0000c480  MPU_vTaskPrioritySet                  
0000c4e0  MPU_vTaskResume                       
0000c650  MPU_vTaskSetThreadLocalStoragePointer 
0000c824  MPU_vTaskSetTimeOutState              
0000c4b4  MPU_vTaskSuspend                      
0000c50c  MPU_vTaskSuspendAll                   
0000cb14  MPU_xEventGroupClearBits              
0000ca8c  MPU_xEventGroupCreate                 
0000cb58  MPU_xEventGroupSetBits                
0000cb9c  MPU_xEventGroupSync                   
0000cab8  MPU_xEventGroupWaitBits               
0000c9fc  MPU_xQueueGenericCreate               
0000c914  MPU_xQueueGenericReceive              
0000ca48  MPU_xQueueGenericReset                
0000c8c0  MPU_xQueueGenericSend                 
0000c3e4  MPU_xTaskAbortDelay                   
0000c850  MPU_xTaskCheckForTimeOut              
0000c27c  MPU_xTaskCreate                       
0000c2e0  MPU_xTaskCreateRestricted             
0000c704  MPU_xTaskGenericNotify                
0000c5e8  MPU_xTaskGetHandle                    
0000c6d8  MPU_xTaskGetIdleTaskHandle            
0000c894  MPU_xTaskGetSchedulerState            
0000c55c  MPU_xTaskGetTickCount                 
0000c7f0  MPU_xTaskNotifyStateClear             
0000c758  MPU_xTaskNotifyWait                   
0000c530  MPU_xTaskResumeAll                    
UNDEFED   SHT$$INIT_ARRAY$$Base                 
UNDEFED   SHT$$INIT_ARRAY$$Limit                
00005278  __TI_CINIT_Base                       
00005298  __TI_CINIT_Limit                      
00005250  __TI_Handler_Table_Base               
0000525c  __TI_Handler_Table_Limit              
0000edb0  __TI_PINIT_Base                       
0000edb4  __TI_PINIT_Limit                      
00010375  __TI_auto_init                        
08003054  __TI_cleanup_ptr                      
000103e5  __TI_decompress_lzss                  
0001056d  __TI_decompress_none                  
08003058  __TI_dtors_ptr                        
0800305c  __TI_enable_exit_profile_output       
ffffffff  __TI_pprof_out_hndl                   
ffffffff  __TI_prof_data_size                   
ffffffff  __TI_prof_data_start                  
00000000  __TI_static_base__                    
0001057b  __TI_zero_init                        
000102f9  __aeabi_memclr                        
000102f9  __aeabi_memclr4                       
000102f9  __aeabi_memclr8                       
0001025d  __aeabi_memcpy                        
0001025d  __aeabi_memcpy4                       
0001025d  __aeabi_memcpy8                       
000102fb  __aeabi_memset                        
000102fb  __aeabi_memset4                       
000102fb  __aeabi_memset8                       
ffffffff  __binit__                             
ffffffff  __c_args__                            
0000f308  _c_int00                              
0000ecc8  _coreClearAuxiliaryDataFault_         
0000ecdc  _coreClearAuxiliaryInstructionFault_  
0000eca0  _coreClearDataFaultAddress_           
0000ec78  _coreClearDataFault_                  
0000ecb4  _coreClearInstructionFaultAddress_    
0000ec8c  _coreClearInstructionFault_           
0000ec0c  _coreDisableEventBusExport_           
0000ec50  _coreDisableFlashEcc_                 
0000ec2c  _coreDisableRamEcc_                   
0000ebfc  _coreEnableEventBusExport_            
0000ec3c  _coreEnableFlashEcc_                  
0000ec60  _coreEnableIrqVicOffset_              
0000ec1c  _coreEnableRamEcc_                    
0000ebe4  _coreEnableVfp_                       
0000ecc0  _coreGetAuxiliaryDataFault_           
0000ecd4  _coreGetAuxiliaryInstructionFault_    
0000ec98  _coreGetDataFaultAddress_             
0000ec70  _coreGetDataFault_                    
0000ecac  _coreGetInstructionFaultAddress_      
0000ec84  _coreGetInstructionFault_             
0000ea6c  _coreInitRegisters_                   
0000eb78  _coreInitStackPointer_                
0000ffb4  _dabort                               
0000ecf0  _disable_FIQ_interrupt_               
0000ecf8  _disable_IRQ_interrupt_               
0000ece8  _disable_interrupt_                   
0000ed00  _enable_interrupt_                    
0000ed90  _errata_CORTEXR4_57_                  
0000eda0  _errata_CORTEXR4_66_                  
0000ed08  _esmCcmErrorsClear_                   
0000ebc4  _getCPSRValue_                        
0000ebcc  _gotoCPUIdle_                         
08003060  _lock                                 
00010567  _nop                                  
000101d8  _pmuDisableCountersGlobal_            
000101c8  _pmuEnableCountersGlobal_             
00010234  _pmuGetCycleCount_                    
0001023c  _pmuGetEventCount_                    
00010248  _pmuGetOverflow_                      
0001017c  _pmuInit_                             
00010208  _pmuResetCounters_                    
000101e8  _pmuResetCycleCounter_                
000101f8  _pmuResetEventCounters_               
00010228  _pmuSetCountEvent_                    
00010218  _pmuStartCounters_                    
00010220  _pmuStopCounters_                     
0001055f  _register_lock                        
00010559  _register_unlock                      
00010373  _system_post_cinit                    
08003064  _unlock                               
000104a9  abort                                 
0000926c  adc1ParityCheck                       
00009358  adc2ParityCheck                       
0000f814  adcNotification                       
ffffffff  binit                                 
00009410  can1ParityCheck                       
000094e8  can2ParityCheck                       
000095b0  can3ParityCheck                       
0000f828  canErrorNotification                  
0000f850  canMessageNotification                
0000f83c  canStatusChangeNotification           
00008030  ccmSelfCheck                          
0000a6fc  ccmr4GetConfigValue                   
00008938  checkB0RAMECC                         
00008b28  checkB1RAMECC                         
00009c18  checkClockMonitor                     
00008d18  checkFlashECC                         
00009cf4  checkFlashEEPROMECC                   
00009e8c  checkPLL1Slip                         
00009f8c  checkPLL2Slip                         
0000a050  checkRAMAddrParity                    
000099d0  checkRAMECC                           
0000a15c  checkRAMUERRTest                      
000087bc  checkefcSelfTest                      
000104f5  copy_in                               
00008234  cpuSelfTest                           
00008dfc  cpuSelfTestFail                       
0000f954  crcNotification                       
08003040  currChar                              
00008df4  custom_dabort                         
0000f864  dccNotification                       
0000ab58  disableParity                         
0000f9b4  dmaGroupANotification                 
00008eac  dmaParityCheck                        
00001f20  eTaskConfirmSleepModeStatus           
00000890  eTaskGetState                         
0000f9a0  ecapNotification                      
0000fb18  echoInputBuffer                       
0000f92c  edgeNotification                      
00008660  efcCheck                              
0000a660  efcGetConfigValue                     
00008794  efcSelfTest                           
000086e8  efcStuckZeroTest                      
0000aad0  enableParity                          
0000f98c  eqepNotification                      
0000a76c  errata_PBIST_4                        
0000de28  esmActivateNormalOperation            
0000df0c  esmClearStatus                        
0000df50  esmClearStatusBuffer                  
0000ddec  esmDisableError                       
0000de64  esmDisableInterrupt                   
0000ddc0  esmEnableError                        
0000de38  esmEnableInterrupt                    
0000e048  esmEnterSelfTest                      
0000dda4  esmError                              
0000e120  esmGetConfigValue                     
0000df8c  esmGetStatus                          
0000e010  esmGetStatusBuffer                    
0000f7bc  esmGroup1Notification                 
0000f7cc  esmGroup2Notification                 
0000fea0  esmHighInterrupt                      
0000dc9c  esmInit                               
0000e0d0  esmSelfTestStatus                     
0000df6c  esmSetCounterPreloadValue             
0000de90  esmSetInterruptLevel                  
0000de18  esmTriggerErrorPinReset               
0000f968  etpwmNotification                     
0000f978  etpwmTripNotification                 
000104b1  exit                                  
0001009d  floor                                 
0001009d  floorl                                
0000a2c4  fmcBus1ParityCheck                    
0000885c  fmcBus2Check                          
00008898  fmcECCcheck                           
0000e4d4  gioDisableNotification                
0000e46c  gioEnableNotification                 
0000e3d4  gioGetBit                             
0000e53c  gioGetConfigValue                     
0000e3fc  gioGetPort                            
0000e274  gioInit                               
0000f878  gioNotification                       
0000e364  gioSetBit                             
0000e344  gioSetDirection                       
0000e3b4  gioSetPort                            
0000e414  gioToggleBit                          
00008f58  het1ParityCheck                       
000090c0  het2ParityCheck                       
0000f940  hetNotification                       
00009004  htu1ParityCheck                       
000091bc  htu2ParityCheck                       
0000f88c  i2cNotification                       
0000f8a0  linNotification                       
00010451  ltoa                                  
0000e840  main                                  
0000ae38  mapClocks                             
0001025d  memcpy                                
00008174  memoryInit                            
0000f7dc  memoryPort0TestFailNotification       
0000f7f8  memoryPort1TestFailNotification       
00010301  memset                                
00009684  mibspi1ParityCheck                    
0000978c  mibspi3ParityCheck                    
000098b0  mibspi5ParityCheck                    
0000f8c8  mibspiGroupNotification               
0000f8b4  mibspiNotification                    
0000cc1c  muxInit                               
0000a3ec  pbistFail                             
0000a470  pbistGetConfigValue                   
000085a8  pbistIsTestCompleted                  
000085d4  pbistIsTestPassed                     
00008608  pbistPortTestStatus                   
000084ac  pbistRun                              
000082cc  pbistSelfCheck                        
00008578  pbistStop                             
0000135c  pcTaskGetName                         
0000ade4  periphInit                            
00010588  phantomInterrupt                      
0000d0b8  pinmuxGetConfigValue                  
00004a88  prvMpuDisable                         
00004a70  prvMpuEnable                          
00004a58  prvMpuSetRegion                       
00004e90  pvPortMalloc                          
00002004  pvTaskGetThreadLocalStoragePointer    
0000f914  pwmNotification                       
080008d0  pxCurrentTCB                          
00004ab0  pxPortInitialiseStack                 
00000000  resetEntry                            
0000d990  sciDisableLoopback                    
0000da1c  sciDisableNotification                
0000d95c  sciEnableLoopback                     
0000d9b4  sciEnableNotification                 
0000da84  sciEnterResetState                    
0000daa4  sciExitResetState                     
0000dac4  sciGetConfigValue                     
0000d4c8  sciInit                               
0000d80c  sciIsIdleDetected                     
0000d7f0  sciIsRxReady                          
0000d670  sciIsTxReady                          
0000fa54  sciNotification                       
0000d884  sciReceive                            
0000d858  sciReceiveByte                        
0000d828  sciRxError                            
0000d6bc  sciSend                               
0000d68c  sciSendByte                           
0000d5d4  sciSetBaudrate                        
0000d5b4  sciSetFunctional                      
00008020  selftestFailNotification              
0000f9c8  serialInit                            
0000fa00  serialSend                            
0000fa1c  serialSendln                          
0000ada4  setupFlash                            
0000acfc  setupPLL                              
0000f904  spiEndNotification                    
0000f8f0  spiNotification                       
0000b61c  sramGetConfigValue                    
0000a5bc  stcGetConfigValue                     
000081b8  stcSelfCheck                          
00008df8  stcSelfCheckFail                      
00010541  strlen                                
0000b05c  systemGetConfigValue                  
0000af60  systemInit                            
0000b02c  systemPowerDown                       
0000b470  tcmflashGetConfigValue                
0000ad5c  trimLPO                               
08003068  ulCriticalNesting                     
08003074  ulIdleCycleCount                      
00004980  ulPortCountLeadingZeros               
0800306c  ulTaskHasFPUContext                   
0000239c  ulTaskNotifyTake                      
0000f730  uxListRemove                          
0000391c  uxQueueMessagesWaiting                
000039a0  uxQueueMessagesWaitingFromISR         
00003954  uxQueueSpacesAvailable                
00001350  uxTaskGetNumberOfTasks                
00002248  uxTaskGetStackHighWaterMark           
00000994  uxTaskPriorityGet                     
000009d8  uxTaskPriorityGetFromISR              
00002360  uxTaskResetEventItemValue             
0000e82c  vApplicationIdleHook                  
00004578  vEventGroupClearBitsCallback          
000044d8  vEventGroupDelete                     
0000455c  vEventGroupSetBitsCallback            
0000f584  vListInitialise                       
0000f5dc  vListInitialiseItem                   
0000f66c  vListInsert                           
0000f5f8  vListInsertEnd                        
00004e5c  vPortEndScheduler                     
00005100  vPortFree                             
00005218  vPortInitialiseBlocks                 
00004974  vPortInitialiseFPSCR                  
00004874  vPortPreemptiveTick                   
00004988  vPortSWI                              
00004604  vPortStartFirstTask                   
00004bc4  vPortStoreTaskMPUSettings             
00004780  vPortYeildWithinAPI                   
00004694  vPortYieldProcessor                   
000039d0  vQueueDelete                          
0000e738  vReceiverTask                         
0000e6f8  vSenderTask                           
00002070  vTaskAllocateMPURegions               
0000080c  vTaskDelay                            
000006a0  vTaskDelayUntil                       
00000538  vTaskDelete                           
00001084  vTaskEndScheduler                     
00001f10  vTaskMissedYield                      
00002960  vTaskNotifyGiveFromISR                
00001ad8  vTaskPlaceOnEventList                 
00001b1c  vTaskPlaceOnUnorderedEventList        
00000a20  vTaskPrioritySet                      
00000e20  vTaskResume                           
00001fa4  vTaskSetThreadLocalStoragePointer     
00001d98  vTaskSetTimeOutState                  
00000fec  vTaskStartScheduler                   
00001674  vTaskStepTick                         
00000c18  vTaskSuspend                          
000010a0  vTaskSuspendAll                       
000019f8  vTaskSwitchContext                    
0000b8f8  vimChannelMap                         
0000bb64  vimDisableInterrupt                   
0000b99c  vimEnableInterrupt                    
0000bc10  vimGetConfigValue                     
0000b824  vimInit                               
00008e00  vimParityCheck                        
0000edb8  vimParityErrorHandler                 
00004274  xEventGroupClearBits                  
00003de4  xEventGroupCreate                     
000042f8  xEventGroupGetBitsFromISR             
00004328  xEventGroupSetBits                    
00003e20  xEventGroupSync                       
00004020  xEventGroupWaitBits                   
00005200  xPortGetFreeHeapSize                  
0000520c  xPortGetMinimumEverFreeHeapSize       
00004e38  xPortStartScheduler                   
0800303c  xQueue                                
00002d30  xQueueGenericCreate                   
00003408  xQueueGenericReceive                  
00002c08  xQueueGenericReset                    
00002e4c  xQueueGenericSend                     
0000310c  xQueueGenericSendFromISR              
0000329c  xQueueGiveFromISR                     
00003d08  xQueueIsQueueEmptyFromISR             
00003d94  xQueueIsQueueFullFromISR              
00003828  xQueuePeekFromISR                     
000036e0  xQueueReceiveFromISR                  
000016d0  xTaskAbortDelay                       
00001dd8  xTaskCheckForTimeOut                  
000000fc  xTaskCreate                           
00000020  xTaskCreateRestricted                 
0000258c  xTaskGenericNotify                    
00002760  xTaskGenericNotifyFromISR             
00001534  xTaskGetHandle                        
0000163c  xTaskGetIdleTaskHandle                
00002310  xTaskGetSchedulerState                
00001310  xTaskGetTickCount                     
0000132c  xTaskGetTickCountFromISR              
000017d0  xTaskIncrementTick                    
0000fe24  xTaskNotifyStateClear                 
00002474  xTaskNotifyWait                       
00001ba0  xTaskRemoveFromEventList              
00001c90  xTaskRemoveFromUnorderedEventList     
0000115c  xTaskResumeAll                        
00000f04  xTaskResumeFromISR                    


GLOBAL SYMBOLS: SORTED BY Symbol Address 

address   name                                  
-------   ----                                  
00000000  __TI_static_base__                    
00000000  resetEntry                            
00000020  xTaskCreateRestricted                 
000000fc  xTaskCreate                           
00000538  vTaskDelete                           
000006a0  vTaskDelayUntil                       
0000080c  vTaskDelay                            
00000890  eTaskGetState                         
00000994  uxTaskPriorityGet                     
000009d8  uxTaskPriorityGetFromISR              
00000a20  vTaskPrioritySet                      
00000c18  vTaskSuspend                          
00000e20  vTaskResume                           
00000f04  xTaskResumeFromISR                    
00000fec  vTaskStartScheduler                   
00001084  vTaskEndScheduler                     
000010a0  vTaskSuspendAll                       
0000115c  xTaskResumeAll                        
00001310  xTaskGetTickCount                     
0000132c  xTaskGetTickCountFromISR              
00001350  uxTaskGetNumberOfTasks                
0000135c  pcTaskGetName                         
00001534  xTaskGetHandle                        
0000163c  xTaskGetIdleTaskHandle                
00001674  vTaskStepTick                         
000016d0  xTaskAbortDelay                       
000017d0  xTaskIncrementTick                    
000019f8  vTaskSwitchContext                    
00001ad8  vTaskPlaceOnEventList                 
00001b1c  vTaskPlaceOnUnorderedEventList        
00001ba0  xTaskRemoveFromEventList              
00001c90  xTaskRemoveFromUnorderedEventList     
00001d98  vTaskSetTimeOutState                  
00001dd8  xTaskCheckForTimeOut                  
00001f10  vTaskMissedYield                      
00001f20  eTaskConfirmSleepModeStatus           
00001fa4  vTaskSetThreadLocalStoragePointer     
00002004  pvTaskGetThreadLocalStoragePointer    
00002070  vTaskAllocateMPURegions               
00002248  uxTaskGetStackHighWaterMark           
00002310  xTaskGetSchedulerState                
00002360  uxTaskResetEventItemValue             
0000239c  ulTaskNotifyTake                      
00002474  xTaskNotifyWait                       
0000258c  xTaskGenericNotify                    
00002760  xTaskGenericNotifyFromISR             
00002960  vTaskNotifyGiveFromISR                
00002c08  xQueueGenericReset                    
00002d30  xQueueGenericCreate                   
00002e4c  xQueueGenericSend                     
0000310c  xQueueGenericSendFromISR              
0000329c  xQueueGiveFromISR                     
00003408  xQueueGenericReceive                  
000036e0  xQueueReceiveFromISR                  
00003828  xQueuePeekFromISR                     
0000391c  uxQueueMessagesWaiting                
00003954  uxQueueSpacesAvailable                
000039a0  uxQueueMessagesWaitingFromISR         
000039d0  vQueueDelete                          
00003d08  xQueueIsQueueEmptyFromISR             
00003d94  xQueueIsQueueFullFromISR              
00003de4  xEventGroupCreate                     
00003e20  xEventGroupSync                       
00004020  xEventGroupWaitBits                   
00004274  xEventGroupClearBits                  
000042f8  xEventGroupGetBitsFromISR             
00004328  xEventGroupSetBits                    
000044d8  vEventGroupDelete                     
0000455c  vEventGroupSetBitsCallback            
00004578  vEventGroupClearBitsCallback          
00004604  vPortStartFirstTask                   
00004694  vPortYieldProcessor                   
00004780  vPortYeildWithinAPI                   
00004874  vPortPreemptiveTick                   
00004974  vPortInitialiseFPSCR                  
00004980  ulPortCountLeadingZeros               
00004988  vPortSWI                              
00004a58  prvMpuSetRegion                       
00004a70  prvMpuEnable                          
00004a88  prvMpuDisable                         
00004ab0  pxPortInitialiseStack                 
00004bc4  vPortStoreTaskMPUSettings             
00004e38  xPortStartScheduler                   
00004e5c  vPortEndScheduler                     
00004e90  pvPortMalloc                          
00005100  vPortFree                             
00005200  xPortGetFreeHeapSize                  
0000520c  xPortGetMinimumEverFreeHeapSize       
00005218  vPortInitialiseBlocks                 
00005250  __TI_Handler_Table_Base               
0000525c  __TI_Handler_Table_Limit              
00005278  __TI_CINIT_Base                       
00005298  __TI_CINIT_Limit                      
00008020  selftestFailNotification              
00008030  ccmSelfCheck                          
00008174  memoryInit                            
000081b8  stcSelfCheck                          
00008234  cpuSelfTest                           
000082cc  pbistSelfCheck                        
000084ac  pbistRun                              
00008578  pbistStop                             
000085a8  pbistIsTestCompleted                  
000085d4  pbistIsTestPassed                     
00008608  pbistPortTestStatus                   
00008660  efcCheck                              
000086e8  efcStuckZeroTest                      
00008794  efcSelfTest                           
000087bc  checkefcSelfTest                      
0000885c  fmcBus2Check                          
00008898  fmcECCcheck                           
00008938  checkB0RAMECC                         
00008b28  checkB1RAMECC                         
00008d18  checkFlashECC                         
00008df4  custom_dabort                         
00008df8  stcSelfCheckFail                      
00008dfc  cpuSelfTestFail                       
00008e00  vimParityCheck                        
00008eac  dmaParityCheck                        
00008f58  het1ParityCheck                       
00009004  htu1ParityCheck                       
000090c0  het2ParityCheck                       
000091bc  htu2ParityCheck                       
0000926c  adc1ParityCheck                       
00009358  adc2ParityCheck                       
00009410  can1ParityCheck                       
000094e8  can2ParityCheck                       
000095b0  can3ParityCheck                       
00009684  mibspi1ParityCheck                    
0000978c  mibspi3ParityCheck                    
000098b0  mibspi5ParityCheck                    
000099d0  checkRAMECC                           
00009c18  checkClockMonitor                     
00009cf4  checkFlashEEPROMECC                   
00009e8c  checkPLL1Slip                         
00009f8c  checkPLL2Slip                         
0000a050  checkRAMAddrParity                    
0000a15c  checkRAMUERRTest                      
0000a2c4  fmcBus1ParityCheck                    
0000a3ec  pbistFail                             
0000a470  pbistGetConfigValue                   
0000a5bc  stcGetConfigValue                     
0000a660  efcGetConfigValue                     
0000a6fc  ccmr4GetConfigValue                   
0000a76c  errata_PBIST_4                        
0000aad0  enableParity                          
0000ab58  disableParity                         
0000acfc  setupPLL                              
0000ad5c  trimLPO                               
0000ada4  setupFlash                            
0000ade4  periphInit                            
0000ae38  mapClocks                             
0000af60  systemInit                            
0000b02c  systemPowerDown                       
0000b05c  systemGetConfigValue                  
0000b470  tcmflashGetConfigValue                
0000b61c  sramGetConfigValue                    
0000b824  vimInit                               
0000b8f8  vimChannelMap                         
0000b99c  vimEnableInterrupt                    
0000bb64  vimDisableInterrupt                   
0000bc10  vimGetConfigValue                     
0000c27c  MPU_xTaskCreate                       
0000c2e0  MPU_xTaskCreateRestricted             
0000c324  MPU_vTaskAllocateMPURegions           
0000c358  MPU_vTaskDelete                       
0000c384  MPU_vTaskDelay                        
0000c3b0  MPU_vTaskDelayUntil                   
0000c3e4  MPU_xTaskAbortDelay                   
0000c418  MPU_uxTaskPriorityGet                 
0000c44c  MPU_eTaskGetState                     
0000c480  MPU_vTaskPrioritySet                  
0000c4b4  MPU_vTaskSuspend                      
0000c4e0  MPU_vTaskResume                       
0000c50c  MPU_vTaskSuspendAll                   
0000c530  MPU_xTaskResumeAll                    
0000c55c  MPU_xTaskGetTickCount                 
0000c588  MPU_uxTaskGetNumberOfTasks            
0000c5b4  MPU_pcTaskGetName                     
0000c5e8  MPU_xTaskGetHandle                    
0000c61c  MPU_uxTaskGetStackHighWaterMark       
0000c650  MPU_vTaskSetThreadLocalStoragePointer 
0000c694  MPU_pvTaskGetThreadLocalStoragePointer
0000c6d8  MPU_xTaskGetIdleTaskHandle            
0000c704  MPU_xTaskGenericNotify                
0000c758  MPU_xTaskNotifyWait                   
0000c7ac  MPU_ulTaskNotifyTake                  
0000c7f0  MPU_xTaskNotifyStateClear             
0000c824  MPU_vTaskSetTimeOutState              
0000c850  MPU_xTaskCheckForTimeOut              
0000c894  MPU_xTaskGetSchedulerState            
0000c8c0  MPU_xQueueGenericSend                 
0000c914  MPU_xQueueGenericReceive              
0000c968  MPU_uxQueueMessagesWaiting            
0000c99c  MPU_uxQueueSpacesAvailable            
0000c9d0  MPU_vQueueDelete                      
0000c9fc  MPU_xQueueGenericCreate               
0000ca48  MPU_xQueueGenericReset                
0000ca8c  MPU_xEventGroupCreate                 
0000cab8  MPU_xEventGroupWaitBits               
0000cb14  MPU_xEventGroupClearBits              
0000cb58  MPU_xEventGroupSetBits                
0000cb9c  MPU_xEventGroupSync                   
0000cbf0  MPU_vEventGroupDelete                 
0000cc1c  muxInit                               
0000d0b8  pinmuxGetConfigValue                  
0000d4c8  sciInit                               
0000d5b4  sciSetFunctional                      
0000d5d4  sciSetBaudrate                        
0000d670  sciIsTxReady                          
0000d68c  sciSendByte                           
0000d6bc  sciSend                               
0000d7f0  sciIsRxReady                          
0000d80c  sciIsIdleDetected                     
0000d828  sciRxError                            
0000d858  sciReceiveByte                        
0000d884  sciReceive                            
0000d95c  sciEnableLoopback                     
0000d990  sciDisableLoopback                    
0000d9b4  sciEnableNotification                 
0000da1c  sciDisableNotification                
0000da84  sciEnterResetState                    
0000daa4  sciExitResetState                     
0000dac4  sciGetConfigValue                     
0000dc9c  esmInit                               
0000dda4  esmError                              
0000ddc0  esmEnableError                        
0000ddec  esmDisableError                       
0000de18  esmTriggerErrorPinReset               
0000de28  esmActivateNormalOperation            
0000de38  esmEnableInterrupt                    
0000de64  esmDisableInterrupt                   
0000de90  esmSetInterruptLevel                  
0000df0c  esmClearStatus                        
0000df50  esmClearStatusBuffer                  
0000df6c  esmSetCounterPreloadValue             
0000df8c  esmGetStatus                          
0000e010  esmGetStatusBuffer                    
0000e048  esmEnterSelfTest                      
0000e0d0  esmSelfTestStatus                     
0000e120  esmGetConfigValue                     
0000e274  gioInit                               
0000e344  gioSetDirection                       
0000e364  gioSetBit                             
0000e3b4  gioSetPort                            
0000e3d4  gioGetBit                             
0000e3fc  gioGetPort                            
0000e414  gioToggleBit                          
0000e46c  gioEnableNotification                 
0000e4d4  gioDisableNotification                
0000e53c  gioGetConfigValue                     
0000e6f8  vSenderTask                           
0000e738  vReceiverTask                         
0000e82c  vApplicationIdleHook                  
0000e840  main                                  
0000ea6c  _coreInitRegisters_                   
0000eb78  _coreInitStackPointer_                
0000ebc4  _getCPSRValue_                        
0000ebcc  _gotoCPUIdle_                         
0000ebe4  _coreEnableVfp_                       
0000ebfc  _coreEnableEventBusExport_            
0000ec0c  _coreDisableEventBusExport_           
0000ec1c  _coreEnableRamEcc_                    
0000ec2c  _coreDisableRamEcc_                   
0000ec3c  _coreEnableFlashEcc_                  
0000ec50  _coreDisableFlashEcc_                 
0000ec60  _coreEnableIrqVicOffset_              
0000ec70  _coreGetDataFault_                    
0000ec78  _coreClearDataFault_                  
0000ec84  _coreGetInstructionFault_             
0000ec8c  _coreClearInstructionFault_           
0000ec98  _coreGetDataFaultAddress_             
0000eca0  _coreClearDataFaultAddress_           
0000ecac  _coreGetInstructionFaultAddress_      
0000ecb4  _coreClearInstructionFaultAddress_    
0000ecc0  _coreGetAuxiliaryDataFault_           
0000ecc8  _coreClearAuxiliaryDataFault_         
0000ecd4  _coreGetAuxiliaryInstructionFault_    
0000ecdc  _coreClearAuxiliaryInstructionFault_  
0000ece8  _disable_interrupt_                   
0000ecf0  _disable_FIQ_interrupt_               
0000ecf8  _disable_IRQ_interrupt_               
0000ed00  _enable_interrupt_                    
0000ed08  _esmCcmErrorsClear_                   
0000ed90  _errata_CORTEXR4_57_                  
0000eda0  _errata_CORTEXR4_66_                  
0000edb0  __TI_PINIT_Base                       
0000edb4  __TI_PINIT_Limit                      
0000edb8  vimParityErrorHandler                 
0000f308  _c_int00                              
0000f584  vListInitialise                       
0000f5dc  vListInitialiseItem                   
0000f5f8  vListInsertEnd                        
0000f66c  vListInsert                           
0000f730  uxListRemove                          
0000f7bc  esmGroup1Notification                 
0000f7cc  esmGroup2Notification                 
0000f7dc  memoryPort0TestFailNotification       
0000f7f8  memoryPort1TestFailNotification       
0000f814  adcNotification                       
0000f828  canErrorNotification                  
0000f83c  canStatusChangeNotification           
0000f850  canMessageNotification                
0000f864  dccNotification                       
0000f878  gioNotification                       
0000f88c  i2cNotification                       
0000f8a0  linNotification                       
0000f8b4  mibspiNotification                    
0000f8c8  mibspiGroupNotification               
0000f8f0  spiNotification                       
0000f904  spiEndNotification                    
0000f914  pwmNotification                       
0000f92c  edgeNotification                      
0000f940  hetNotification                       
0000f954  crcNotification                       
0000f968  etpwmNotification                     
0000f978  etpwmTripNotification                 
0000f98c  eqepNotification                      
0000f9a0  ecapNotification                      
0000f9b4  dmaGroupANotification                 
0000f9c8  serialInit                            
0000fa00  serialSend                            
0000fa1c  serialSendln                          
0000fa54  sciNotification                       
0000fb18  echoInputBuffer                       
0000fe24  xTaskNotifyStateClear                 
0000fea0  esmHighInterrupt                      
0000ffb4  _dabort                               
0001009d  floor                                 
0001009d  floorl                                
0001017c  _pmuInit_                             
000101c8  _pmuEnableCountersGlobal_             
000101d8  _pmuDisableCountersGlobal_            
000101e8  _pmuResetCycleCounter_                
000101f8  _pmuResetEventCounters_               
00010208  _pmuResetCounters_                    
00010218  _pmuStartCounters_                    
00010220  _pmuStopCounters_                     
00010228  _pmuSetCountEvent_                    
00010234  _pmuGetCycleCount_                    
0001023c  _pmuGetEventCount_                    
00010248  _pmuGetOverflow_                      
0001025d  __aeabi_memcpy                        
0001025d  __aeabi_memcpy4                       
0001025d  __aeabi_memcpy8                       
0001025d  memcpy                                
000102f9  __aeabi_memclr                        
000102f9  __aeabi_memclr4                       
000102f9  __aeabi_memclr8                       
000102fb  __aeabi_memset                        
000102fb  __aeabi_memset4                       
000102fb  __aeabi_memset8                       
00010301  memset                                
00010373  _system_post_cinit                    
00010375  __TI_auto_init                        
000103e5  __TI_decompress_lzss                  
00010451  ltoa                                  
000104a5  C$$EXIT                               
000104a9  abort                                 
000104b1  exit                                  
000104f5  copy_in                               
00010541  strlen                                
00010559  _register_unlock                      
0001055f  _register_lock                        
00010567  _nop                                  
0001056d  __TI_decompress_none                  
0001057b  __TI_zero_init                        
00010588  phantomInterrupt                      
080008d0  pxCurrentTCB                          
0800303c  xQueue                                
08003040  currChar                              
08003054  __TI_cleanup_ptr                      
08003058  __TI_dtors_ptr                        
0800305c  __TI_enable_exit_profile_output       
08003060  _lock                                 
08003064  _unlock                               
08003068  ulCriticalNesting                     
0800306c  ulTaskHasFPUContext                   
08003074  ulIdleCycleCount                      
ffffffff  __TI_pprof_out_hndl                   
ffffffff  __TI_prof_data_size                   
ffffffff  __TI_prof_data_start                  
ffffffff  __binit__                             
ffffffff  __c_args__                            
ffffffff  binit                                 
UNDEFED   SHT$$INIT_ARRAY$$Base                 
UNDEFED   SHT$$INIT_ARRAY$$Limit                

[386 symbols]
