<?xml version="1.0"?>
<link_info>
   <banner>TI ARM Linker PC v16.9.4.LTS</banner>
   <copyright>Copyright (c) 1996-2017 Texas Instruments Incorporated</copyright>
   <link_time>0x5a132467</link_time>
   <link_errors>0x0</link_errors>
   <output_file>FreeRTOS_TMS57012_TICK_HOOK.out</output_file>
   <entry_point>
      <name>_c_int00</name>
      <address>0x102fc</address>
   </entry_point>
   <input_file_list>
      <input_file id="fl-2">
         <path>.\SFUsat\</path>
         <kind>object</kind>
         <file>SFU_Serial.obj</file>
         <name>SFU_Serial.obj</name>
      </input_file>
      <input_file id="fl-3">
         <path>.\source\</path>
         <kind>object</kind>
         <file>adc.obj</file>
         <name>adc.obj</name>
      </input_file>
      <input_file id="fl-4">
         <path>.\source\</path>
         <kind>object</kind>
         <file>can.obj</file>
         <name>can.obj</name>
      </input_file>
      <input_file id="fl-5">
         <path>.\source\</path>
         <kind>object</kind>
         <file>crc.obj</file>
         <name>crc.obj</name>
      </input_file>
      <input_file id="fl-6">
         <path>.\source\</path>
         <kind>object</kind>
         <file>dabort.obj</file>
         <name>dabort.obj</name>
      </input_file>
      <input_file id="fl-7">
         <path>.\source\</path>
         <kind>object</kind>
         <file>dcc.obj</file>
         <name>dcc.obj</name>
      </input_file>
      <input_file id="fl-8">
         <path>.\source\</path>
         <kind>object</kind>
         <file>ecap.obj</file>
         <name>ecap.obj</name>
      </input_file>
      <input_file id="fl-9">
         <path>.\source\</path>
         <kind>object</kind>
         <file>eqep.obj</file>
         <name>eqep.obj</name>
      </input_file>
      <input_file id="fl-a">
         <path>.\source\</path>
         <kind>object</kind>
         <file>esm.obj</file>
         <name>esm.obj</name>
      </input_file>
      <input_file id="fl-b">
         <path>.\source\</path>
         <kind>object</kind>
         <file>etpwm.obj</file>
         <name>etpwm.obj</name>
      </input_file>
      <input_file id="fl-c">
         <path>.\source\</path>
         <kind>object</kind>
         <file>gio.obj</file>
         <name>gio.obj</name>
      </input_file>
      <input_file id="fl-d">
         <path>.\source\</path>
         <kind>object</kind>
         <file>het.obj</file>
         <name>het.obj</name>
      </input_file>
      <input_file id="fl-e">
         <path>.\source\</path>
         <kind>object</kind>
         <file>i2c.obj</file>
         <name>i2c.obj</name>
      </input_file>
      <input_file id="fl-f">
         <path>.\source\</path>
         <kind>object</kind>
         <file>lin.obj</file>
         <name>lin.obj</name>
      </input_file>
      <input_file id="fl-10">
         <path>.\source\</path>
         <kind>object</kind>
         <file>mibspi.obj</file>
         <name>mibspi.obj</name>
      </input_file>
      <input_file id="fl-11">
         <path>.\source\</path>
         <kind>object</kind>
         <file>notification.obj</file>
         <name>notification.obj</name>
      </input_file>
      <input_file id="fl-12">
         <path>.\source\</path>
         <kind>object</kind>
         <file>os_croutine.obj</file>
         <name>os_croutine.obj</name>
      </input_file>
      <input_file id="fl-13">
         <path>.\source\</path>
         <kind>object</kind>
         <file>os_event_groups.obj</file>
         <name>os_event_groups.obj</name>
      </input_file>
      <input_file id="fl-14">
         <path>.\source\</path>
         <kind>object</kind>
         <file>os_heap.obj</file>
         <name>os_heap.obj</name>
      </input_file>
      <input_file id="fl-15">
         <path>.\source\</path>
         <kind>object</kind>
         <file>os_list.obj</file>
         <name>os_list.obj</name>
      </input_file>
      <input_file id="fl-16">
         <path>.\source\</path>
         <kind>object</kind>
         <file>os_mpu_wrappers.obj</file>
         <name>os_mpu_wrappers.obj</name>
      </input_file>
      <input_file id="fl-17">
         <path>.\source\</path>
         <kind>object</kind>
         <file>os_port.obj</file>
         <name>os_port.obj</name>
      </input_file>
      <input_file id="fl-18">
         <path>.\source\</path>
         <kind>object</kind>
         <file>os_portasm.obj</file>
         <name>os_portasm.obj</name>
      </input_file>
      <input_file id="fl-19">
         <path>.\source\</path>
         <kind>object</kind>
         <file>os_queue.obj</file>
         <name>os_queue.obj</name>
      </input_file>
      <input_file id="fl-1a">
         <path>.\source\</path>
         <kind>object</kind>
         <file>os_tasks.obj</file>
         <name>os_tasks.obj</name>
      </input_file>
      <input_file id="fl-1b">
         <path>.\source\</path>
         <kind>object</kind>
         <file>os_timer.obj</file>
         <name>os_timer.obj</name>
      </input_file>
      <input_file id="fl-1c">
         <path>.\source\</path>
         <kind>object</kind>
         <file>pinmux.obj</file>
         <name>pinmux.obj</name>
      </input_file>
      <input_file id="fl-1d">
         <path>.\source\</path>
         <kind>object</kind>
         <file>sci.obj</file>
         <name>sci.obj</name>
      </input_file>
      <input_file id="fl-1e">
         <path>.\source\</path>
         <kind>object</kind>
         <file>spi.obj</file>
         <name>spi.obj</name>
      </input_file>
      <input_file id="fl-1f">
         <path>.\source\</path>
         <kind>object</kind>
         <file>sys_core.obj</file>
         <name>sys_core.obj</name>
      </input_file>
      <input_file id="fl-20">
         <path>.\source\</path>
         <kind>object</kind>
         <file>sys_dma.obj</file>
         <name>sys_dma.obj</name>
      </input_file>
      <input_file id="fl-21">
         <path>.\source\</path>
         <kind>object</kind>
         <file>sys_intvecs.obj</file>
         <name>sys_intvecs.obj</name>
      </input_file>
      <input_file id="fl-22">
         <path>.\source\</path>
         <kind>object</kind>
         <file>sys_main.obj</file>
         <name>sys_main.obj</name>
      </input_file>
      <input_file id="fl-23">
         <path>.\source\</path>
         <kind>object</kind>
         <file>sys_mpu.obj</file>
         <name>sys_mpu.obj</name>
      </input_file>
      <input_file id="fl-24">
         <path>.\source\</path>
         <kind>object</kind>
         <file>sys_pcr.obj</file>
         <name>sys_pcr.obj</name>
      </input_file>
      <input_file id="fl-25">
         <path>.\source\</path>
         <kind>object</kind>
         <file>sys_phantom.obj</file>
         <name>sys_phantom.obj</name>
      </input_file>
      <input_file id="fl-26">
         <path>.\source\</path>
         <kind>object</kind>
         <file>sys_pmm.obj</file>
         <name>sys_pmm.obj</name>
      </input_file>
      <input_file id="fl-27">
         <path>.\source\</path>
         <kind>object</kind>
         <file>sys_pmu.obj</file>
         <name>sys_pmu.obj</name>
      </input_file>
      <input_file id="fl-28">
         <path>.\source\</path>
         <kind>object</kind>
         <file>sys_selftest.obj</file>
         <name>sys_selftest.obj</name>
      </input_file>
      <input_file id="fl-29">
         <path>.\source\</path>
         <kind>object</kind>
         <file>sys_startup.obj</file>
         <name>sys_startup.obj</name>
      </input_file>
      <input_file id="fl-2a">
         <path>.\source\</path>
         <kind>object</kind>
         <file>sys_vim.obj</file>
         <name>sys_vim.obj</name>
      </input_file>
      <input_file id="fl-2b">
         <path>.\source\</path>
         <kind>object</kind>
         <file>system.obj</file>
         <name>system.obj</name>
      </input_file>
      <input_file id="fl-2f">
         <kind>object</kind>
         <file>&lt;internal&gt;</file>
         <name>&lt;internal&gt;</name>
      </input_file>
      <input_file id="fl-30">
         <path>E:\ti\ccsv7\tools\compiler\ti-cgt-arm_16.9.4.LTS\lib\</path>
         <kind>archive</kind>
         <file>rtsv7R4_T_be_v3D16_eabi.lib</file>
         <name>autoinit.obj</name>
      </input_file>
      <input_file id="fl-31">
         <path>E:\ti\ccsv7\tools\compiler\ti-cgt-arm_16.9.4.LTS\lib\</path>
         <kind>archive</kind>
         <file>rtsv7R4_T_be_v3D16_eabi.lib</file>
         <name>copy_decompress_lzss.obj</name>
      </input_file>
      <input_file id="fl-32">
         <path>E:\ti\ccsv7\tools\compiler\ti-cgt-arm_16.9.4.LTS\lib\</path>
         <kind>archive</kind>
         <file>rtsv7R4_T_be_v3D16_eabi.lib</file>
         <name>copy_decompress_none.obj</name>
      </input_file>
      <input_file id="fl-33">
         <path>E:\ti\ccsv7\tools\compiler\ti-cgt-arm_16.9.4.LTS\lib\</path>
         <kind>archive</kind>
         <file>rtsv7R4_T_be_v3D16_eabi.lib</file>
         <name>copy_zero_init.obj</name>
      </input_file>
      <input_file id="fl-34">
         <path>E:\ti\ccsv7\tools\compiler\ti-cgt-arm_16.9.4.LTS\lib\</path>
         <kind>archive</kind>
         <file>rtsv7R4_T_be_v3D16_eabi.lib</file>
         <name>cpy_tbl.obj</name>
      </input_file>
      <input_file id="fl-35">
         <path>E:\ti\ccsv7\tools\compiler\ti-cgt-arm_16.9.4.LTS\lib\</path>
         <kind>archive</kind>
         <file>rtsv7R4_T_be_v3D16_eabi.lib</file>
         <name>exit.obj</name>
      </input_file>
      <input_file id="fl-36">
         <path>E:\ti\ccsv7\tools\compiler\ti-cgt-arm_16.9.4.LTS\lib\</path>
         <kind>archive</kind>
         <file>rtsv7R4_T_be_v3D16_eabi.lib</file>
         <name>i_div32.obj</name>
      </input_file>
      <input_file id="fl-37">
         <path>E:\ti\ccsv7\tools\compiler\ti-cgt-arm_16.9.4.LTS\lib\</path>
         <kind>archive</kind>
         <file>rtsv7R4_T_be_v3D16_eabi.lib</file>
         <name>ltoa.obj</name>
      </input_file>
      <input_file id="fl-38">
         <path>E:\ti\ccsv7\tools\compiler\ti-cgt-arm_16.9.4.LTS\lib\</path>
         <kind>archive</kind>
         <file>rtsv7R4_T_be_v3D16_eabi.lib</file>
         <name>memcpy_t2.obj</name>
      </input_file>
      <input_file id="fl-39">
         <path>E:\ti\ccsv7\tools\compiler\ti-cgt-arm_16.9.4.LTS\lib\</path>
         <kind>archive</kind>
         <file>rtsv7R4_T_be_v3D16_eabi.lib</file>
         <name>memset_t2.obj</name>
      </input_file>
      <input_file id="fl-3a">
         <path>E:\ti\ccsv7\tools\compiler\ti-cgt-arm_16.9.4.LTS\lib\</path>
         <kind>archive</kind>
         <file>rtsv7R4_T_be_v3D16_eabi.lib</file>
         <name>rand.obj</name>
      </input_file>
      <input_file id="fl-3b">
         <path>E:\ti\ccsv7\tools\compiler\ti-cgt-arm_16.9.4.LTS\lib\</path>
         <kind>archive</kind>
         <file>rtsv7R4_T_be_v3D16_eabi.lib</file>
         <name>s_floor.obj</name>
      </input_file>
      <input_file id="fl-3c">
         <path>E:\ti\ccsv7\tools\compiler\ti-cgt-arm_16.9.4.LTS\lib\</path>
         <kind>archive</kind>
         <file>rtsv7R4_T_be_v3D16_eabi.lib</file>
         <name>startup.obj</name>
      </input_file>
      <input_file id="fl-3d">
         <path>E:\ti\ccsv7\tools\compiler\ti-cgt-arm_16.9.4.LTS\lib\</path>
         <kind>archive</kind>
         <file>rtsv7R4_T_be_v3D16_eabi.lib</file>
         <name>strlen.obj</name>
      </input_file>
      <input_file id="fl-3e">
         <path>E:\ti\ccsv7\tools\compiler\ti-cgt-arm_16.9.4.LTS\lib\</path>
         <kind>archive</kind>
         <file>rtsv7R4_T_be_v3D16_eabi.lib</file>
         <name>u_div32.obj</name>
      </input_file>
      <input_file id="fl-3f">
         <path>E:\ti\ccsv7\tools\compiler\ti-cgt-arm_16.9.4.LTS\lib\</path>
         <kind>archive</kind>
         <file>rtsv7R4_T_be_v3D16_eabi.lib</file>
         <name>_lock.obj</name>
      </input_file>
      <input_file id="fl-40">
         <path>E:\ti\ccsv7\tools\compiler\ti-cgt-arm_16.9.4.LTS\lib\</path>
         <kind>archive</kind>
         <file>rtsv7R4_T_be_v3D16_eabi.lib</file>
         <name>i_div0.obj</name>
      </input_file>
   </input_file_list>
   <object_component_list>
      <object_component id="oc-35">
         <name>.intvecs</name>
         <load_address>0x0</load_address>
         <run_address>0x0</run_address>
         <size>0x20</size>
         <input_file_ref idref="fl-21"/>
      </object_component>
      <object_component id="oc-141">
         <name>.kernelTEXT</name>
         <load_address>0x20</load_address>
         <run_address>0x20</run_address>
         <size>0x2f50</size>
         <input_file_ref idref="fl-1a"/>
      </object_component>
      <object_component id="oc-a5">
         <name>.kernelTEXT</name>
         <load_address>0x2f70</load_address>
         <run_address>0x2f70</run_address>
         <size>0x1408</size>
         <input_file_ref idref="fl-19"/>
      </object_component>
      <object_component id="oc-22e">
         <name>.kernelTEXT</name>
         <load_address>0x4378</load_address>
         <run_address>0x4378</run_address>
         <size>0x81c</size>
         <input_file_ref idref="fl-13"/>
      </object_component>
      <object_component id="oc-bc">
         <name>.kernelTEXT</name>
         <load_address>0x4b94</load_address>
         <run_address>0x4b94</run_address>
         <size>0x4b0</size>
         <input_file_ref idref="fl-18"/>
      </object_component>
      <object_component id="oc-272">
         <name>.kernelTEXT</name>
         <load_address>0x5044</load_address>
         <run_address>0x5044</run_address>
         <size>0x3e0</size>
         <input_file_ref idref="fl-17"/>
      </object_component>
      <object_component id="oc-135">
         <name>.kernelTEXT</name>
         <load_address>0x5424</load_address>
         <run_address>0x5424</run_address>
         <size>0x3a4</size>
         <input_file_ref idref="fl-14"/>
      </object_component>
      <object_component id="oc-3dd">
         <name>.cinit..data.load</name>
         <load_address>0x57c8</load_address>
         <run_address>0x57c8</run_address>
         <size>0x21</size>
      </object_component>
      <object_component id="oc-3d8">
         <name>__TI_handler_table</name>
         <load_address>0x57ec</load_address>
         <run_address>0x57ec</run_address>
         <size>0xc</size>
      </object_component>
      <object_component id="oc-3da">
         <name>.cinit..kernelBSS.load</name>
         <load_address>0x57f8</load_address>
         <run_address>0x57f8</run_address>
         <size>0x9</size>
      </object_component>
      <object_component id="oc-3dc">
         <name>.cinit..bss.load</name>
         <load_address>0x5808</load_address>
         <run_address>0x5808</run_address>
         <size>0x8</size>
      </object_component>
      <object_component id="oc-3db">
         <name>.cinit..kernelHEAP.load</name>
         <load_address>0x5810</load_address>
         <run_address>0x5810</run_address>
         <size>0x8</size>
      </object_component>
      <object_component id="oc-3d9">
         <name>__TI_cinit_table</name>
         <load_address>0x5818</load_address>
         <run_address>0x5818</run_address>
         <size>0x20</size>
      </object_component>
      <object_component id="oc-7a">
         <name>.text</name>
         <load_address>0x8020</load_address>
         <run_address>0x8020</run_address>
         <size>0x2cdc</size>
         <input_file_ref idref="fl-28"/>
      </object_component>
      <object_component id="oc-99">
         <name>.text</name>
         <load_address>0xacfc</load_address>
         <run_address>0xacfc</run_address>
         <size>0xf2c</size>
         <input_file_ref idref="fl-3"/>
      </object_component>
      <object_component id="oc-74">
         <name>.text</name>
         <load_address>0xbc28</load_address>
         <run_address>0xbc28</run_address>
         <size>0xb28</size>
         <input_file_ref idref="fl-2b"/>
      </object_component>
      <object_component id="oc-41">
         <name>.text</name>
         <load_address>0xc750</load_address>
         <run_address>0xc750</run_address>
         <size>0xa5c</size>
         <input_file_ref idref="fl-2a"/>
      </object_component>
      <object_component id="oc-118">
         <name>.text</name>
         <load_address>0xd1ac</load_address>
         <run_address>0xd1ac</run_address>
         <size>0xa4c</size>
         <input_file_ref idref="fl-16"/>
      </object_component>
      <object_component id="oc-f4">
         <name>.text</name>
         <load_address>0xdbf8</load_address>
         <run_address>0xdbf8</run_address>
         <size>0x8ac</size>
         <input_file_ref idref="fl-1c"/>
      </object_component>
      <object_component id="oc-23b">
         <name>.text</name>
         <load_address>0xe4a4</load_address>
         <run_address>0xe4a4</run_address>
         <size>0x7d4</size>
         <input_file_ref idref="fl-1d"/>
      </object_component>
      <object_component id="oc-80">
         <name>.text</name>
         <load_address>0xec78</load_address>
         <run_address>0xec78</run_address>
         <size>0x5d8</size>
         <input_file_ref idref="fl-a"/>
      </object_component>
      <object_component id="oc-12f">
         <name>.text</name>
         <load_address>0xf250</load_address>
         <run_address>0xf250</run_address>
         <size>0x484</size>
         <input_file_ref idref="fl-c"/>
      </object_component>
      <object_component id="oc-8c">
         <name>.text</name>
         <load_address>0xf6d4</load_address>
         <run_address>0xf6d4</run_address>
         <size>0x38c</size>
         <input_file_ref idref="fl-22"/>
      </object_component>
      <object_component id="oc-6f">
         <name>.text</name>
         <load_address>0xfa60</load_address>
         <run_address>0xfa60</run_address>
         <size>0x34c</size>
         <input_file_ref idref="fl-1f"/>
      </object_component>
      <object_component id="oc-40">
         <name>.text:retain</name>
         <load_address>0xfdac</load_address>
         <run_address>0xfdac</run_address>
         <size>0x2cc</size>
         <input_file_ref idref="fl-2a"/>
      </object_component>
      <object_component id="oc-25f">
         <name>.text</name>
         <load_address>0x10078</load_address>
         <run_address>0x10078</run_address>
         <size>0x284</size>
         <input_file_ref idref="fl-14"/>
      </object_component>
      <object_component id="oc-20">
         <name>.text:retain</name>
         <load_address>0x102fc</load_address>
         <run_address>0x102fc</run_address>
         <size>0x27c</size>
         <input_file_ref idref="fl-29"/>
      </object_component>
      <object_component id="oc-167">
         <name>.text</name>
         <load_address>0x10578</load_address>
         <run_address>0x10578</run_address>
         <size>0x238</size>
         <input_file_ref idref="fl-15"/>
      </object_component>
      <object_component id="oc-9f">
         <name>.text</name>
         <load_address>0x107b0</load_address>
         <run_address>0x107b0</run_address>
         <size>0x20c</size>
         <input_file_ref idref="fl-11"/>
      </object_component>
      <object_component id="oc-11e">
         <name>.text</name>
         <load_address>0x109bc</load_address>
         <run_address>0x109bc</run_address>
         <size>0x1bc</size>
         <input_file_ref idref="fl-2"/>
      </object_component>
      <object_component id="oc-325">
         <name>.text</name>
         <load_address>0x10b78</load_address>
         <run_address>0x10b78</run_address>
         <size>0x1b4</size>
         <input_file_ref idref="fl-17"/>
      </object_component>
      <object_component id="oc-228">
         <name>.text</name>
         <load_address>0x10d2c</load_address>
         <run_address>0x10d2c</run_address>
         <size>0x168</size>
         <input_file_ref idref="fl-1a"/>
      </object_component>
      <object_component id="oc-2f">
         <name>.text:retain</name>
         <load_address>0x10e94</load_address>
         <run_address>0x10e94</run_address>
         <size>0x114</size>
         <input_file_ref idref="fl-a"/>
      </object_component>
      <object_component id="oc-26">
         <name>.text:retain</name>
         <load_address>0x10fa8</load_address>
         <run_address>0x10fa8</run_address>
         <size>0x10c</size>
         <input_file_ref idref="fl-3"/>
      </object_component>
      <object_component id="oc-ca">
         <name>.text</name>
         <load_address>0x110b4</load_address>
         <run_address>0x110b4</run_address>
         <size>0xe8</size>
         <input_file_ref idref="fl-6"/>
      </object_component>
      <object_component id="oc-2f3">
         <name>.text</name>
         <load_address>0x1119c</load_address>
         <run_address>0x1119c</run_address>
         <size>0xe0</size>
         <input_file_ref idref="fl-3b"/>
      </object_component>
      <object_component id="oc-fc">
         <name>.text</name>
         <load_address>0x1127c</load_address>
         <run_address>0x1127c</run_address>
         <size>0xe0</size>
         <input_file_ref idref="fl-27"/>
      </object_component>
      <object_component id="oc-57">
         <name>.text</name>
         <load_address>0x1135c</load_address>
         <run_address>0x1135c</run_address>
         <size>0x9c</size>
         <input_file_ref idref="fl-38"/>
      </object_component>
      <object_component id="oc-63">
         <name>.text</name>
         <load_address>0x113f8</load_address>
         <run_address>0x113f8</run_address>
         <size>0x7a</size>
         <input_file_ref idref="fl-39"/>
      </object_component>
      <object_component id="oc-256">
         <name>.text</name>
         <load_address>0x11472</load_address>
         <run_address>0x11472</run_address>
         <size>0x2</size>
         <input_file_ref idref="fl-40"/>
      </object_component>
      <object_component id="oc-86">
         <name>.text</name>
         <load_address>0x11474</load_address>
         <run_address>0x11474</run_address>
         <size>0x70</size>
         <input_file_ref idref="fl-30"/>
      </object_component>
      <object_component id="oc-e">
         <name>.text:decompress:lzss</name>
         <load_address>0x114e4</load_address>
         <run_address>0x114e4</run_address>
         <size>0x6c</size>
         <input_file_ref idref="fl-31"/>
      </object_component>
      <object_component id="oc-12a">
         <name>.text</name>
         <load_address>0x11550</load_address>
         <run_address>0x11550</run_address>
         <size>0x54</size>
         <input_file_ref idref="fl-36"/>
      </object_component>
      <object_component id="oc-13b">
         <name>.text</name>
         <load_address>0x115a4</load_address>
         <run_address>0x115a4</run_address>
         <size>0x54</size>
         <input_file_ref idref="fl-37"/>
      </object_component>
      <object_component id="oc-92">
         <name>.text</name>
         <load_address>0x115f8</load_address>
         <run_address>0x115f8</run_address>
         <size>0x50</size>
         <input_file_ref idref="fl-35"/>
      </object_component>
      <object_component id="oc-10a">
         <name>.text</name>
         <load_address>0x11648</load_address>
         <run_address>0x11648</run_address>
         <size>0x4c</size>
         <input_file_ref idref="fl-34"/>
      </object_component>
      <object_component id="oc-124">
         <name>.text</name>
         <load_address>0x11694</load_address>
         <run_address>0x11694</run_address>
         <size>0x4c</size>
         <input_file_ref idref="fl-3a"/>
      </object_component>
      <object_component id="oc-241">
         <name>.text</name>
         <load_address>0x116e0</load_address>
         <run_address>0x116e0</run_address>
         <size>0x16</size>
         <input_file_ref idref="fl-3d"/>
      </object_component>
      <object_component id="oc-110">
         <name>.text</name>
         <load_address>0x116f6</load_address>
         <run_address>0x116f6</run_address>
         <size>0x2</size>
         <input_file_ref idref="fl-3c"/>
      </object_component>
      <object_component id="oc-284">
         <name>.text</name>
         <load_address>0x116f8</load_address>
         <run_address>0x116f8</run_address>
         <size>0x14</size>
         <input_file_ref idref="fl-3f"/>
      </object_component>
      <object_component id="oc-14">
         <name>.text:decompress:none</name>
         <load_address>0x1170c</load_address>
         <run_address>0x1170c</run_address>
         <size>0xe</size>
         <input_file_ref idref="fl-32"/>
      </object_component>
      <object_component id="oc-1a">
         <name>.text:decompress:ZI</name>
         <load_address>0x1171a</load_address>
         <run_address>0x1171a</run_address>
         <size>0xc</size>
         <input_file_ref idref="fl-33"/>
      </object_component>
      <object_component id="oc-3a">
         <name>.text:retain</name>
         <load_address>0x11728</load_address>
         <run_address>0x11728</run_address>
         <size>0x4</size>
         <input_file_ref idref="fl-25"/>
      </object_component>
      <object_component id="oc-2c">
         <name>.const:s_vim_init</name>
         <load_address>0x1172c</load_address>
         <run_address>0x1172c</run_address>
         <size>0x200</size>
         <input_file_ref idref="fl-2a"/>
      </object_component>
      <object_component id="oc-27f">
         <name>.const:.string</name>
         <load_address>0x1192c</load_address>
         <run_address>0x1192c</run_address>
         <size>0xc0</size>
         <input_file_ref idref="fl-22"/>
      </object_component>
      <object_component id="oc-158">
         <name>.const:s_adcFiFoSize</name>
         <load_address>0x119ec</load_address>
         <run_address>0x119ec</run_address>
         <size>0x18</size>
         <input_file_ref idref="fl-3"/>
      </object_component>
      <object_component id="oc-15b">
         <name>.const:s_adcSelect</name>
         <load_address>0x11a04</load_address>
         <run_address>0x11a04</run_address>
         <size>0x18</size>
         <input_file_ref idref="fl-3"/>
      </object_component>
      <object_component id="oc-268">
         <name>.const</name>
         <load_address>0x11a1c</load_address>
         <run_address>0x11a1c</run_address>
         <size>0x4</size>
         <input_file_ref idref="fl-14"/>
      </object_component>
      <object_component id="oc-1b4">
         <name>.kernelBSS:init</name>
         <load_address>0x80008d0</load_address>
         <run_address>0x80008d0</run_address>
         <size>0x34</size>
         <input_file_ref idref="fl-1a"/>
      </object_component>
      <object_component id="oc-278">
         <name>.kernelBSS:uninit</name>
         <load_address>0x8000800</load_address>
         <run_address>0x8000800</run_address>
         <size>0xd0</size>
         <input_file_ref idref="fl-1a"/>
      </object_component>
      <object_component id="oc-312">
         <name>.kernelHEAP</name>
         <uninitialized>true</uninitialized>
         <run_address>0x8001000</run_address>
         <size>0x2000</size>
         <input_file_ref idref="fl-14"/>
      </object_component>
      <object_component id="oc-24d">
         <name>.bss:inputBuffer</name>
         <uninitialized>true</uninitialized>
         <run_address>0x8003034</run_address>
         <size>0xc</size>
         <input_file_ref idref="fl-2"/>
      </object_component>
      <object_component id="oc-ab">
         <name>.bss</name>
         <uninitialized>true</uninitialized>
         <run_address>0x8003028</run_address>
         <size>0xc</size>
         <input_file_ref idref="fl-3"/>
      </object_component>
      <object_component id="oc-26b">
         <name>.bss:xStart</name>
         <uninitialized>true</uninitialized>
         <run_address>0x8003040</run_address>
         <size>0x8</size>
         <input_file_ref idref="fl-14"/>
      </object_component>
      <object_component id="oc-2f9">
         <name>.bss:g_sciTransfer_t</name>
         <uninitialized>true</uninitialized>
         <run_address>0x8003000</run_address>
         <size>0x28</size>
         <input_file_ref idref="fl-1d"/>
      </object_component>
      <object_component id="oc-24a">
         <name>.common:currChar</name>
         <uninitialized>true</uninitialized>
         <run_address>0x8003058</run_address>
         <size>0x1</size>
      </object_component>
      <object_component id="oc-15e">
         <name>.common:xBinarySemaphore</name>
         <uninitialized>true</uninitialized>
         <run_address>0x800304c</run_address>
         <size>0x4</size>
      </object_component>
      <object_component id="oc-af">
         <name>.common:xIntegerQueue</name>
         <uninitialized>true</uninitialized>
         <run_address>0x8003050</run_address>
         <size>0x4</size>
      </object_component>
      <object_component id="oc-ac">
         <name>.common:xAdcQueue</name>
         <uninitialized>true</uninitialized>
         <run_address>0x8003048</run_address>
         <size>0x4</size>
      </object_component>
      <object_component id="oc-14a">
         <name>.common:xPrintQueue</name>
         <uninitialized>true</uninitialized>
         <run_address>0x8003054</run_address>
         <size>0x4</size>
      </object_component>
      <object_component id="oc-247">
         <name>.data</name>
         <load_address>0x800309c</load_address>
         <run_address>0x800309c</run_address>
         <size>0x4</size>
         <input_file_ref idref="fl-2"/>
      </object_component>
      <object_component id="oc-265">
         <name>.data</name>
         <load_address>0x800305c</load_address>
         <run_address>0x800305c</run_address>
         <size>0x10</size>
         <input_file_ref idref="fl-14"/>
      </object_component>
      <object_component id="oc-1b7">
         <name>.data</name>
         <load_address>0x800308c</load_address>
         <run_address>0x800308c</run_address>
         <size>0x8</size>
         <input_file_ref idref="fl-17"/>
      </object_component>
      <object_component id="oc-147">
         <name>.data</name>
         <load_address>0x8003094</load_address>
         <run_address>0x8003094</run_address>
         <size>0x8</size>
         <input_file_ref idref="fl-22"/>
      </object_component>
      <object_component id="oc-14b">
         <name>.data:pcStringsToPrint</name>
         <load_address>0x8003078</load_address>
         <run_address>0x8003078</run_address>
         <size>0xc</size>
         <input_file_ref idref="fl-22"/>
      </object_component>
      <object_component id="oc-14f">
         <name>.data:$O1$$</name>
         <load_address>0x800306c</load_address>
         <run_address>0x800306c</run_address>
         <size>0xc</size>
         <input_file_ref idref="fl-35"/>
      </object_component>
      <object_component id="oc-251">
         <name>.data</name>
         <load_address>0x80030a0</load_address>
         <run_address>0x80030a0</run_address>
         <size>0x4</size>
         <input_file_ref idref="fl-3a"/>
      </object_component>
      <object_component id="oc-152">
         <name>.data:$O1$$</name>
         <load_address>0x8003084</load_address>
         <run_address>0x8003084</run_address>
         <size>0x8</size>
         <input_file_ref idref="fl-3f"/>
      </object_component>
      <object_component id="oc-24b">
         <name>.debug_info</name>
         <load_address>0x0</load_address>
         <run_address>0x0</run_address>
         <size>0x3ef</size>
         <input_file_ref idref="fl-2"/>
      </object_component>
      <object_component id="oc-24e">
         <name>.debug_info</name>
         <load_address>0x3ef</load_address>
         <run_address>0x3ef</run_address>
         <size>0xe7</size>
         <input_file_ref idref="fl-2"/>
      </object_component>
      <object_component id="oc-248">
         <name>.debug_info</name>
         <load_address>0x4d6</load_address>
         <run_address>0x4d6</run_address>
         <size>0xe7</size>
         <input_file_ref idref="fl-2"/>
      </object_component>
      <object_component id="oc-11f">
         <name>.debug_info</name>
         <load_address>0x5bd</load_address>
         <run_address>0x5bd</run_address>
         <size>0x4cd</size>
         <input_file_ref idref="fl-2"/>
      </object_component>
      <object_component id="oc-c5">
         <name>.debug_info</name>
         <load_address>0xa8a</load_address>
         <run_address>0xa8a</run_address>
         <size>0x157</size>
         <input_file_ref idref="fl-2"/>
      </object_component>
      <object_component id="oc-b1">
         <name>.debug_info</name>
         <load_address>0xbe1</load_address>
         <run_address>0xbe1</run_address>
         <size>0x8b</size>
         <input_file_ref idref="fl-2"/>
      </object_component>
      <object_component id="oc-183">
         <name>.debug_info</name>
         <load_address>0xc6c</load_address>
         <run_address>0xc6c</run_address>
         <size>0x18b</size>
         <input_file_ref idref="fl-2"/>
      </object_component>
      <object_component id="oc-ec">
         <name>.debug_info</name>
         <load_address>0xdf7</load_address>
         <run_address>0xdf7</run_address>
         <size>0x2c</size>
         <input_file_ref idref="fl-2"/>
      </object_component>
      <object_component id="oc-d7">
         <name>.debug_info</name>
         <load_address>0xe23</load_address>
         <run_address>0xe23</run_address>
         <size>0x86</size>
         <input_file_ref idref="fl-2"/>
      </object_component>
      <object_component id="oc-194">
         <name>.debug_info</name>
         <load_address>0xea9</load_address>
         <run_address>0xea9</run_address>
         <size>0x1f9</size>
         <input_file_ref idref="fl-2"/>
      </object_component>
      <object_component id="oc-199">
         <name>.debug_info</name>
         <load_address>0x10a2</load_address>
         <run_address>0x10a2</run_address>
         <size>0x243</size>
         <input_file_ref idref="fl-2"/>
      </object_component>
      <object_component id="oc-382">
         <name>.debug_info</name>
         <load_address>0x12e5</load_address>
         <run_address>0x12e5</run_address>
         <size>0x18e</size>
         <input_file_ref idref="fl-2"/>
      </object_component>
      <object_component id="oc-bb">
         <name>.debug_info</name>
         <load_address>0x1473</load_address>
         <run_address>0x1473</run_address>
         <size>0x560</size>
         <input_file_ref idref="fl-3"/>
      </object_component>
      <object_component id="oc-15c">
         <name>.debug_info</name>
         <load_address>0x19d3</load_address>
         <run_address>0x19d3</run_address>
         <size>0xe1</size>
         <input_file_ref idref="fl-3"/>
      </object_component>
      <object_component id="oc-159">
         <name>.debug_info</name>
         <load_address>0x1ab4</load_address>
         <run_address>0x1ab4</run_address>
         <size>0xe5</size>
         <input_file_ref idref="fl-3"/>
      </object_component>
      <object_component id="oc-9a">
         <name>.debug_info</name>
         <load_address>0x1b99</load_address>
         <run_address>0x1b99</run_address>
         <size>0xcf9</size>
         <input_file_ref idref="fl-3"/>
      </object_component>
      <object_component id="oc-27">
         <name>.debug_info</name>
         <load_address>0x2892</load_address>
         <run_address>0x2892</run_address>
         <size>0x270</size>
         <input_file_ref idref="fl-3"/>
      </object_component>
      <object_component id="oc-18a">
         <name>.debug_info</name>
         <load_address>0x2b02</load_address>
         <run_address>0x2b02</run_address>
         <size>0x791</size>
         <input_file_ref idref="fl-3"/>
      </object_component>
      <object_component id="oc-1a3">
         <name>.debug_info</name>
         <load_address>0x3293</load_address>
         <run_address>0x3293</run_address>
         <size>0x395</size>
         <input_file_ref idref="fl-3"/>
      </object_component>
      <object_component id="oc-16e">
         <name>.debug_info</name>
         <load_address>0x3628</load_address>
         <run_address>0x3628</run_address>
         <size>0xe1</size>
         <input_file_ref idref="fl-3"/>
      </object_component>
      <object_component id="oc-173">
         <name>.debug_info</name>
         <load_address>0x3709</load_address>
         <run_address>0x3709</run_address>
         <size>0x46</size>
         <input_file_ref idref="fl-3"/>
      </object_component>
      <object_component id="oc-18f">
         <name>.debug_info</name>
         <load_address>0x374f</load_address>
         <run_address>0x374f</run_address>
         <size>0x2c</size>
         <input_file_ref idref="fl-3"/>
      </object_component>
      <object_component id="oc-d2">
         <name>.debug_info</name>
         <load_address>0x377b</load_address>
         <run_address>0x377b</run_address>
         <size>0x18c</size>
         <input_file_ref idref="fl-3"/>
      </object_component>
      <object_component id="oc-1a8">
         <name>.debug_info</name>
         <load_address>0x3907</load_address>
         <run_address>0x3907</run_address>
         <size>0x2c</size>
         <input_file_ref idref="fl-3"/>
      </object_component>
      <object_component id="oc-b6">
         <name>.debug_info</name>
         <load_address>0x3933</load_address>
         <run_address>0x3933</run_address>
         <size>0x38f</size>
         <input_file_ref idref="fl-3"/>
      </object_component>
      <object_component id="oc-1af">
         <name>.debug_info</name>
         <load_address>0x3cc2</load_address>
         <run_address>0x3cc2</run_address>
         <size>0x2d0</size>
         <input_file_ref idref="fl-3"/>
      </object_component>
      <object_component id="oc-2da">
         <name>.debug_info</name>
         <load_address>0x3f92</load_address>
         <run_address>0x3f92</run_address>
         <size>0x2fd</size>
         <input_file_ref idref="fl-4"/>
      </object_component>
      <object_component id="oc-1e7">
         <name>.debug_info</name>
         <load_address>0x428f</load_address>
         <run_address>0x428f</run_address>
         <size>0x437</size>
         <input_file_ref idref="fl-4"/>
      </object_component>
      <object_component id="oc-358">
         <name>.debug_info</name>
         <load_address>0x46c6</load_address>
         <run_address>0x46c6</run_address>
         <size>0x15f</size>
         <input_file_ref idref="fl-4"/>
      </object_component>
      <object_component id="oc-339">
         <name>.debug_info</name>
         <load_address>0x4825</load_address>
         <run_address>0x4825</run_address>
         <size>0x2ab</size>
         <input_file_ref idref="fl-5"/>
      </object_component>
      <object_component id="oc-29b">
         <name>.debug_info</name>
         <load_address>0x4ad0</load_address>
         <run_address>0x4ad0</run_address>
         <size>0x3b8</size>
         <input_file_ref idref="fl-5"/>
      </object_component>
      <object_component id="oc-390">
         <name>.debug_info</name>
         <load_address>0x4e88</load_address>
         <run_address>0x4e88</run_address>
         <size>0x22c</size>
         <input_file_ref idref="fl-5"/>
      </object_component>
      <object_component id="oc-cb">
         <name>.debug_info</name>
         <load_address>0x50b4</load_address>
         <run_address>0x50b4</run_address>
         <size>0x100</size>
         <input_file_ref idref="fl-6"/>
      </object_component>
      <object_component id="oc-33a">
         <name>.debug_info</name>
         <load_address>0x51b4</load_address>
         <run_address>0x51b4</run_address>
         <size>0x280</size>
         <input_file_ref idref="fl-7"/>
      </object_component>
      <object_component id="oc-397">
         <name>.debug_info</name>
         <load_address>0x5434</load_address>
         <run_address>0x5434</run_address>
         <size>0x155</size>
         <input_file_ref idref="fl-7"/>
      </object_component>
      <object_component id="oc-2a0">
         <name>.debug_info</name>
         <load_address>0x5589</load_address>
         <run_address>0x5589</run_address>
         <size>0x116</size>
         <input_file_ref idref="fl-7"/>
      </object_component>
      <object_component id="oc-33b">
         <name>.debug_info</name>
         <load_address>0x569f</load_address>
         <run_address>0x569f</run_address>
         <size>0x29d</size>
         <input_file_ref idref="fl-8"/>
      </object_component>
      <object_component id="oc-39e">
         <name>.debug_info</name>
         <load_address>0x593c</load_address>
         <run_address>0x593c</run_address>
         <size>0x359</size>
         <input_file_ref idref="fl-8"/>
      </object_component>
      <object_component id="oc-2a5">
         <name>.debug_info</name>
         <load_address>0x5c95</load_address>
         <run_address>0x5c95</run_address>
         <size>0x152</size>
         <input_file_ref idref="fl-8"/>
      </object_component>
      <object_component id="oc-33c">
         <name>.debug_info</name>
         <load_address>0x5de7</load_address>
         <run_address>0x5de7</run_address>
         <size>0x281</size>
         <input_file_ref idref="fl-9"/>
      </object_component>
      <object_component id="oc-3a5">
         <name>.debug_info</name>
         <load_address>0x6068</load_address>
         <run_address>0x6068</run_address>
         <size>0x669</size>
         <input_file_ref idref="fl-9"/>
      </object_component>
      <object_component id="oc-2aa">
         <name>.debug_info</name>
         <load_address>0x66d1</load_address>
         <run_address>0x66d1</run_address>
         <size>0x22e</size>
         <input_file_ref idref="fl-9"/>
      </object_component>
      <object_component id="oc-109">
         <name>.debug_info</name>
         <load_address>0x68ff</load_address>
         <run_address>0x68ff</run_address>
         <size>0x302</size>
         <input_file_ref idref="fl-a"/>
      </object_component>
      <object_component id="oc-81">
         <name>.debug_info</name>
         <load_address>0x6c01</load_address>
         <run_address>0x6c01</run_address>
         <size>0xb29</size>
         <input_file_ref idref="fl-a"/>
      </object_component>
      <object_component id="oc-30">
         <name>.debug_info</name>
         <load_address>0x772a</load_address>
         <run_address>0x772a</run_address>
         <size>0x189</size>
         <input_file_ref idref="fl-a"/>
      </object_component>
      <object_component id="oc-1bd">
         <name>.debug_info</name>
         <load_address>0x78b3</load_address>
         <run_address>0x78b3</run_address>
         <size>0x1de</size>
         <input_file_ref idref="fl-a"/>
      </object_component>
      <object_component id="oc-104">
         <name>.debug_info</name>
         <load_address>0x7a91</load_address>
         <run_address>0x7a91</run_address>
         <size>0x129</size>
         <input_file_ref idref="fl-a"/>
      </object_component>
      <object_component id="oc-2dc">
         <name>.debug_info</name>
         <load_address>0x7bba</load_address>
         <run_address>0x7bba</run_address>
         <size>0x29f</size>
         <input_file_ref idref="fl-b"/>
      </object_component>
      <object_component id="oc-366">
         <name>.debug_info</name>
         <load_address>0x7e59</load_address>
         <run_address>0x7e59</run_address>
         <size>0xc6d</size>
         <input_file_ref idref="fl-b"/>
      </object_component>
      <object_component id="oc-2af">
         <name>.debug_info</name>
         <load_address>0x8ac6</load_address>
         <run_address>0x8ac6</run_address>
         <size>0x396</size>
         <input_file_ref idref="fl-b"/>
      </object_component>
      <object_component id="oc-1f6">
         <name>.debug_info</name>
         <load_address>0x8e5c</load_address>
         <run_address>0x8e5c</run_address>
         <size>0x508</size>
         <input_file_ref idref="fl-b"/>
      </object_component>
      <object_component id="oc-2d4">
         <name>.debug_info</name>
         <load_address>0x9364</load_address>
         <run_address>0x9364</run_address>
         <size>0x43c</size>
         <input_file_ref idref="fl-b"/>
      </object_component>
      <object_component id="oc-25e">
         <name>.debug_info</name>
         <load_address>0x97a0</load_address>
         <run_address>0x97a0</run_address>
         <size>0x285</size>
         <input_file_ref idref="fl-c"/>
      </object_component>
      <object_component id="oc-130">
         <name>.debug_info</name>
         <load_address>0x9a25</load_address>
         <run_address>0x9a25</run_address>
         <size>0x6e1</size>
         <input_file_ref idref="fl-c"/>
      </object_component>
      <object_component id="oc-30d">
         <name>.debug_info</name>
         <load_address>0xa106</load_address>
         <run_address>0xa106</run_address>
         <size>0x12a</size>
         <input_file_ref idref="fl-c"/>
      </object_component>
      <object_component id="oc-2db">
         <name>.debug_info</name>
         <load_address>0xa230</load_address>
         <run_address>0xa230</run_address>
         <size>0x318</size>
         <input_file_ref idref="fl-d"/>
      </object_component>
      <object_component id="oc-1f1">
         <name>.debug_info</name>
         <load_address>0xa548</load_address>
         <run_address>0xa548</run_address>
         <size>0x3d3</size>
         <input_file_ref idref="fl-d"/>
      </object_component>
      <object_component id="oc-35f">
         <name>.debug_info</name>
         <load_address>0xa91b</load_address>
         <run_address>0xa91b</run_address>
         <size>0x2e3</size>
         <input_file_ref idref="fl-d"/>
      </object_component>
      <object_component id="oc-33d">
         <name>.debug_info</name>
         <load_address>0xabfe</load_address>
         <run_address>0xabfe</run_address>
         <size>0x290</size>
         <input_file_ref idref="fl-e"/>
      </object_component>
      <object_component id="oc-2b4">
         <name>.debug_info</name>
         <load_address>0xae8e</load_address>
         <run_address>0xae8e</run_address>
         <size>0x2e2</size>
         <input_file_ref idref="fl-e"/>
      </object_component>
      <object_component id="oc-3ac">
         <name>.debug_info</name>
         <load_address>0xb170</load_address>
         <run_address>0xb170</run_address>
         <size>0x34f</size>
         <input_file_ref idref="fl-e"/>
      </object_component>
      <object_component id="oc-33e">
         <name>.debug_info</name>
         <load_address>0xb4bf</load_address>
         <run_address>0xb4bf</run_address>
         <size>0x2b1</size>
         <input_file_ref idref="fl-f"/>
      </object_component>
      <object_component id="oc-2b9">
         <name>.debug_info</name>
         <load_address>0xb770</load_address>
         <run_address>0xb770</run_address>
         <size>0x2bc</size>
         <input_file_ref idref="fl-f"/>
      </object_component>
      <object_component id="oc-3b3">
         <name>.debug_info</name>
         <load_address>0xba2c</load_address>
         <run_address>0xba2c</run_address>
         <size>0x186</size>
         <input_file_ref idref="fl-f"/>
      </object_component>
      <object_component id="oc-2d9">
         <name>.debug_info</name>
         <load_address>0xbbb2</load_address>
         <run_address>0xbbb2</run_address>
         <size>0x2e6</size>
         <input_file_ref idref="fl-10"/>
      </object_component>
      <object_component id="oc-1dd">
         <name>.debug_info</name>
         <load_address>0xbe98</load_address>
         <run_address>0xbe98</run_address>
         <size>0x4de</size>
         <input_file_ref idref="fl-10"/>
      </object_component>
      <object_component id="oc-351">
         <name>.debug_info</name>
         <load_address>0xc376</load_address>
         <run_address>0xc376</run_address>
         <size>0x44e</size>
         <input_file_ref idref="fl-10"/>
      </object_component>
      <object_component id="oc-161">
         <name>.debug_info</name>
         <load_address>0xc7c4</load_address>
         <run_address>0xc7c4</run_address>
         <size>0x534</size>
         <input_file_ref idref="fl-11"/>
      </object_component>
      <object_component id="oc-a0">
         <name>.debug_info</name>
         <load_address>0xccf8</load_address>
         <run_address>0xccf8</run_address>
         <size>0x157f</size>
         <input_file_ref idref="fl-11"/>
      </object_component>
      <object_component id="oc-1e2">
         <name>.debug_info</name>
         <load_address>0xe277</load_address>
         <run_address>0xe277</run_address>
         <size>0x3ce</size>
         <input_file_ref idref="fl-11"/>
      </object_component>
      <object_component id="oc-296">
         <name>.debug_info</name>
         <load_address>0xe645</load_address>
         <run_address>0xe645</run_address>
         <size>0x7cd</size>
         <input_file_ref idref="fl-11"/>
      </object_component>
      <object_component id="oc-162">
         <name>.debug_info</name>
         <load_address>0xee12</load_address>
         <run_address>0xee12</run_address>
         <size>0x673</size>
         <input_file_ref idref="fl-11"/>
      </object_component>
      <object_component id="oc-212">
         <name>.debug_info</name>
         <load_address>0xf485</load_address>
         <run_address>0xf485</run_address>
         <size>0x37b</size>
         <input_file_ref idref="fl-11"/>
      </object_component>
      <object_component id="oc-1ec">
         <name>.debug_info</name>
         <load_address>0xf800</load_address>
         <run_address>0xf800</run_address>
         <size>0x1ca</size>
         <input_file_ref idref="fl-11"/>
      </object_component>
      <object_component id="oc-1c2">
         <name>.debug_info</name>
         <load_address>0xf9ca</load_address>
         <run_address>0xf9ca</run_address>
         <size>0x435</size>
         <input_file_ref idref="fl-11"/>
      </object_component>
      <object_component id="oc-205">
         <name>.debug_info</name>
         <load_address>0xfdff</load_address>
         <run_address>0xfdff</run_address>
         <size>0x551</size>
         <input_file_ref idref="fl-11"/>
      </object_component>
      <object_component id="oc-1fb">
         <name>.debug_info</name>
         <load_address>0x10350</load_address>
         <run_address>0x10350</run_address>
         <size>0x1de</size>
         <input_file_ref idref="fl-11"/>
      </object_component>
      <object_component id="oc-2be">
         <name>.debug_info</name>
         <load_address>0x1052e</load_address>
         <run_address>0x1052e</run_address>
         <size>0x26c</size>
         <input_file_ref idref="fl-11"/>
      </object_component>
      <object_component id="oc-20a">
         <name>.debug_info</name>
         <load_address>0x1079a</load_address>
         <run_address>0x1079a</run_address>
         <size>0x17a</size>
         <input_file_ref idref="fl-11"/>
      </object_component>
      <object_component id="oc-1c7">
         <name>.debug_info</name>
         <load_address>0x10914</load_address>
         <run_address>0x10914</run_address>
         <size>0x6a6</size>
         <input_file_ref idref="fl-11"/>
      </object_component>
      <object_component id="oc-1cc">
         <name>.debug_info</name>
         <load_address>0x10fba</load_address>
         <run_address>0x10fba</run_address>
         <size>0x13e</size>
         <input_file_ref idref="fl-11"/>
      </object_component>
      <object_component id="oc-2cd">
         <name>.debug_info</name>
         <load_address>0x110f8</load_address>
         <run_address>0x110f8</run_address>
         <size>0x1d7</size>
         <input_file_ref idref="fl-12"/>
      </object_component>
      <object_component id="oc-17e">
         <name>.debug_info</name>
         <load_address>0x112cf</load_address>
         <run_address>0x112cf</run_address>
         <size>0x30c</size>
         <input_file_ref idref="fl-12"/>
      </object_component>
      <object_component id="oc-52">
         <name>.debug_info</name>
         <load_address>0x115db</load_address>
         <run_address>0x115db</run_address>
         <size>0x84</size>
         <input_file_ref idref="fl-12"/>
      </object_component>
      <object_component id="oc-34a">
         <name>.debug_info</name>
         <load_address>0x1165f</load_address>
         <run_address>0x1165f</run_address>
         <size>0xcc</size>
         <input_file_ref idref="fl-12"/>
      </object_component>
      <object_component id="oc-19e">
         <name>.debug_info</name>
         <load_address>0x1172b</load_address>
         <run_address>0x1172b</run_address>
         <size>0x14c</size>
         <input_file_ref idref="fl-12"/>
      </object_component>
      <object_component id="oc-2cc">
         <name>.debug_info</name>
         <load_address>0x11877</load_address>
         <run_address>0x11877</run_address>
         <size>0x67c</size>
         <input_file_ref idref="fl-13"/>
      </object_component>
      <object_component id="oc-22f">
         <name>.debug_info</name>
         <load_address>0x11ef3</load_address>
         <run_address>0x11ef3</run_address>
         <size>0x1478</size>
         <input_file_ref idref="fl-13"/>
      </object_component>
      <object_component id="oc-179">
         <name>.debug_info</name>
         <load_address>0x1336b</load_address>
         <run_address>0x1336b</run_address>
         <size>0x110</size>
         <input_file_ref idref="fl-13"/>
      </object_component>
      <object_component id="oc-236">
         <name>.debug_info</name>
         <load_address>0x1347b</load_address>
         <run_address>0x1347b</run_address>
         <size>0x39</size>
         <input_file_ref idref="fl-13"/>
      </object_component>
      <object_component id="oc-2ee">
         <name>.debug_info</name>
         <load_address>0x134b4</load_address>
         <run_address>0x134b4</run_address>
         <size>0x46</size>
         <input_file_ref idref="fl-13"/>
      </object_component>
      <object_component id="oc-343">
         <name>.debug_info</name>
         <load_address>0x134fa</load_address>
         <run_address>0x134fa</run_address>
         <size>0x62</size>
         <input_file_ref idref="fl-13"/>
      </object_component>
      <object_component id="oc-26f">
         <name>.debug_info</name>
         <load_address>0x1355c</load_address>
         <run_address>0x1355c</run_address>
         <size>0x429</size>
         <input_file_ref idref="fl-14"/>
      </object_component>
      <object_component id="oc-313">
         <name>.debug_info</name>
         <load_address>0x13985</load_address>
         <run_address>0x13985</run_address>
         <size>0xda</size>
         <input_file_ref idref="fl-14"/>
      </object_component>
      <object_component id="oc-269">
         <name>.debug_info</name>
         <load_address>0x13a5f</load_address>
         <run_address>0x13a5f</run_address>
         <size>0xec</size>
         <input_file_ref idref="fl-14"/>
      </object_component>
      <object_component id="oc-26c">
         <name>.debug_info</name>
         <load_address>0x13b4b</load_address>
         <run_address>0x13b4b</run_address>
         <size>0xda</size>
         <input_file_ref idref="fl-14"/>
      </object_component>
      <object_component id="oc-266">
         <name>.debug_info</name>
         <load_address>0x13c25</load_address>
         <run_address>0x13c25</run_address>
         <size>0x18e</size>
         <input_file_ref idref="fl-14"/>
      </object_component>
      <object_component id="oc-136">
         <name>.debug_info</name>
         <load_address>0x13db3</load_address>
         <run_address>0x13db3</run_address>
         <size>0x537</size>
         <input_file_ref idref="fl-14"/>
      </object_component>
      <object_component id="oc-260">
         <name>.debug_info</name>
         <load_address>0x142ea</load_address>
         <run_address>0x142ea</run_address>
         <size>0x2b1</size>
         <input_file_ref idref="fl-14"/>
      </object_component>
      <object_component id="oc-31c">
         <name>.debug_info</name>
         <load_address>0x1459b</load_address>
         <run_address>0x1459b</run_address>
         <size>0x62</size>
         <input_file_ref idref="fl-14"/>
      </object_component>
      <object_component id="oc-2c4">
         <name>.debug_info</name>
         <load_address>0x145fd</load_address>
         <run_address>0x145fd</run_address>
         <size>0x35f</size>
         <input_file_ref idref="fl-15"/>
      </object_component>
      <object_component id="oc-168">
         <name>.debug_info</name>
         <load_address>0x1495c</load_address>
         <run_address>0x1495c</run_address>
         <size>0x4b8</size>
         <input_file_ref idref="fl-15"/>
      </object_component>
      <object_component id="oc-235">
         <name>.debug_info</name>
         <load_address>0x14e14</load_address>
         <run_address>0x14e14</run_address>
         <size>0xef7</size>
         <input_file_ref idref="fl-16"/>
      </object_component>
      <object_component id="oc-119">
         <name>.debug_info</name>
         <load_address>0x15d0b</load_address>
         <run_address>0x15d0b</run_address>
         <size>0x3f12</size>
         <input_file_ref idref="fl-16"/>
      </object_component>
      <object_component id="oc-32c">
         <name>.debug_info</name>
         <load_address>0x19c1d</load_address>
         <run_address>0x19c1d</run_address>
         <size>0x477</size>
         <input_file_ref idref="fl-17"/>
      </object_component>
      <object_component id="oc-1b8">
         <name>.debug_info</name>
         <load_address>0x1a094</load_address>
         <run_address>0x1a094</run_address>
         <size>0x128</size>
         <input_file_ref idref="fl-17"/>
      </object_component>
      <object_component id="oc-273">
         <name>.debug_info</name>
         <load_address>0x1a1bc</load_address>
         <run_address>0x1a1bc</run_address>
         <size>0x5bc</size>
         <input_file_ref idref="fl-17"/>
      </object_component>
      <object_component id="oc-326">
         <name>.debug_info</name>
         <load_address>0x1a778</load_address>
         <run_address>0x1a778</run_address>
         <size>0x361</size>
         <input_file_ref idref="fl-17"/>
      </object_component>
      <object_component id="oc-bd">
         <name>.debug_info</name>
         <load_address>0x1aad9</load_address>
         <run_address>0x1aad9</run_address>
         <size>0x4e1</size>
         <input_file_ref idref="fl-18"/>
      </object_component>
      <object_component id="oc-178">
         <name>.debug_info</name>
         <load_address>0x1afba</load_address>
         <run_address>0x1afba</run_address>
         <size>0x80d</size>
         <input_file_ref idref="fl-19"/>
      </object_component>
      <object_component id="oc-a6">
         <name>.debug_info</name>
         <load_address>0x1b7c7</load_address>
         <run_address>0x1b7c7</run_address>
         <size>0x291e</size>
         <input_file_ref idref="fl-19"/>
      </object_component>
      <object_component id="oc-2c7">
         <name>.debug_info</name>
         <load_address>0x1e0e5</load_address>
         <run_address>0x1e0e5</run_address>
         <size>0x155</size>
         <input_file_ref idref="fl-19"/>
      </object_component>
      <object_component id="oc-27c">
         <name>.debug_info</name>
         <load_address>0x1e23a</load_address>
         <run_address>0x1e23a</run_address>
         <size>0x8e2</size>
         <input_file_ref idref="fl-1a"/>
      </object_component>
      <object_component id="oc-1b5">
         <name>.debug_info</name>
         <load_address>0x1eb1c</load_address>
         <run_address>0x1eb1c</run_address>
         <size>0x34b</size>
         <input_file_ref idref="fl-1a"/>
      </object_component>
      <object_component id="oc-279">
         <name>.debug_info</name>
         <load_address>0x1ee67</load_address>
         <run_address>0x1ee67</run_address>
         <size>0x277</size>
         <input_file_ref idref="fl-1a"/>
      </object_component>
      <object_component id="oc-142">
         <name>.debug_info</name>
         <load_address>0x1f0de</load_address>
         <run_address>0x1f0de</run_address>
         <size>0x4ebf</size>
         <input_file_ref idref="fl-1a"/>
      </object_component>
      <object_component id="oc-229">
         <name>.debug_info</name>
         <load_address>0x23f9d</load_address>
         <run_address>0x23f9d</run_address>
         <size>0x406</size>
         <input_file_ref idref="fl-1a"/>
      </object_component>
      <object_component id="oc-331">
         <name>.debug_info</name>
         <load_address>0x243a3</load_address>
         <run_address>0x243a3</run_address>
         <size>0x17a</size>
         <input_file_ref idref="fl-1a"/>
      </object_component>
      <object_component id="oc-1da">
         <name>.debug_info</name>
         <load_address>0x2451d</load_address>
         <run_address>0x2451d</run_address>
         <size>0x26c</size>
         <input_file_ref idref="fl-1c"/>
      </object_component>
      <object_component id="oc-f5">
         <name>.debug_info</name>
         <load_address>0x24789</load_address>
         <run_address>0x24789</run_address>
         <size>0x1e7</size>
         <input_file_ref idref="fl-1c"/>
      </object_component>
      <object_component id="oc-2fd">
         <name>.debug_info</name>
         <load_address>0x24970</load_address>
         <run_address>0x24970</run_address>
         <size>0x321</size>
         <input_file_ref idref="fl-1d"/>
      </object_component>
      <object_component id="oc-2fa">
         <name>.debug_info</name>
         <load_address>0x24c91</load_address>
         <run_address>0x24c91</run_address>
         <size>0xe8</size>
         <input_file_ref idref="fl-1d"/>
      </object_component>
      <object_component id="oc-23c">
         <name>.debug_info</name>
         <load_address>0x24d79</load_address>
         <run_address>0x24d79</run_address>
         <size>0xc32</size>
         <input_file_ref idref="fl-1d"/>
      </object_component>
      <object_component id="oc-37d">
         <name>.debug_info</name>
         <load_address>0x259ab</load_address>
         <run_address>0x259ab</run_address>
         <size>0x91</size>
         <input_file_ref idref="fl-1d"/>
      </object_component>
      <object_component id="oc-70">
         <name>.debug_info</name>
         <load_address>0x25a3c</load_address>
         <run_address>0x25a3c</run_address>
         <size>0x7f5</size>
         <input_file_ref idref="fl-1f"/>
      </object_component>
      <object_component id="oc-36">
         <name>.debug_info</name>
         <load_address>0x26231</load_address>
         <run_address>0x26231</run_address>
         <size>0x108</size>
         <input_file_ref idref="fl-21"/>
      </object_component>
      <object_component id="oc-ad">
         <name>.debug_info</name>
         <load_address>0x26339</load_address>
         <run_address>0x26339</run_address>
         <size>0x834</size>
         <input_file_ref idref="fl-22"/>
      </object_component>
      <object_component id="oc-148">
         <name>.debug_info</name>
         <load_address>0x26b6d</load_address>
         <run_address>0x26b6d</run_address>
         <size>0xf0</size>
         <input_file_ref idref="fl-22"/>
      </object_component>
      <object_component id="oc-14c">
         <name>.debug_info</name>
         <load_address>0x26c5d</load_address>
         <run_address>0x26c5d</run_address>
         <size>0xef</size>
         <input_file_ref idref="fl-22"/>
      </object_component>
      <object_component id="oc-8d">
         <name>.debug_info</name>
         <load_address>0x26d4c</load_address>
         <run_address>0x26d4c</run_address>
         <size>0x664</size>
         <input_file_ref idref="fl-22"/>
      </object_component>
      <object_component id="oc-2dd">
         <name>.debug_info</name>
         <load_address>0x273b0</load_address>
         <run_address>0x273b0</run_address>
         <size>0x28b</size>
         <input_file_ref idref="fl-24"/>
      </object_component>
      <object_component id="oc-36d">
         <name>.debug_info</name>
         <load_address>0x2763b</load_address>
         <run_address>0x2763b</run_address>
         <size>0x242</size>
         <input_file_ref idref="fl-24"/>
      </object_component>
      <object_component id="oc-200">
         <name>.debug_info</name>
         <load_address>0x2787d</load_address>
         <run_address>0x2787d</run_address>
         <size>0x2af</size>
         <input_file_ref idref="fl-24"/>
      </object_component>
      <object_component id="oc-3b">
         <name>.debug_info</name>
         <load_address>0x27b2c</load_address>
         <run_address>0x27b2c</run_address>
         <size>0x13a</size>
         <input_file_ref idref="fl-25"/>
      </object_component>
      <object_component id="oc-fd">
         <name>.debug_info</name>
         <load_address>0x27c66</load_address>
         <run_address>0x27c66</run_address>
         <size>0x367</size>
         <input_file_ref idref="fl-27"/>
      </object_component>
      <object_component id="oc-102">
         <name>.debug_info</name>
         <load_address>0x27fcd</load_address>
         <run_address>0x27fcd</run_address>
         <size>0x65b</size>
         <input_file_ref idref="fl-28"/>
      </object_component>
      <object_component id="oc-7b">
         <name>.debug_info</name>
         <load_address>0x28628</load_address>
         <run_address>0x28628</run_address>
         <size>0x2e8c</size>
         <input_file_ref idref="fl-28"/>
      </object_component>
      <object_component id="oc-21">
         <name>.debug_info</name>
         <load_address>0x2b4b4</load_address>
         <run_address>0x2b4b4</run_address>
         <size>0x5a5</size>
         <input_file_ref idref="fl-29"/>
      </object_component>
      <object_component id="oc-c3">
         <name>.debug_info</name>
         <load_address>0x2ba59</load_address>
         <run_address>0x2ba59</run_address>
         <size>0x4c1</size>
         <input_file_ref idref="fl-2a"/>
      </object_component>
      <object_component id="oc-2d">
         <name>.debug_info</name>
         <load_address>0x2bf1a</load_address>
         <run_address>0x2bf1a</run_address>
         <size>0xe2</size>
         <input_file_ref idref="fl-2a"/>
      </object_component>
      <object_component id="oc-42">
         <name>.debug_info</name>
         <load_address>0x2bffc</load_address>
         <run_address>0x2bffc</run_address>
         <size>0x474</size>
         <input_file_ref idref="fl-2a"/>
      </object_component>
      <object_component id="oc-47">
         <name>.debug_info</name>
         <load_address>0x2c470</load_address>
         <run_address>0x2c470</run_address>
         <size>0x1fd</size>
         <input_file_ref idref="fl-2a"/>
      </object_component>
      <object_component id="oc-1d1">
         <name>.debug_info</name>
         <load_address>0x2c66d</load_address>
         <run_address>0x2c66d</run_address>
         <size>0x4f</size>
         <input_file_ref idref="fl-2a"/>
      </object_component>
      <object_component id="oc-fb">
         <name>.debug_info</name>
         <load_address>0x2c6bc</load_address>
         <run_address>0x2c6bc</run_address>
         <size>0x508</size>
         <input_file_ref idref="fl-2b"/>
      </object_component>
      <object_component id="oc-75">
         <name>.debug_info</name>
         <load_address>0x2cbc4</load_address>
         <run_address>0x2cbc4</run_address>
         <size>0x733</size>
         <input_file_ref idref="fl-2b"/>
      </object_component>
      <object_component id="oc-117">
         <name>.debug_info</name>
         <load_address>0x2d2f7</load_address>
         <run_address>0x2d2f7</run_address>
         <size>0x483</size>
         <input_file_ref idref="fl-30"/>
      </object_component>
      <object_component id="oc-87">
         <name>.debug_info</name>
         <load_address>0x2d77a</load_address>
         <run_address>0x2d77a</run_address>
         <size>0x190</size>
         <input_file_ref idref="fl-30"/>
      </object_component>
      <object_component id="oc-21e">
         <name>.debug_info</name>
         <load_address>0x2d90a</load_address>
         <run_address>0x2d90a</run_address>
         <size>0x39</size>
         <input_file_ref idref="fl-30"/>
      </object_component>
      <object_component id="oc-2e5">
         <name>.debug_info</name>
         <load_address>0x2d943</load_address>
         <run_address>0x2d943</run_address>
         <size>0x39</size>
         <input_file_ref idref="fl-30"/>
      </object_component>
      <object_component id="oc-223">
         <name>.debug_info</name>
         <load_address>0x2d97c</load_address>
         <run_address>0x2d97c</run_address>
         <size>0xcd</size>
         <input_file_ref idref="fl-30"/>
      </object_component>
      <object_component id="oc-e2">
         <name>.debug_info</name>
         <load_address>0x2da49</load_address>
         <run_address>0x2da49</run_address>
         <size>0x293</size>
         <input_file_ref idref="fl-31"/>
      </object_component>
      <object_component id="oc-11">
         <name>.debug_info</name>
         <load_address>0x2dcdc</load_address>
         <run_address>0x2dcdc</run_address>
         <size>0x245</size>
         <input_file_ref idref="fl-31"/>
      </object_component>
      <object_component id="oc-4d">
         <name>.debug_info</name>
         <load_address>0x2df21</load_address>
         <run_address>0x2df21</run_address>
         <size>0x60</size>
         <input_file_ref idref="fl-31"/>
      </object_component>
      <object_component id="oc-dd">
         <name>.debug_info</name>
         <load_address>0x2df81</load_address>
         <run_address>0x2df81</run_address>
         <size>0x46</size>
         <input_file_ref idref="fl-31"/>
      </object_component>
      <object_component id="oc-62">
         <name>.debug_info</name>
         <load_address>0x2dfc7</load_address>
         <run_address>0x2dfc7</run_address>
         <size>0x2d5</size>
         <input_file_ref idref="fl-32"/>
      </object_component>
      <object_component id="oc-18">
         <name>.debug_info</name>
         <load_address>0x2e29c</load_address>
         <run_address>0x2e29c</run_address>
         <size>0x1ca</size>
         <input_file_ref idref="fl-32"/>
      </object_component>
      <object_component id="oc-5d">
         <name>.debug_info</name>
         <load_address>0x2e466</load_address>
         <run_address>0x2e466</run_address>
         <size>0x46</size>
         <input_file_ref idref="fl-32"/>
      </object_component>
      <object_component id="oc-e4">
         <name>.debug_info</name>
         <load_address>0x2e4ac</load_address>
         <run_address>0x2e4ac</run_address>
         <size>0x2c</size>
         <input_file_ref idref="fl-32"/>
      </object_component>
      <object_component id="oc-6e">
         <name>.debug_info</name>
         <load_address>0x2e4d8</load_address>
         <run_address>0x2e4d8</run_address>
         <size>0x2c9</size>
         <input_file_ref idref="fl-33"/>
      </object_component>
      <object_component id="oc-1c">
         <name>.debug_info</name>
         <load_address>0x2e7a1</load_address>
         <run_address>0x2e7a1</run_address>
         <size>0x1aa</size>
         <input_file_ref idref="fl-33"/>
      </object_component>
      <object_component id="oc-69">
         <name>.debug_info</name>
         <load_address>0x2e94b</load_address>
         <run_address>0x2e94b</run_address>
         <size>0x46</size>
         <input_file_ref idref="fl-33"/>
      </object_component>
      <object_component id="oc-21a">
         <name>.debug_info</name>
         <load_address>0x2e991</load_address>
         <run_address>0x2e991</run_address>
         <size>0x37a</size>
         <input_file_ref idref="fl-34"/>
      </object_component>
      <object_component id="oc-10e">
         <name>.debug_info</name>
         <load_address>0x2ed0b</load_address>
         <run_address>0x2ed0b</run_address>
         <size>0x183</size>
         <input_file_ref idref="fl-34"/>
      </object_component>
      <object_component id="oc-2e0">
         <name>.debug_info</name>
         <load_address>0x2ee8e</load_address>
         <run_address>0x2ee8e</run_address>
         <size>0x2c</size>
         <input_file_ref idref="fl-34"/>
      </object_component>
      <object_component id="oc-156">
         <name>.debug_info</name>
         <load_address>0x2eeba</load_address>
         <run_address>0x2eeba</run_address>
         <size>0x3ce</size>
         <input_file_ref idref="fl-35"/>
      </object_component>
      <object_component id="oc-150">
         <name>.debug_info</name>
         <load_address>0x2f288</load_address>
         <run_address>0x2f288</run_address>
         <size>0x185</size>
         <input_file_ref idref="fl-35"/>
      </object_component>
      <object_component id="oc-94">
         <name>.debug_info</name>
         <load_address>0x2f40d</load_address>
         <run_address>0x2f40d</run_address>
         <size>0x214</size>
         <input_file_ref idref="fl-35"/>
      </object_component>
      <object_component id="oc-12d">
         <name>.debug_info</name>
         <load_address>0x2f621</load_address>
         <run_address>0x2f621</run_address>
         <size>0x147</size>
         <input_file_ref idref="fl-36"/>
      </object_component>
      <object_component id="oc-271">
         <name>.debug_info</name>
         <load_address>0x2f768</load_address>
         <run_address>0x2f768</run_address>
         <size>0x2e6</size>
         <input_file_ref idref="fl-37"/>
      </object_component>
      <object_component id="oc-13e">
         <name>.debug_info</name>
         <load_address>0x2fa4e</load_address>
         <run_address>0x2fa4e</run_address>
         <size>0x1c2</size>
         <input_file_ref idref="fl-37"/>
      </object_component>
      <object_component id="oc-58">
         <name>.debug_info</name>
         <load_address>0x2fc10</load_address>
         <run_address>0x2fc10</run_address>
         <size>0x111</size>
         <input_file_ref idref="fl-38"/>
      </object_component>
      <object_component id="oc-64">
         <name>.debug_info</name>
         <load_address>0x2fd21</load_address>
         <run_address>0x2fd21</run_address>
         <size>0x13f</size>
         <input_file_ref idref="fl-39"/>
      </object_component>
      <object_component id="oc-255">
         <name>.debug_info</name>
         <load_address>0x2fe60</load_address>
         <run_address>0x2fe60</run_address>
         <size>0x2af</size>
         <input_file_ref idref="fl-3a"/>
      </object_component>
      <object_component id="oc-252">
         <name>.debug_info</name>
         <load_address>0x3010f</load_address>
         <run_address>0x3010f</run_address>
         <size>0xf0</size>
         <input_file_ref idref="fl-3a"/>
      </object_component>
      <object_component id="oc-125">
         <name>.debug_info</name>
         <load_address>0x301ff</load_address>
         <run_address>0x301ff</run_address>
         <size>0x1a4</size>
         <input_file_ref idref="fl-3a"/>
      </object_component>
      <object_component id="oc-378">
         <name>.debug_info</name>
         <load_address>0x303a3</load_address>
         <run_address>0x303a3</run_address>
         <size>0x2ce</size>
         <input_file_ref idref="fl-3b"/>
      </object_component>
      <object_component id="oc-2f6">
         <name>.debug_info</name>
         <load_address>0x30671</load_address>
         <run_address>0x30671</run_address>
         <size>0x195</size>
         <input_file_ref idref="fl-3b"/>
      </object_component>
      <object_component id="oc-373">
         <name>.debug_info</name>
         <load_address>0x30806</load_address>
         <run_address>0x30806</run_address>
         <size>0x39</size>
         <input_file_ref idref="fl-3b"/>
      </object_component>
      <object_component id="oc-113">
         <name>.debug_info</name>
         <load_address>0x3083f</load_address>
         <run_address>0x3083f</run_address>
         <size>0x145</size>
         <input_file_ref idref="fl-3c"/>
      </object_component>
      <object_component id="oc-2ff">
         <name>.debug_info</name>
         <load_address>0x30984</load_address>
         <run_address>0x30984</run_address>
         <size>0x284</size>
         <input_file_ref idref="fl-3d"/>
      </object_component>
      <object_component id="oc-244">
         <name>.debug_info</name>
         <load_address>0x30c08</load_address>
         <run_address>0x30c08</run_address>
         <size>0x22a</size>
         <input_file_ref idref="fl-3d"/>
      </object_component>
      <object_component id="oc-28c">
         <name>.debug_info</name>
         <load_address>0x30e32</load_address>
         <run_address>0x30e32</run_address>
         <size>0x2be</size>
         <input_file_ref idref="fl-3f"/>
      </object_component>
      <object_component id="oc-153">
         <name>.debug_info</name>
         <load_address>0x310f0</load_address>
         <run_address>0x310f0</run_address>
         <size>0x113</size>
         <input_file_ref idref="fl-3f"/>
      </object_component>
      <object_component id="oc-288">
         <name>.debug_info</name>
         <load_address>0x31203</load_address>
         <run_address>0x31203</run_address>
         <size>0x21f</size>
         <input_file_ref idref="fl-3f"/>
      </object_component>
      <object_component id="oc-258">
         <name>.debug_info</name>
         <load_address>0x31422</load_address>
         <run_address>0x31422</run_address>
         <size>0x147</size>
         <input_file_ref idref="fl-40"/>
      </object_component>
      <object_component id="oc-3de">
         <name>.debug_info</name>
         <load_address>0x31569</load_address>
         <run_address>0x31569</run_address>
         <size>0xa7</size>
      </object_component>
      <object_component id="oc-303">
         <name>.debug_line</name>
         <load_address>0x0</load_address>
         <run_address>0x0</run_address>
         <size>0xc3</size>
         <input_file_ref idref="fl-2"/>
      </object_component>
      <object_component id="oc-305">
         <name>.debug_line</name>
         <load_address>0xc3</load_address>
         <run_address>0xc3</run_address>
         <size>0x3a</size>
         <input_file_ref idref="fl-2"/>
      </object_component>
      <object_component id="oc-301">
         <name>.debug_line</name>
         <load_address>0xfd</load_address>
         <run_address>0xfd</run_address>
         <size>0x3a</size>
         <input_file_ref idref="fl-2"/>
      </object_component>
      <object_component id="oc-122">
         <name>.debug_line</name>
         <load_address>0x137</load_address>
         <run_address>0x137</run_address>
         <size>0xe9</size>
         <input_file_ref idref="fl-2"/>
      </object_component>
      <object_component id="oc-c8">
         <name>.debug_line</name>
         <load_address>0x220</load_address>
         <run_address>0x220</run_address>
         <size>0x6d</size>
[...]
         <object_component_ref idref="oc-8c"/>
      </symbol>
      <symbol id="sm-9a7">
         <name>main</name>
         <value>0xf7c0</value>
         <object_component_ref idref="oc-8c"/>
      </symbol>
      <symbol id="sm-9a8">
         <name>ulIdleCycleCount</name>
         <value>0x8003094</value>
         <object_component_ref idref="oc-147"/>
      </symbol>
      <symbol id="sm-9a9">
         <name>vApplicationTickHook</name>
         <value>0xf724</value>
         <object_component_ref idref="oc-8c"/>
      </symbol>
      <symbol id="sm-9c2">
         <name>phantomInterrupt</name>
         <value>0x11728</value>
         <object_component_ref idref="oc-3a"/>
      </symbol>
      <symbol id="sm-9cc">
         <name>_pmuResetCounters_</name>
         <value>0x11308</value>
         <object_component_ref idref="oc-fc"/>
      </symbol>
      <symbol id="sm-9cd">
         <name>_pmuGetEventCount_</name>
         <value>0x1133c</value>
         <object_component_ref idref="oc-fc"/>
      </symbol>
      <symbol id="sm-9ce">
         <name>_pmuResetEventCounters_</name>
         <value>0x112f8</value>
         <object_component_ref idref="oc-fc"/>
      </symbol>
      <symbol id="sm-9cf">
         <name>_pmuStopCounters_</name>
         <value>0x11320</value>
         <object_component_ref idref="oc-fc"/>
      </symbol>
      <symbol id="sm-9d0">
         <name>_pmuInit_</name>
         <value>0x1127c</value>
         <object_component_ref idref="oc-fc"/>
      </symbol>
      <symbol id="sm-9d1">
         <name>_pmuGetOverflow_</name>
         <value>0x11348</value>
         <object_component_ref idref="oc-fc"/>
      </symbol>
      <symbol id="sm-9d2">
         <name>_pmuResetCycleCounter_</name>
         <value>0x112e8</value>
         <object_component_ref idref="oc-fc"/>
      </symbol>
      <symbol id="sm-9d3">
         <name>_pmuSetCountEvent_</name>
         <value>0x11328</value>
         <object_component_ref idref="oc-fc"/>
      </symbol>
      <symbol id="sm-9d4">
         <name>_pmuGetCycleCount_</name>
         <value>0x11334</value>
         <object_component_ref idref="oc-fc"/>
      </symbol>
      <symbol id="sm-9d5">
         <name>_pmuEnableCountersGlobal_</name>
         <value>0x112c8</value>
         <object_component_ref idref="oc-fc"/>
      </symbol>
      <symbol id="sm-9d6">
         <name>_pmuDisableCountersGlobal_</name>
         <value>0x112d8</value>
         <object_component_ref idref="oc-fc"/>
      </symbol>
      <symbol id="sm-9d7">
         <name>_pmuStartCounters_</name>
         <value>0x11318</value>
         <object_component_ref idref="oc-fc"/>
      </symbol>
      <symbol id="sm-b97">
         <name>pbistSelfCheck</name>
         <value>0x82cc</value>
         <object_component_ref idref="oc-7a"/>
      </symbol>
      <symbol id="sm-b98">
         <name>fmcBus1ParityCheck</name>
         <value>0xa2c4</value>
         <object_component_ref idref="oc-7a"/>
      </symbol>
      <symbol id="sm-b99">
         <name>can1ParityCheck</name>
         <value>0x9410</value>
         <object_component_ref idref="oc-7a"/>
      </symbol>
      <symbol id="sm-b9a">
         <name>enableParity</name>
         <value>0xaad0</value>
         <object_component_ref idref="oc-7a"/>
      </symbol>
      <symbol id="sm-b9b">
         <name>dmaParityCheck</name>
         <value>0x8eac</value>
         <object_component_ref idref="oc-7a"/>
      </symbol>
      <symbol id="sm-b9c">
         <name>custom_dabort</name>
         <value>0x8df4</value>
         <object_component_ref idref="oc-7a"/>
      </symbol>
      <symbol id="sm-b9d">
         <name>memoryInit</name>
         <value>0x8174</value>
         <object_component_ref idref="oc-7a"/>
      </symbol>
      <symbol id="sm-b9e">
         <name>stcSelfCheck</name>
         <value>0x81b8</value>
         <object_component_ref idref="oc-7a"/>
      </symbol>
      <symbol id="sm-b9f">
         <name>efcGetConfigValue</name>
         <value>0xa660</value>
         <object_component_ref idref="oc-7a"/>
      </symbol>
      <symbol id="sm-ba0">
         <name>can2ParityCheck</name>
         <value>0x94e8</value>
         <object_component_ref idref="oc-7a"/>
      </symbol>
      <symbol id="sm-ba1">
         <name>het1ParityCheck</name>
         <value>0x8f58</value>
         <object_component_ref idref="oc-7a"/>
      </symbol>
      <symbol id="sm-ba2">
         <name>adc1ParityCheck</name>
         <value>0x926c</value>
         <object_component_ref idref="oc-7a"/>
      </symbol>
      <symbol id="sm-ba3">
         <name>checkefcSelfTest</name>
         <value>0x87bc</value>
         <object_component_ref idref="oc-7a"/>
      </symbol>
      <symbol id="sm-ba4">
         <name>checkRAMECC</name>
         <value>0x99d0</value>
         <object_component_ref idref="oc-7a"/>
      </symbol>
      <symbol id="sm-ba5">
         <name>stcSelfCheckFail</name>
         <value>0x8df8</value>
         <object_component_ref idref="oc-7a"/>
      </symbol>
      <symbol id="sm-ba6">
         <name>ccmSelfCheck</name>
         <value>0x8030</value>
         <object_component_ref idref="oc-7a"/>
      </symbol>
      <symbol id="sm-ba7">
         <name>efcCheck</name>
         <value>0x8660</value>
         <object_component_ref idref="oc-7a"/>
      </symbol>
      <symbol id="sm-ba8">
         <name>het2ParityCheck</name>
         <value>0x90c0</value>
         <object_component_ref idref="oc-7a"/>
      </symbol>
      <symbol id="sm-ba9">
         <name>adc2ParityCheck</name>
         <value>0x9358</value>
         <object_component_ref idref="oc-7a"/>
      </symbol>
      <symbol id="sm-baa">
         <name>cpuSelfTest</name>
         <value>0x8234</value>
         <object_component_ref idref="oc-7a"/>
      </symbol>
      <symbol id="sm-bab">
         <name>htu1ParityCheck</name>
         <value>0x9004</value>
         <object_component_ref idref="oc-7a"/>
      </symbol>
      <symbol id="sm-bac">
         <name>checkFlashECC</name>
         <value>0x8d18</value>
         <object_component_ref idref="oc-7a"/>
      </symbol>
      <symbol id="sm-bad">
         <name>cpuSelfTestFail</name>
         <value>0x8dfc</value>
         <object_component_ref idref="oc-7a"/>
      </symbol>
      <symbol id="sm-bae">
         <name>checkPLL1Slip</name>
         <value>0x9e8c</value>
         <object_component_ref idref="oc-7a"/>
      </symbol>
      <symbol id="sm-baf">
         <name>mibspi1ParityCheck</name>
         <value>0x9684</value>
         <object_component_ref idref="oc-7a"/>
      </symbol>
      <symbol id="sm-bb0">
         <name>ccmr4GetConfigValue</name>
         <value>0xa6fc</value>
         <object_component_ref idref="oc-7a"/>
      </symbol>
      <symbol id="sm-bb1">
         <name>htu2ParityCheck</name>
         <value>0x91bc</value>
         <object_component_ref idref="oc-7a"/>
      </symbol>
      <symbol id="sm-bb2">
         <name>pbistPortTestStatus</name>
         <value>0x8608</value>
         <object_component_ref idref="oc-7a"/>
      </symbol>
      <symbol id="sm-bb3">
         <name>checkFlashEEPROMECC</name>
         <value>0x9cf4</value>
         <object_component_ref idref="oc-7a"/>
      </symbol>
      <symbol id="sm-bb4">
         <name>pbistGetConfigValue</name>
         <value>0xa470</value>
         <object_component_ref idref="oc-7a"/>
      </symbol>
      <symbol id="sm-bb5">
         <name>vimParityCheck</name>
         <value>0x8e00</value>
         <object_component_ref idref="oc-7a"/>
      </symbol>
      <symbol id="sm-bb6">
         <name>pbistIsTestCompleted</name>
         <value>0x85a8</value>
         <object_component_ref idref="oc-7a"/>
      </symbol>
      <symbol id="sm-bb7">
         <name>disableParity</name>
         <value>0xab58</value>
         <object_component_ref idref="oc-7a"/>
      </symbol>
      <symbol id="sm-bb8">
         <name>pbistRun</name>
         <value>0x84ac</value>
         <object_component_ref idref="oc-7a"/>
      </symbol>
      <symbol id="sm-bb9">
         <name>pbistFail</name>
         <value>0xa3ec</value>
         <object_component_ref idref="oc-7a"/>
      </symbol>
      <symbol id="sm-bba">
         <name>selftestFailNotification</name>
         <value>0x8020</value>
         <object_component_ref idref="oc-7a"/>
      </symbol>
      <symbol id="sm-bbb">
         <name>errata_PBIST_4</name>
         <value>0xa76c</value>
         <object_component_ref idref="oc-7a"/>
      </symbol>
      <symbol id="sm-bbc">
         <name>mibspi3ParityCheck</name>
         <value>0x978c</value>
         <object_component_ref idref="oc-7a"/>
      </symbol>
      <symbol id="sm-bbd">
         <name>efcSelfTest</name>
         <value>0x8794</value>
         <object_component_ref idref="oc-7a"/>
      </symbol>
      <symbol id="sm-bbe">
         <name>checkB1RAMECC</name>
         <value>0x8b28</value>
         <object_component_ref idref="oc-7a"/>
      </symbol>
      <symbol id="sm-bbf">
         <name>pbistStop</name>
         <value>0x8578</value>
         <object_component_ref idref="oc-7a"/>
      </symbol>
      <symbol id="sm-bc0">
         <name>can3ParityCheck</name>
         <value>0x95b0</value>
         <object_component_ref idref="oc-7a"/>
      </symbol>
      <symbol id="sm-bc1">
         <name>checkRAMAddrParity</name>
         <value>0xa050</value>
         <object_component_ref idref="oc-7a"/>
      </symbol>
      <symbol id="sm-bc2">
         <name>mibspi5ParityCheck</name>
         <value>0x98b0</value>
         <object_component_ref idref="oc-7a"/>
      </symbol>
      <symbol id="sm-bc3">
         <name>checkB0RAMECC</name>
         <value>0x8938</value>
         <object_component_ref idref="oc-7a"/>
      </symbol>
      <symbol id="sm-bc4">
         <name>stcGetConfigValue</name>
         <value>0xa5bc</value>
         <object_component_ref idref="oc-7a"/>
      </symbol>
      <symbol id="sm-bc5">
         <name>pbistIsTestPassed</name>
         <value>0x85d4</value>
         <object_component_ref idref="oc-7a"/>
      </symbol>
      <symbol id="sm-bc6">
         <name>checkClockMonitor</name>
         <value>0x9c18</value>
         <object_component_ref idref="oc-7a"/>
      </symbol>
      <symbol id="sm-bc7">
         <name>fmcECCcheck</name>
         <value>0x8898</value>
         <object_component_ref idref="oc-7a"/>
      </symbol>
      <symbol id="sm-bc8">
         <name>fmcBus2Check</name>
         <value>0x885c</value>
         <object_component_ref idref="oc-7a"/>
      </symbol>
      <symbol id="sm-bc9">
         <name>checkRAMUERRTest</name>
         <value>0xa15c</value>
         <object_component_ref idref="oc-7a"/>
      </symbol>
      <symbol id="sm-bca">
         <name>efcStuckZeroTest</name>
         <value>0x86e8</value>
         <object_component_ref idref="oc-7a"/>
      </symbol>
      <symbol id="sm-bcb">
         <name>checkPLL2Slip</name>
         <value>0x9f8c</value>
         <object_component_ref idref="oc-7a"/>
      </symbol>
      <symbol id="sm-bf3">
         <name>_c_int00</name>
         <value>0x102fc</value>
         <object_component_ref idref="oc-20"/>
      </symbol>
      <symbol id="sm-ca4">
         <name>vimChannelMap</name>
         <value>0xc824</value>
         <object_component_ref idref="oc-41"/>
      </symbol>
      <symbol id="sm-ca5">
         <name>vimInit</name>
         <value>0xc750</value>
         <object_component_ref idref="oc-41"/>
      </symbol>
      <symbol id="sm-ca6">
         <name>vimEnableInterrupt</name>
         <value>0xc8c8</value>
         <object_component_ref idref="oc-41"/>
      </symbol>
      <symbol id="sm-ca7">
         <name>vimDisableInterrupt</name>
         <value>0xca90</value>
         <object_component_ref idref="oc-41"/>
      </symbol>
      <symbol id="sm-ca8">
         <name>vimGetConfigValue</name>
         <value>0xcb3c</value>
         <object_component_ref idref="oc-41"/>
      </symbol>
      <symbol id="sm-ca9">
         <name>vimParityErrorHandler</name>
         <value>0xfdac</value>
         <object_component_ref idref="oc-40"/>
      </symbol>
      <symbol id="sm-d03">
         <name>systemGetConfigValue</name>
         <value>0xbf88</value>
         <object_component_ref idref="oc-74"/>
      </symbol>
      <symbol id="sm-d04">
         <name>trimLPO</name>
         <value>0xbc88</value>
         <object_component_ref idref="oc-74"/>
      </symbol>
      <symbol id="sm-d05">
         <name>systemInit</name>
         <value>0xbe8c</value>
         <object_component_ref idref="oc-74"/>
      </symbol>
      <symbol id="sm-d06">
         <name>tcmflashGetConfigValue</name>
         <value>0xc39c</value>
         <object_component_ref idref="oc-74"/>
      </symbol>
      <symbol id="sm-d07">
         <name>sramGetConfigValue</name>
         <value>0xc548</value>
         <object_component_ref idref="oc-74"/>
      </symbol>
      <symbol id="sm-d08">
         <name>periphInit</name>
         <value>0xbd10</value>
         <object_component_ref idref="oc-74"/>
      </symbol>
      <symbol id="sm-d09">
         <name>setupFlash</name>
         <value>0xbcd0</value>
         <object_component_ref idref="oc-74"/>
      </symbol>
      <symbol id="sm-d0a">
         <name>setupPLL</name>
         <value>0xbc28</value>
         <object_component_ref idref="oc-74"/>
      </symbol>
      <symbol id="sm-d0b">
         <name>mapClocks</name>
         <value>0xbd64</value>
         <object_component_ref idref="oc-74"/>
      </symbol>
      <symbol id="sm-d0c">
         <name>systemPowerDown</name>
         <value>0xbf58</value>
         <object_component_ref idref="oc-74"/>
      </symbol>
      <symbol id="sm-d36">
         <name>__TI_auto_init</name>
         <value>0x11475</value>
         <object_component_ref idref="oc-86"/>
      </symbol>
      <symbol id="sm-d54">
         <name>__TI_decompress_lzss</name>
         <value>0x114e5</value>
         <object_component_ref idref="oc-e"/>
      </symbol>
      <symbol id="sm-d6b">
         <name>__TI_decompress_none</name>
         <value>0x1170d</value>
         <object_component_ref idref="oc-14"/>
      </symbol>
      <symbol id="sm-d7d">
         <name>__TI_zero_init</name>
         <value>0x1171b</value>
         <object_component_ref idref="oc-1a"/>
      </symbol>
      <symbol id="sm-d97">
         <name>copy_in</name>
         <value>0x11649</value>
         <object_component_ref idref="oc-10a"/>
      </symbol>
      <symbol id="sm-db8">
         <name>C$$EXIT</name>
         <value>0x115f9</value>
         <object_component_ref idref="oc-92"/>
      </symbol>
      <symbol id="sm-db9">
         <name>abort</name>
         <value>0x115fd</value>
         <object_component_ref idref="oc-92"/>
      </symbol>
      <symbol id="sm-dba">
         <name>exit</name>
         <value>0x11605</value>
         <object_component_ref idref="oc-92"/>
      </symbol>
      <symbol id="sm-dbb">
         <name>__TI_dtors_ptr</name>
         <value>0x8003070</value>
         <object_component_ref idref="oc-14f"/>
      </symbol>
      <symbol id="sm-dbc">
         <name>__TI_cleanup_ptr</name>
         <value>0x800306c</value>
         <object_component_ref idref="oc-14f"/>
      </symbol>
      <symbol id="sm-dbd">
         <name>__TI_enable_exit_profile_output</name>
         <value>0x8003074</value>
         <object_component_ref idref="oc-14f"/>
      </symbol>
      <symbol id="sm-dc9">
         <name>__aeabi_idivmod</name>
         <value>0x11550</value>
         <object_component_ref idref="oc-12a"/>
      </symbol>
      <symbol id="sm-dca">
         <name>__aeabi_idiv</name>
         <value>0x11550</value>
         <object_component_ref idref="oc-12a"/>
      </symbol>
      <symbol id="sm-dd9">
         <name>ltoa</name>
         <value>0x115a5</value>
         <object_component_ref idref="oc-13b"/>
      </symbol>
      <symbol id="sm-df4">
         <name>memcpy</name>
         <value>0x1135d</value>
         <object_component_ref idref="oc-57"/>
      </symbol>
      <symbol id="sm-df5">
         <name>__aeabi_memcpy</name>
         <value>0x1135d</value>
         <object_component_ref idref="oc-57"/>
      </symbol>
      <symbol id="sm-df6">
         <name>__aeabi_memcpy8</name>
         <value>0x1135d</value>
         <object_component_ref idref="oc-57"/>
      </symbol>
      <symbol id="sm-df7">
         <name>__aeabi_memcpy4</name>
         <value>0x1135d</value>
         <object_component_ref idref="oc-57"/>
      </symbol>
      <symbol id="sm-e06">
         <name>__aeabi_memset</name>
         <value>0x113fb</value>
         <object_component_ref idref="oc-63"/>
      </symbol>
      <symbol id="sm-e07">
         <name>memset</name>
         <value>0x11401</value>
         <object_component_ref idref="oc-63"/>
      </symbol>
      <symbol id="sm-e08">
         <name>__aeabi_memset8</name>
         <value>0x113fb</value>
         <object_component_ref idref="oc-63"/>
      </symbol>
      <symbol id="sm-e09">
         <name>__aeabi_memset4</name>
         <value>0x113fb</value>
         <object_component_ref idref="oc-63"/>
      </symbol>
      <symbol id="sm-e0a">
         <name>__aeabi_memclr8</name>
         <value>0x113f9</value>
         <object_component_ref idref="oc-63"/>
      </symbol>
      <symbol id="sm-e0b">
         <name>__aeabi_memclr4</name>
         <value>0x113f9</value>
         <object_component_ref idref="oc-63"/>
      </symbol>
      <symbol id="sm-e0c">
         <name>__aeabi_memclr</name>
         <value>0x113f9</value>
         <object_component_ref idref="oc-63"/>
      </symbol>
      <symbol id="sm-e26">
         <name>rand</name>
         <value>0x116ab</value>
         <object_component_ref idref="oc-124"/>
      </symbol>
      <symbol id="sm-e27">
         <name>srand</name>
         <value>0x11695</value>
         <object_component_ref idref="oc-124"/>
      </symbol>
      <symbol id="sm-e48">
         <name>floorl</name>
         <value>0x1119d</value>
         <object_component_ref idref="oc-2f3"/>
      </symbol>
      <symbol id="sm-e49">
         <name>floor</name>
         <value>0x1119d</value>
         <object_component_ref idref="oc-2f3"/>
      </symbol>
      <symbol id="sm-e53">
         <name>_system_post_cinit</name>
         <value>0x116f7</value>
         <object_component_ref idref="oc-110"/>
      </symbol>
      <symbol id="sm-e61">
         <name>strlen</name>
         <value>0x116e1</value>
         <object_component_ref idref="oc-241"/>
      </symbol>
      <symbol id="sm-e7b">
         <name>_nop</name>
         <value>0x11707</value>
         <object_component_ref idref="oc-284"/>
      </symbol>
      <symbol id="sm-e7c">
         <name>_lock</name>
         <value>0x8003084</value>
         <object_component_ref idref="oc-152"/>
      </symbol>
      <symbol id="sm-e7d">
         <name>_unlock</name>
         <value>0x8003088</value>
         <object_component_ref idref="oc-152"/>
      </symbol>
      <symbol id="sm-e7e">
         <name>_register_lock</name>
         <value>0x116ff</value>
         <object_component_ref idref="oc-284"/>
      </symbol>
      <symbol id="sm-e7f">
         <name>_register_unlock</name>
         <value>0x116f9</value>
         <object_component_ref idref="oc-284"/>
      </symbol>
      <symbol id="sm-e89">
         <name>__aeabi_idiv0</name>
         <value>0x11473</value>
         <object_component_ref idref="oc-256"/>
      </symbol>
      <symbol id="sm-e8a">
         <name>__TI_static_base__</name>
         <value>0x0</value>
      </symbol>
      <symbol id="sm-e8e">
         <name>SHT$$INIT_ARRAY$$Base</name>
         <value>0x0</value>
      </symbol>
      <symbol id="sm-e8f">
         <name>SHT$$INIT_ARRAY$$Limit</name>
         <value>0x0</value>
      </symbol>
   </symbol_table>
   <title>Link successful</title>
</link_info>
