******************************************************************************
                  TI ARM Linker PC v16.9.4                     
******************************************************************************
>> Linked Mon Nov 20 19:26:30 2017

OUTPUT FILE NAME:   <FreeRTOS_TMS57012_MutexRecursive.out>
ENTRY POINT SYMBOL: "_c_int00"  address: 00010288


MEMORY CONFIGURATION

         name            origin    length      used     unused   attr    fill
----------------------  --------  ---------  --------  --------  ----  --------
  VECTORS               00000000   00000020  00000020  00000000     X
  KERNEL                00000020   00008000  000057f0  00002810  R  X
  FLASH0                00008020   00137fe0  000098cc  0012e714  R  X
  STACKS                08000000   00000800  00000000  00000800  RW  
  KRAM                  08000800   00000800  00000104  000006fc  RW  
  RAM                   08001000   0002f000  00002095  0002cf6b  RW  


SEGMENT ALLOCATION MAP

run origin  load origin   length   init length attrs members
----------  ----------- ---------- ----------- ----- -------
00000000    00000000    00005810   00005810    r-x
  00000000    00000000    00000020   00000020    r-x .intvecs
  00000020    00000020    00005790   00005790    r-x .kernelTEXT
  000057b0    000057b0    00000060   00000060    r-- .cinit
00008020    00008020    000098cc   000098cc    r-x
  00008020    00008020    00009698   00009698    r-x .text
  000116b8    000116b8    00000234   00000234    r-- .const
08000800    08000800    00000104   00000000    rw-
  08000800    08000800    00000104   00000000    rw- .kernelBSS
08001000    08001000    00002098   00000000    rw-
  08001000    08001000    00002000   00000000    rw- .kernelHEAP
  08003000    08003000    0000005d   00000000    rw- .bss
  08003060    08003060    00000038   00000000    rw- .data


SECTION ALLOCATION MAP

 output                                  attributes/
section   page    origin      length       input sections
--------  ----  ----------  ----------   ----------------
.intvecs   0    00000000    00000020     
                  00000000    00000020     sys_intvecs.obj (.intvecs)

.kernelTEXT 
*          0    00000020    00005790     
                  00000020    00002f38     os_tasks.obj (.kernelTEXT)
                  00002f58    00001408     os_queue.obj (.kernelTEXT)
                  00004360    0000081c     os_event_groups.obj (.kernelTEXT)
                  00004b7c    000004b0     os_portasm.obj (.kernelTEXT)
                  0000502c    000003e0     os_port.obj (.kernelTEXT)
                  0000540c    000003a4     os_heap.obj (.kernelTEXT)

.cinit     0    000057b0    00000060     
                  000057b0    00000017     (.cinit..data.load) [load image, compression = lzss]
                  000057c7    00000001     --HOLE-- [fill = 0]
                  000057c8    0000000c     (__TI_handler_table)
                  000057d4    00000009     (.cinit..kernelBSS.load) [load image, compression = lzss]
                  000057dd    00000003     --HOLE-- [fill = 0]
                  000057e0    00000008     (.cinit..bss.load) [load image, compression = zero_init]
                  000057e8    00000008     (.cinit..kernelHEAP.load) [load image, compression = zero_init]
                  000057f0    00000020     (__TI_cinit_table)

.text      0    00008020    00009698     
                  00008020    00002cdc     sys_selftest.obj (.text)
                  0000acfc    00000f2c     adc.obj (.text)
                  0000bc28    00000b28     system.obj (.text)
                  0000c750    00000a5c     sys_vim.obj (.text)
                  0000d1ac    00000a4c     os_mpu_wrappers.obj (.text)
                  0000dbf8    000008ac     pinmux.obj (.text)
                  0000e4a4    000007d4     sci.obj (.text)
                  0000ec78    000005d8     esm.obj (.text)
                  0000f250    00000484     gio.obj (.text)
                  0000f6d4    0000034c     sys_core.obj (.text)
                  0000fa20    00000318     sys_main.obj (.text)
                  0000fd38    000002cc     sys_vim.obj (.text:retain)
                  00010004    00000284     os_heap.obj (.text)
                  00010288    0000027c     sys_startup.obj (.text:retain)
                  00010504    00000238     os_list.obj (.text)
                  0001073c    0000020c     notification.obj (.text)
                  00010948    000001bc     SFU_Serial.obj (.text)
                  00010b04    000001b4     os_port.obj (.text)
                  00010cb8    00000168     os_tasks.obj (.text)
                  00010e20    00000114     esm.obj (.text:retain)
                  00010f34    0000010c     adc.obj (.text:retain)
                  00011040    000000e8     dabort.obj (.text)
                  00011128    000000e0     rtsv7R4_T_be_v3D16_eabi.lib : s_floor.obj (.text)
                  00011208    000000e0     sys_pmu.obj (.text)
                  000112e8    0000009c     rtsv7R4_T_be_v3D16_eabi.lib : memcpy_t2.obj (.text)
                  00011384    0000007a                                 : memset_t2.obj (.text)
                  000113fe    00000002                                 : i_div0.obj (.text)
                  00011400    00000070                                 : autoinit.obj (.text)
                  00011470    0000006c                                 : copy_decompress_lzss.obj (.text:decompress:lzss)
                  000114dc    00000054                                 : i_div32.obj (.text)
                  00011530    00000054                                 : ltoa.obj (.text)
                  00011584    00000050                                 : exit.obj (.text)
                  000115d4    0000004c                                 : cpy_tbl.obj (.text)
                  00011620    0000004c                                 : rand.obj (.text)
                  0001166c    00000016                                 : strlen.obj (.text)
                  00011682    00000002                                 : startup.obj (.text)
                  00011684    00000014                                 : _lock.obj (.text)
                  00011698    0000000e                                 : copy_decompress_none.obj (.text:decompress:none)
                  000116a6    0000000c                                 : copy_zero_init.obj (.text:decompress:ZI)
                  000116b2    00000002     --HOLE-- [fill = 0]
                  000116b4    00000004     sys_phantom.obj (.text:retain)

.const     0    000116b8    00000234     
                  000116b8    00000200     sys_vim.obj (.const:s_vim_init)
                  000118b8    00000018     adc.obj (.const:s_adcFiFoSize)
                  000118d0    00000018     adc.obj (.const:s_adcSelect)
                  000118e8    00000004     os_heap.obj (.const)

.kernelBSS 
*          0    08000800    00000104     UNINITIALIZED
                  08000800    000000d0     os_tasks.obj (.kernelBSS:uninit)
                  080008d0    00000034     os_tasks.obj (.kernelBSS:init)

.kernelHEAP 
*          0    08001000    00002000     UNINITIALIZED
                  08001000    00002000     os_heap.obj (.kernelHEAP)

.bss       0    08003000    0000005d     UNINITIALIZED
                  08003000    00000028     sci.obj (.bss:g_sciTransfer_t)
                  08003028    0000000c     adc.obj (.bss)
                  08003034    0000000c     SFU_Serial.obj (.bss:inputBuffer)
                  08003040    00000008     os_heap.obj (.bss:xStart)
                  08003048    00000004     (.common:xAdcQueue)
                  0800304c    00000004     (.common:xBinarySemaphore)
                  08003050    00000004     (.common:xIntegerQueue)
                  08003054    00000004     (.common:xMutex)
                  08003058    00000004     (.common:xRecursiveMutex)
                  0800305c    00000001     (.common:currChar)

.data      0    08003060    00000038     UNINITIALIZED
                  08003060    00000010     os_heap.obj (.data)
                  08003070    0000000c     rtsv7R4_T_be_v3D16_eabi.lib : exit.obj (.data:$O1$$)
                  0800307c    00000008                                 : _lock.obj (.data:$O1$$)
                  08003084    00000008     os_port.obj (.data)
                  0800308c    00000004     SFU_Serial.obj (.data)
                  08003090    00000004     rtsv7R4_T_be_v3D16_eabi.lib : rand.obj (.data)
                  08003094    00000004     sys_main.obj (.data)

MODULE SUMMARY

       Module                     code    ro data   rw data
       ------                     ----    -------   -------
    .\SFUsat\
       SFU_Serial.obj             444     0         17     
    +--+--------------------------+-------+---------+---------+
       Total:                     444     0         17     
                                                           
    .\source\
       os_tasks.obj               12448   0         260    
       sys_selftest.obj           11484   0         0      
       os_heap.obj                1576    4         8216   
       os_queue.obj               5128    0         0      
       adc.obj                    4152    48        12     
       sys_vim.obj                3368    512       0      
       system.obj                 2856    0         0      
       os_mpu_wrappers.obj        2636    0         0      
       pinmux.obj                 2220    0         0      
       os_event_groups.obj        2076    0         0      
       sci.obj                    2004    0         40     
       esm.obj                    1772    0         0      
       os_port.obj                1428    0         8      
       os_portasm.obj             1200    0         0      
       gio.obj                    1156    0         0      
       sys_core.obj               844     0         0      
       sys_main.obj               792     0         24     
       sys_startup.obj            636     0         0      
       os_list.obj                568     0         0      
       notification.obj           524     0         0      
       dabort.obj                 232     0         0      
       sys_pmu.obj                224     0         0      
       sys_intvecs.obj            32      0         0      
       sys_phantom.obj            4       0         0      
    +--+--------------------------+-------+---------+---------+
       Total:                     59360   564       8560   
                                                           
    E:/ti/ccsv7/tools/compiler/ti-cgt-arm_16.9.4.LTS/lib/rtsv7R4_T_be_v3D16_eabi.lib
       s_floor.obj                224     0         0      
       memcpy_t2.obj              156     0         0      
       memset_t2.obj              122     0         0      
       autoinit.obj               112     0         0      
       copy_decompress_lzss.obj   108     0         0      
       exit.obj                   80      0         12     
       i_div32.obj                84      0         0      
       ltoa.obj                   84      0         0      
       rand.obj                   76      0         4      
       cpy_tbl.obj                76      0         0      
       _lock.obj                  20      0         8      
       strlen.obj                 22      0         0      
       copy_decompress_none.obj   14      0         0      
       copy_zero_init.obj         12      0         0      
       i_div0.obj                 2       0         0      
       startup.obj                2       0         0      
    +--+--------------------------+-------+---------+---------+
       Total:                     1194    0         24     
                                                           
       Linker Generated:          0       92        0      
    +--+--------------------------+-------+---------+---------+
       Grand Total:               60998   656       8601   


LINKER GENERATED COPY TABLES

__TI_cinit_table @ 000057f0 records: 4, size/record: 8, table size: 32
	.data: load addr=000057b0, load size=00000017 bytes, run addr=08003060, run size=00000038 bytes, compression=lzss
	.kernelBSS: load addr=000057d4, load size=00000009 bytes, run addr=08000800, run size=00000104 bytes, compression=lzss
	.bss: load addr=000057e0, load size=00000008 bytes, run addr=08003000, run size=0000005d bytes, compression=zero_init
	.kernelHEAP: load addr=000057e8, load size=00000008 bytes, run addr=08001000, run size=00002000 bytes, compression=zero_init


LINKER GENERATED HANDLER TABLE

__TI_handler_table @ 000057c8 records: 3, size/record: 4, table size: 12
	index: 0, handler: __TI_decompress_lzss
	index: 1, handler: __TI_decompress_none
	index: 2, handler: __TI_zero_init


GLOBAL SYMBOLS: SORTED ALPHABETICALLY BY Name 

address   name                                  
-------   ----                                  
00011585  C$$EXIT                               
0000d37c  MPU_eTaskGetState                     
0000d4e4  MPU_pcTaskGetName                     
0000d5c4  MPU_pvTaskGetThreadLocalStoragePointer
0000d6dc  MPU_ulTaskNotifyTake                  
0000d898  MPU_uxQueueMessagesWaiting            
0000d8cc  MPU_uxQueueSpacesAvailable            
0000d4b8  MPU_uxTaskGetNumberOfTasks            
0000d54c  MPU_uxTaskGetStackHighWaterMark       
0000d348  MPU_uxTaskPriorityGet                 
0000dbcc  MPU_vEventGroupDelete                 
0000d900  MPU_vQueueDelete                      
0000d254  MPU_vTaskAllocateMPURegions           
0000d2b4  MPU_vTaskDelay                        
0000d2e0  MPU_vTaskDelayUntil                   
0000d288  MPU_vTaskDelete                       
0000d3b0  MPU_vTaskPrioritySet                  
0000d410  MPU_vTaskResume                       
0000d580  MPU_vTaskSetThreadLocalStoragePointer 
0000d754  MPU_vTaskSetTimeOutState              
0000d3e4  MPU_vTaskSuspend                      
0000d43c  MPU_vTaskSuspendAll                   
0000daf0  MPU_xEventGroupClearBits              
0000da68  MPU_xEventGroupCreate                 
0000db34  MPU_xEventGroupSetBits                
0000db78  MPU_xEventGroupSync                   
0000da94  MPU_xEventGroupWaitBits               
0000d92c  MPU_xQueueCreateMutex                 
0000d9d8  MPU_xQueueGenericCreate               
0000d844  MPU_xQueueGenericReceive              
0000da24  MPU_xQueueGenericReset                
0000d7f0  MPU_xQueueGenericSend                 
0000d9a4  MPU_xQueueGiveMutexRecursive          
0000d960  MPU_xQueueTakeMutexRecursive          
0000d314  MPU_xTaskAbortDelay                   
0000d780  MPU_xTaskCheckForTimeOut              
0000d1ac  MPU_xTaskCreate                       
0000d210  MPU_xTaskCreateRestricted             
0000d634  MPU_xTaskGenericNotify                
0000d518  MPU_xTaskGetHandle                    
0000d608  MPU_xTaskGetIdleTaskHandle            
0000d7c4  MPU_xTaskGetSchedulerState            
0000d48c  MPU_xTaskGetTickCount                 
0000d720  MPU_xTaskNotifyStateClear             
0000d688  MPU_xTaskNotifyWait                   
0000d460  MPU_xTaskResumeAll                    
UNDEFED   SHT$$INIT_ARRAY$$Base                 
UNDEFED   SHT$$INIT_ARRAY$$Limit                
000057f0  __TI_CINIT_Base                       
00005810  __TI_CINIT_Limit                      
000057c8  __TI_Handler_Table_Base               
000057d4  __TI_Handler_Table_Limit              
0000fa18  __TI_PINIT_Base                       
0000fa1c  __TI_PINIT_Limit                      
00011401  __TI_auto_init                        
08003070  __TI_cleanup_ptr                      
00011471  __TI_decompress_lzss                  
00011699  __TI_decompress_none                  
08003074  __TI_dtors_ptr                        
08003078  __TI_enable_exit_profile_output       
ffffffff  __TI_pprof_out_hndl                   
ffffffff  __TI_prof_data_size                   
ffffffff  __TI_prof_data_start                  
00000000  __TI_static_base__                    
000116a7  __TI_zero_init                        
000114dc  __aeabi_idiv                          
000113ff  __aeabi_idiv0                         
000114dc  __aeabi_idivmod                       
00011385  __aeabi_memclr                        
00011385  __aeabi_memclr4                       
00011385  __aeabi_memclr8                       
000112e9  __aeabi_memcpy                        
000112e9  __aeabi_memcpy4                       
000112e9  __aeabi_memcpy8                       
00011387  __aeabi_memset                        
00011387  __aeabi_memset4                       
00011387  __aeabi_memset8                       
ffffffff  __binit__                             
ffffffff  __c_args__                            
00010288  _c_int00                              
0000f930  _coreClearAuxiliaryDataFault_         
0000f944  _coreClearAuxiliaryInstructionFault_  
0000f908  _coreClearDataFaultAddress_           
0000f8e0  _coreClearDataFault_                  
0000f91c  _coreClearInstructionFaultAddress_    
0000f8f4  _coreClearInstructionFault_           
0000f874  _coreDisableEventBusExport_           
0000f8b8  _coreDisableFlashEcc_                 
0000f894  _coreDisableRamEcc_                   
0000f864  _coreEnableEventBusExport_            
0000f8a4  _coreEnableFlashEcc_                  
0000f8c8  _coreEnableIrqVicOffset_              
0000f884  _coreEnableRamEcc_                    
0000f84c  _coreEnableVfp_                       
0000f928  _coreGetAuxiliaryDataFault_           
0000f93c  _coreGetAuxiliaryInstructionFault_    
0000f900  _coreGetDataFaultAddress_             
0000f8d8  _coreGetDataFault_                    
0000f914  _coreGetInstructionFaultAddress_      
0000f8ec  _coreGetInstructionFault_             
0000f6d4  _coreInitRegisters_                   
0000f7e0  _coreInitStackPointer_                
00011040  _dabort                               
0000f958  _disable_FIQ_interrupt_               
0000f960  _disable_IRQ_interrupt_               
0000f950  _disable_interrupt_                   
0000f968  _enable_interrupt_                    
0000f9f8  _errata_CORTEXR4_57_                  
0000fa08  _errata_CORTEXR4_66_                  
0000f970  _esmCcmErrorsClear_                   
0000f82c  _getCPSRValue_                        
0000f834  _gotoCPUIdle_                         
0800307c  _lock                                 
00011693  _nop                                  
00011264  _pmuDisableCountersGlobal_            
00011254  _pmuEnableCountersGlobal_             
000112c0  _pmuGetCycleCount_                    
000112c8  _pmuGetEventCount_                    
000112d4  _pmuGetOverflow_                      
00011208  _pmuInit_                             
00011294  _pmuResetCounters_                    
00011274  _pmuResetCycleCounter_                
00011284  _pmuResetEventCounters_               
000112b4  _pmuSetCountEvent_                    
000112a4  _pmuStartCounters_                    
000112ac  _pmuStopCounters_                     
0001168b  _register_lock                        
00011685  _register_unlock                      
00011683  _system_post_cinit                    
08003080  _unlock                               
00011589  abort                                 
0000b6dc  adc1GetConfigValue                    
00010f34  adc1Group1Interrupt                   
0000badc  adc1Group1Interrupts                  
0000926c  adc1ParityCheck                       
0000b8dc  adc2GetConfigValue                    
00009358  adc2ParityCheck                       
0000b2b8  adcCalibration                        
0000b67c  adcDisableNotification                
0000b62c  adcEnableNotification                 
0000b090  adcGetData                            
0000b6c4  adcGetEVTPin                          
0000acfc  adcInit                               
0000b288  adcIsConversionComplete               
0000b258  adcIsFifoFull                         
0000b490  adcMidPointCalibration                
00010794  adcNotification                       
0000b068  adcResetFiFo                          
0000b6a4  adcSetEVTPin                          
0000afbc  adcStartConversion                    
0000b040  adcStopConversion                     
ffffffff  binit                                 
00009410  can1ParityCheck                       
000094e8  can2ParityCheck                       
000095b0  can3ParityCheck                       
000107a8  canErrorNotification                  
000107d0  canMessageNotification                
000107bc  canStatusChangeNotification           
00008030  ccmSelfCheck                          
0000a6fc  ccmr4GetConfigValue                   
00008938  checkB0RAMECC                         
00008b28  checkB1RAMECC                         
00009c18  checkClockMonitor                     
00008d18  checkFlashECC                         
00009cf4  checkFlashEEPROMECC                   
00009e8c  checkPLL1Slip                         
00009f8c  checkPLL2Slip                         
0000a050  checkRAMAddrParity                    
000099d0  checkRAMECC                           
0000a15c  checkRAMUERRTest                      
000087bc  checkefcSelfTest                      
000115d5  copy_in                               
00008234  cpuSelfTest                           
00008dfc  cpuSelfTestFail                       
000108d4  crcNotification                       
0800305c  currChar                              
00008df4  custom_dabort                         
000107e4  dccNotification                       
0000ab58  disableParity                         
00010934  dmaGroupANotification                 
00008eac  dmaParityCheck                        
00001f5c  eTaskConfirmSleepModeStatus           
000008a8  eTaskGetState                         
00010920  ecapNotification                      
00010a98  echoInputBuffer                       
000108ac  edgeNotification                      
00008660  efcCheck                              
0000a660  efcGetConfigValue                     
00008794  efcSelfTest                           
000086e8  efcStuckZeroTest                      
0000aad0  enableParity                          
0001090c  eqepNotification                      
0000a76c  errata_PBIST_4                        
0000ee04  esmActivateNormalOperation            
0000eee8  esmClearStatus                        
0000ef2c  esmClearStatusBuffer                  
0000edc8  esmDisableError                       
0000ee40  esmDisableInterrupt                   
0000ed9c  esmEnableError                        
0000ee14  esmEnableInterrupt                    
0000f024  esmEnterSelfTest                      
0000ed80  esmError                              
0000f0fc  esmGetConfigValue                     
0000ef68  esmGetStatus                          
0000efec  esmGetStatusBuffer                    
0001073c  esmGroup1Notification                 
0001074c  esmGroup2Notification                 
00010e20  esmHighInterrupt                      
0000ec78  esmInit                               
0000f0ac  esmSelfTestStatus                     
0000ef48  esmSetCounterPreloadValue             
0000ee6c  esmSetInterruptLevel                  
0000edf4  esmTriggerErrorPinReset               
000108e8  etpwmNotification                     
000108f8  etpwmTripNotification                 
00011591  exit                                  
00011129  floor                                 
00011129  floorl                                
0000a2c4  fmcBus1ParityCheck                    
0000885c  fmcBus2Check                          
00008898  fmcECCcheck                           
0000f4b0  gioDisableNotification                
0000f448  gioEnableNotification                 
0000f3b0  gioGetBit                             
0000f518  gioGetConfigValue                     
0000f3d8  gioGetPort                            
0000f250  gioInit                               
000107f8  gioNotification                       
0000f340  gioSetBit                             
0000f320  gioSetDirection                       
0000f390  gioSetPort                            
0000f3f0  gioToggleBit                          
00008f58  het1ParityCheck                       
000090c0  het2ParityCheck                       
000108c0  hetNotification                       
00009004  htu1ParityCheck                       
000091bc  htu2ParityCheck                       
0001080c  i2cNotification                       
00010820  linNotification                       
00011531  ltoa                                  
0000fb28  main                                  
0000bd64  mapClocks                             
000112e9  memcpy                                
00008174  memoryInit                            
0001075c  memoryPort0TestFailNotification       
00010778  memoryPort1TestFailNotification       
0001138d  memset                                
00009684  mibspi1ParityCheck                    
0000978c  mibspi3ParityCheck                    
000098b0  mibspi5ParityCheck                    
00010848  mibspiGroupNotification               
00010834  mibspiNotification                    
0000dbf8  muxInit                               
0000a3ec  pbistFail                             
0000a470  pbistGetConfigValue                   
000085a8  pbistIsTestCompleted                  
000085d4  pbistIsTestPassed                     
00008608  pbistPortTestStatus                   
000084ac  pbistRun                              
000082cc  pbistSelfCheck                        
00008578  pbistStop                             
00001398  pcTaskGetName                         
0000bd10  periphInit                            
000116b4  phantomInterrupt                      
0000e094  pinmuxGetConfigValue                  
00005004  prvMpuDisable                         
00004fec  prvMpuEnable                          
00004fd4  prvMpuSetRegion                       
0000540c  pvPortMalloc                          
00002040  pvTaskGetThreadLocalStoragePointer    
000026b8  pvTaskIncrementMutexHeldCount         
00010894  pwmNotification                       
080008d0  pxCurrentTCB                          
0000502c  pxPortInitialiseStack                 
00011637  rand                                  
00000000  resetEntry                            
0000e96c  sciDisableLoopback                    
0000e9f8  sciDisableNotification                
0000e938  sciEnableLoopback                     
0000e990  sciEnableNotification                 
0000ea60  sciEnterResetState                    
0000ea80  sciExitResetState                     
0000eaa0  sciGetConfigValue                     
0000e4a4  sciInit                               
0000e7e8  sciIsIdleDetected                     
0000e7cc  sciIsRxReady                          
0000e64c  sciIsTxReady                          
000109d4  sciNotification                       
0000e860  sciReceive                            
0000e834  sciReceiveByte                        
0000e804  sciRxError                            
0000e698  sciSend                               
0000e668  sciSendByte                           
0000e5b0  sciSetBaudrate                        
0000e590  sciSetFunctional                      
00008020  selftestFailNotification              
00010948  serialInit                            
00010980  serialSend                            
0001099c  serialSendln                          
0000bcd0  setupFlash                            
0000bc28  setupPLL                              
00010884  spiEndNotification                    
00010870  spiNotification                       
0000c548  sramGetConfigValue                    
00011621  srand                                 
0000a5bc  stcGetConfigValue                     
000081b8  stcSelfCheck                          
00008df8  stcSelfCheckFail                      
0001166d  strlen                                
0000bf88  systemGetConfigValue                  
0000be8c  systemInit                            
0000bf58  systemPowerDown                       
0000c39c  tcmflashGetConfigValue                
0000bc88  trimLPO                               
08003084  ulCriticalNesting                     
08003094  ulIdleCycleCount                      
00004efc  ulPortCountLeadingZeros               
08003088  ulTaskHasFPUContext                   
000026ec  ulTaskNotifyTake                      
000106b0  uxListRemove                          
00003e68  uxQueueMessagesWaiting                
00003eec  uxQueueMessagesWaitingFromISR         
00003ea0  uxQueueSpacesAvailable                
0000138c  uxTaskGetNumberOfTasks                
00002284  uxTaskGetStackHighWaterMark           
000009ac  uxTaskPriorityGet                     
000009f0  uxTaskPriorityGetFromISR              
0000267c  uxTaskResetEventItemValue             
0000fa20  vApplicationIdleHook                  
00004af4  vEventGroupClearBitsCallback          
00004a54  vEventGroupDelete                     
00004ad8  vEventGroupSetBitsCallback            
00010504  vListInitialise                       
0001055c  vListInitialiseItem                   
000105ec  vListInsert                           
00010578  vListInsertEnd                        
000053d8  vPortEndScheduler                     
0000567c  vPortFree                             
00005794  vPortInitialiseBlocks                 
00004ef0  vPortInitialiseFPSCR                  
00004df0  vPortPreemptiveTick                   
00004f04  vPortSWI                              
00004b80  vPortStartFirstTask                   
00005140  vPortStoreTaskMPUSettings             
00004cfc  vPortYeildWithinAPI                   
00004c10  vPortYieldProcessor                   
00003f1c  vQueueDelete                          
0000fa34  vSomeFunction                         
000020ac  vTaskAllocateMPURegions               
00000824  vTaskDelay                            
000006b8  vTaskDelayUntil                       
00000550  vTaskDelete                           
000010c0  vTaskEndScheduler                     
00001f4c  vTaskMissedYield                      
00002cb0  vTaskNotifyGiveFromISR                
00001b14  vTaskPlaceOnEventList                 
00001b58  vTaskPlaceOnUnorderedEventList        
000023b8  vTaskPriorityInherit                  
00000a38  vTaskPrioritySet                      
00000e5c  vTaskResume                           
00001fe0  vTaskSetThreadLocalStoragePointer     
00001dd4  vTaskSetTimeOutState                  
00001028  vTaskStartScheduler                   
000016b0  vTaskStepTick                         
00000c54  vTaskSuspend                          
000010dc  vTaskSuspendAll                       
00001a34  vTaskSwitchContext                    
0000c824  vimChannelMap                         
0000ca90  vimDisableInterrupt                   
0000c8c8  vimEnableInterrupt                    
0000cb3c  vimGetConfigValue                     
0000c750  vimInit                               
00008e00  vimParityCheck                        
0000fd38  vimParityErrorHandler                 
08003048  xAdcQueue                             
0800304c  xBinarySemaphore                      
000047f0  xEventGroupClearBits                  
00004360  xEventGroupCreate                     
00004874  xEventGroupGetBitsFromISR             
000048a4  xEventGroupSetBits                    
0000439c  xEventGroupSync                       
0000459c  xEventGroupWaitBits                   
08003050  xIntegerQueue                         
08003054  xMutex                                
0000577c  xPortGetFreeHeapSize                  
00005788  xPortGetMinimumEverFreeHeapSize       
000053b4  xPortStartScheduler                   
000031f0  xQueueCreateMutex                     
00003080  xQueueGenericCreate                   
00003914  xQueueGenericReceive                  
00002f58  xQueueGenericReset                    
00003358  xQueueGenericSend                     
00003618  xQueueGenericSendFromISR              
000037a8  xQueueGiveFromISR                     
00003234  xQueueGiveMutexRecursive              
00004284  xQueueIsQueueEmptyFromISR             
00004310  xQueueIsQueueFullFromISR              
00003d74  xQueuePeekFromISR                     
00003c2c  xQueueReceiveFromISR                  
000032bc  xQueueTakeMutexRecursive              
08003058  xRecursiveMutex                       
0000170c  xTaskAbortDelay                       
00001e14  xTaskCheckForTimeOut                  
000000fc  xTaskCreate                           
00000020  xTaskCreateRestricted                 
000028e0  xTaskGenericNotify                    
00002ab0  xTaskGenericNotifyFromISR             
0000234c  xTaskGetCurrentTaskHandle             
00001574  xTaskGetHandle                        
00001678  xTaskGetIdleTaskHandle                
00002368  xTaskGetSchedulerState                
0000134c  xTaskGetTickCount                     
00001368  xTaskGetTickCountFromISR              
0000180c  xTaskIncrementTick                    
00010da4  xTaskNotifyStateClear                 
000027c8  xTaskNotifyWait                       
00002514  xTaskPriorityDisinherit               
00001bdc  xTaskRemoveFromEventList              
00001ccc  xTaskRemoveFromUnorderedEventList     
00001198  xTaskResumeAll                        
00000f40  xTaskResumeFromISR                    


GLOBAL SYMBOLS: SORTED BY Symbol Address 

address   name                                  
-------   ----                                  
00000000  __TI_static_base__                    
00000000  resetEntry                            
00000020  xTaskCreateRestricted                 
000000fc  xTaskCreate                           
00000550  vTaskDelete                           
000006b8  vTaskDelayUntil                       
00000824  vTaskDelay                            
000008a8  eTaskGetState                         
000009ac  uxTaskPriorityGet                     
000009f0  uxTaskPriorityGetFromISR              
00000a38  vTaskPrioritySet                      
00000c54  vTaskSuspend                          
00000e5c  vTaskResume                           
00000f40  xTaskResumeFromISR                    
00001028  vTaskStartScheduler                   
000010c0  vTaskEndScheduler                     
000010dc  vTaskSuspendAll                       
00001198  xTaskResumeAll                        
0000134c  xTaskGetTickCount                     
00001368  xTaskGetTickCountFromISR              
0000138c  uxTaskGetNumberOfTasks                
00001398  pcTaskGetName                         
00001574  xTaskGetHandle                        
00001678  xTaskGetIdleTaskHandle                
000016b0  vTaskStepTick                         
0000170c  xTaskAbortDelay                       
0000180c  xTaskIncrementTick                    
00001a34  vTaskSwitchContext                    
00001b14  vTaskPlaceOnEventList                 
00001b58  vTaskPlaceOnUnorderedEventList        
00001bdc  xTaskRemoveFromEventList              
00001ccc  xTaskRemoveFromUnorderedEventList     
00001dd4  vTaskSetTimeOutState                  
00001e14  xTaskCheckForTimeOut                  
00001f4c  vTaskMissedYield                      
00001f5c  eTaskConfirmSleepModeStatus           
00001fe0  vTaskSetThreadLocalStoragePointer     
00002040  pvTaskGetThreadLocalStoragePointer    
000020ac  vTaskAllocateMPURegions               
00002284  uxTaskGetStackHighWaterMark           
0000234c  xTaskGetCurrentTaskHandle             
00002368  xTaskGetSchedulerState                
000023b8  vTaskPriorityInherit                  
00002514  xTaskPriorityDisinherit               
0000267c  uxTaskResetEventItemValue             
000026b8  pvTaskIncrementMutexHeldCount         
000026ec  ulTaskNotifyTake                      
000027c8  xTaskNotifyWait                       
000028e0  xTaskGenericNotify                    
00002ab0  xTaskGenericNotifyFromISR             
00002cb0  vTaskNotifyGiveFromISR                
00002f58  xQueueGenericReset                    
00003080  xQueueGenericCreate                   
000031f0  xQueueCreateMutex                     
00003234  xQueueGiveMutexRecursive              
000032bc  xQueueTakeMutexRecursive              
00003358  xQueueGenericSend                     
00003618  xQueueGenericSendFromISR              
000037a8  xQueueGiveFromISR                     
00003914  xQueueGenericReceive                  
00003c2c  xQueueReceiveFromISR                  
00003d74  xQueuePeekFromISR                     
00003e68  uxQueueMessagesWaiting                
00003ea0  uxQueueSpacesAvailable                
00003eec  uxQueueMessagesWaitingFromISR         
00003f1c  vQueueDelete                          
00004284  xQueueIsQueueEmptyFromISR             
00004310  xQueueIsQueueFullFromISR              
00004360  xEventGroupCreate                     
0000439c  xEventGroupSync                       
0000459c  xEventGroupWaitBits                   
000047f0  xEventGroupClearBits                  
00004874  xEventGroupGetBitsFromISR             
000048a4  xEventGroupSetBits                    
00004a54  vEventGroupDelete                     
00004ad8  vEventGroupSetBitsCallback            
00004af4  vEventGroupClearBitsCallback          
00004b80  vPortStartFirstTask                   
00004c10  vPortYieldProcessor                   
00004cfc  vPortYeildWithinAPI                   
00004df0  vPortPreemptiveTick                   
00004ef0  vPortInitialiseFPSCR                  
00004efc  ulPortCountLeadingZeros               
00004f04  vPortSWI                              
00004fd4  prvMpuSetRegion                       
00004fec  prvMpuEnable                          
00005004  prvMpuDisable                         
0000502c  pxPortInitialiseStack                 
00005140  vPortStoreTaskMPUSettings             
000053b4  xPortStartScheduler                   
000053d8  vPortEndScheduler                     
0000540c  pvPortMalloc                          
0000567c  vPortFree                             
0000577c  xPortGetFreeHeapSize                  
00005788  xPortGetMinimumEverFreeHeapSize       
00005794  vPortInitialiseBlocks                 
000057c8  __TI_Handler_Table_Base               
000057d4  __TI_Handler_Table_Limit              
000057f0  __TI_CINIT_Base                       
00005810  __TI_CINIT_Limit                      
00008020  selftestFailNotification              
00008030  ccmSelfCheck                          
00008174  memoryInit                            
000081b8  stcSelfCheck                          
00008234  cpuSelfTest                           
000082cc  pbistSelfCheck                        
000084ac  pbistRun                              
00008578  pbistStop                             
000085a8  pbistIsTestCompleted                  
000085d4  pbistIsTestPassed                     
00008608  pbistPortTestStatus                   
00008660  efcCheck                              
000086e8  efcStuckZeroTest                      
00008794  efcSelfTest                           
000087bc  checkefcSelfTest                      
0000885c  fmcBus2Check                          
00008898  fmcECCcheck                           
00008938  checkB0RAMECC                         
00008b28  checkB1RAMECC                         
00008d18  checkFlashECC                         
00008df4  custom_dabort                         
00008df8  stcSelfCheckFail                      
00008dfc  cpuSelfTestFail                       
00008e00  vimParityCheck                        
00008eac  dmaParityCheck                        
00008f58  het1ParityCheck                       
00009004  htu1ParityCheck                       
000090c0  het2ParityCheck                       
000091bc  htu2ParityCheck                       
0000926c  adc1ParityCheck                       
00009358  adc2ParityCheck                       
00009410  can1ParityCheck                       
000094e8  can2ParityCheck                       
000095b0  can3ParityCheck                       
00009684  mibspi1ParityCheck                    
0000978c  mibspi3ParityCheck                    
000098b0  mibspi5ParityCheck                    
000099d0  checkRAMECC                           
00009c18  checkClockMonitor                     
00009cf4  checkFlashEEPROMECC                   
00009e8c  checkPLL1Slip                         
00009f8c  checkPLL2Slip                         
0000a050  checkRAMAddrParity                    
0000a15c  checkRAMUERRTest                      
0000a2c4  fmcBus1ParityCheck                    
0000a3ec  pbistFail                             
0000a470  pbistGetConfigValue                   
0000a5bc  stcGetConfigValue                     
0000a660  efcGetConfigValue                     
0000a6fc  ccmr4GetConfigValue                   
0000a76c  errata_PBIST_4                        
0000aad0  enableParity                          
0000ab58  disableParity                         
0000acfc  adcInit                               
0000afbc  adcStartConversion                    
0000b040  adcStopConversion                     
0000b068  adcResetFiFo                          
0000b090  adcGetData                            
0000b258  adcIsFifoFull                         
0000b288  adcIsConversionComplete               
0000b2b8  adcCalibration                        
0000b490  adcMidPointCalibration                
0000b62c  adcEnableNotification                 
0000b67c  adcDisableNotification                
0000b6a4  adcSetEVTPin                          
0000b6c4  adcGetEVTPin                          
0000b6dc  adc1GetConfigValue                    
0000b8dc  adc2GetConfigValue                    
0000badc  adc1Group1Interrupts                  
0000bc28  setupPLL                              
0000bc88  trimLPO                               
0000bcd0  setupFlash                            
0000bd10  periphInit                            
0000bd64  mapClocks                             
0000be8c  systemInit                            
0000bf58  systemPowerDown                       
0000bf88  systemGetConfigValue                  
0000c39c  tcmflashGetConfigValue                
0000c548  sramGetConfigValue                    
0000c750  vimInit                               
0000c824  vimChannelMap                         
0000c8c8  vimEnableInterrupt                    
0000ca90  vimDisableInterrupt                   
0000cb3c  vimGetConfigValue                     
0000d1ac  MPU_xTaskCreate                       
0000d210  MPU_xTaskCreateRestricted             
0000d254  MPU_vTaskAllocateMPURegions           
0000d288  MPU_vTaskDelete                       
0000d2b4  MPU_vTaskDelay                        
0000d2e0  MPU_vTaskDelayUntil                   
0000d314  MPU_xTaskAbortDelay                   
0000d348  MPU_uxTaskPriorityGet                 
0000d37c  MPU_eTaskGetState                     
0000d3b0  MPU_vTaskPrioritySet                  
0000d3e4  MPU_vTaskSuspend                      
0000d410  MPU_vTaskResume                       
0000d43c  MPU_vTaskSuspendAll                   
0000d460  MPU_xTaskResumeAll                    
0000d48c  MPU_xTaskGetTickCount                 
0000d4b8  MPU_uxTaskGetNumberOfTasks            
0000d4e4  MPU_pcTaskGetName                     
0000d518  MPU_xTaskGetHandle                    
0000d54c  MPU_uxTaskGetStackHighWaterMark       
0000d580  MPU_vTaskSetThreadLocalStoragePointer 
0000d5c4  MPU_pvTaskGetThreadLocalStoragePointer
0000d608  MPU_xTaskGetIdleTaskHandle            
0000d634  MPU_xTaskGenericNotify                
0000d688  MPU_xTaskNotifyWait                   
0000d6dc  MPU_ulTaskNotifyTake                  
0000d720  MPU_xTaskNotifyStateClear             
0000d754  MPU_vTaskSetTimeOutState              
0000d780  MPU_xTaskCheckForTimeOut              
0000d7c4  MPU_xTaskGetSchedulerState            
0000d7f0  MPU_xQueueGenericSend                 
0000d844  MPU_xQueueGenericReceive              
0000d898  MPU_uxQueueMessagesWaiting            
0000d8cc  MPU_uxQueueSpacesAvailable            
0000d900  MPU_vQueueDelete                      
0000d92c  MPU_xQueueCreateMutex                 
0000d960  MPU_xQueueTakeMutexRecursive          
0000d9a4  MPU_xQueueGiveMutexRecursive          
0000d9d8  MPU_xQueueGenericCreate               
0000da24  MPU_xQueueGenericReset                
0000da68  MPU_xEventGroupCreate                 
0000da94  MPU_xEventGroupWaitBits               
0000daf0  MPU_xEventGroupClearBits              
0000db34  MPU_xEventGroupSetBits                
0000db78  MPU_xEventGroupSync                   
0000dbcc  MPU_vEventGroupDelete                 
0000dbf8  muxInit                               
0000e094  pinmuxGetConfigValue                  
0000e4a4  sciInit                               
0000e590  sciSetFunctional                      
0000e5b0  sciSetBaudrate                        
0000e64c  sciIsTxReady                          
0000e668  sciSendByte                           
0000e698  sciSend                               
0000e7cc  sciIsRxReady                          
0000e7e8  sciIsIdleDetected                     
0000e804  sciRxError                            
0000e834  sciReceiveByte                        
0000e860  sciReceive                            
0000e938  sciEnableLoopback                     
0000e96c  sciDisableLoopback                    
0000e990  sciEnableNotification                 
0000e9f8  sciDisableNotification                
0000ea60  sciEnterResetState                    
0000ea80  sciExitResetState                     
0000eaa0  sciGetConfigValue                     
0000ec78  esmInit                               
0000ed80  esmError                              
0000ed9c  esmEnableError                        
0000edc8  esmDisableError                       
0000edf4  esmTriggerErrorPinReset               
0000ee04  esmActivateNormalOperation            
0000ee14  esmEnableInterrupt                    
0000ee40  esmDisableInterrupt                   
0000ee6c  esmSetInterruptLevel                  
0000eee8  esmClearStatus                        
0000ef2c  esmClearStatusBuffer                  
0000ef48  esmSetCounterPreloadValue             
0000ef68  esmGetStatus                          
0000efec  esmGetStatusBuffer                    
0000f024  esmEnterSelfTest                      
0000f0ac  esmSelfTestStatus                     
0000f0fc  esmGetConfigValue                     
0000f250  gioInit                               
0000f320  gioSetDirection                       
0000f340  gioSetBit                             
0000f390  gioSetPort                            
0000f3b0  gioGetBit                             
0000f3d8  gioGetPort                            
0000f3f0  gioToggleBit                          
0000f448  gioEnableNotification                 
0000f4b0  gioDisableNotification                
0000f518  gioGetConfigValue                     
0000f6d4  _coreInitRegisters_                   
0000f7e0  _coreInitStackPointer_                
0000f82c  _getCPSRValue_                        
0000f834  _gotoCPUIdle_                         
0000f84c  _coreEnableVfp_                       
0000f864  _coreEnableEventBusExport_            
0000f874  _coreDisableEventBusExport_           
0000f884  _coreEnableRamEcc_                    
0000f894  _coreDisableRamEcc_                   
0000f8a4  _coreEnableFlashEcc_                  
0000f8b8  _coreDisableFlashEcc_                 
0000f8c8  _coreEnableIrqVicOffset_              
0000f8d8  _coreGetDataFault_                    
0000f8e0  _coreClearDataFault_                  
0000f8ec  _coreGetInstructionFault_             
0000f8f4  _coreClearInstructionFault_           
0000f900  _coreGetDataFaultAddress_             
0000f908  _coreClearDataFaultAddress_           
0000f914  _coreGetInstructionFaultAddress_      
0000f91c  _coreClearInstructionFaultAddress_    
0000f928  _coreGetAuxiliaryDataFault_           
0000f930  _coreClearAuxiliaryDataFault_         
0000f93c  _coreGetAuxiliaryInstructionFault_    
0000f944  _coreClearAuxiliaryInstructionFault_  
0000f950  _disable_interrupt_                   
0000f958  _disable_FIQ_interrupt_               
0000f960  _disable_IRQ_interrupt_               
0000f968  _enable_interrupt_                    
0000f970  _esmCcmErrorsClear_                   
0000f9f8  _errata_CORTEXR4_57_                  
0000fa08  _errata_CORTEXR4_66_                  
0000fa18  __TI_PINIT_Base                       
0000fa1c  __TI_PINIT_Limit                      
0000fa20  vApplicationIdleHook                  
0000fa34  vSomeFunction                         
0000fb28  main                                  
0000fd38  vimParityErrorHandler                 
00010288  _c_int00                              
00010504  vListInitialise                       
0001055c  vListInitialiseItem                   
00010578  vListInsertEnd                        
000105ec  vListInsert                           
000106b0  uxListRemove                          
0001073c  esmGroup1Notification                 
0001074c  esmGroup2Notification                 
0001075c  memoryPort0TestFailNotification       
00010778  memoryPort1TestFailNotification       
00010794  adcNotification                       
000107a8  canErrorNotification                  
000107bc  canStatusChangeNotification           
000107d0  canMessageNotification                
000107e4  dccNotification                       
000107f8  gioNotification                       
0001080c  i2cNotification                       
00010820  linNotification                       
00010834  mibspiNotification                    
00010848  mibspiGroupNotification               
00010870  spiNotification                       
00010884  spiEndNotification                    
00010894  pwmNotification                       
000108ac  edgeNotification                      
000108c0  hetNotification                       
000108d4  crcNotification                       
000108e8  etpwmNotification                     
000108f8  etpwmTripNotification                 
0001090c  eqepNotification                      
00010920  ecapNotification                      
00010934  dmaGroupANotification                 
00010948  serialInit                            
00010980  serialSend                            
0001099c  serialSendln                          
000109d4  sciNotification                       
00010a98  echoInputBuffer                       
00010da4  xTaskNotifyStateClear                 
00010e20  esmHighInterrupt                      
00010f34  adc1Group1Interrupt                   
00011040  _dabort                               
00011129  floor                                 
00011129  floorl                                
00011208  _pmuInit_                             
00011254  _pmuEnableCountersGlobal_             
00011264  _pmuDisableCountersGlobal_            
00011274  _pmuResetCycleCounter_                
00011284  _pmuResetEventCounters_               
00011294  _pmuResetCounters_                    
000112a4  _pmuStartCounters_                    
000112ac  _pmuStopCounters_                     
000112b4  _pmuSetCountEvent_                    
000112c0  _pmuGetCycleCount_                    
000112c8  _pmuGetEventCount_                    
000112d4  _pmuGetOverflow_                      
000112e9  __aeabi_memcpy                        
000112e9  __aeabi_memcpy4                       
000112e9  __aeabi_memcpy8                       
000112e9  memcpy                                
00011385  __aeabi_memclr                        
00011385  __aeabi_memclr4                       
00011385  __aeabi_memclr8                       
00011387  __aeabi_memset                        
00011387  __aeabi_memset4                       
00011387  __aeabi_memset8                       
0001138d  memset                                
000113ff  __aeabi_idiv0                         
00011401  __TI_auto_init                        
00011471  __TI_decompress_lzss                  
000114dc  __aeabi_idiv                          
000114dc  __aeabi_idivmod                       
00011531  ltoa                                  
00011585  C$$EXIT                               
00011589  abort                                 
00011591  exit                                  
000115d5  copy_in                               
00011621  srand                                 
00011637  rand                                  
0001166d  strlen                                
00011683  _system_post_cinit                    
00011685  _register_unlock                      
0001168b  _register_lock                        
00011693  _nop                                  
00011699  __TI_decompress_none                  
000116a7  __TI_zero_init                        
000116b4  phantomInterrupt                      
080008d0  pxCurrentTCB                          
08003048  xAdcQueue                             
0800304c  xBinarySemaphore                      
08003050  xIntegerQueue                         
08003054  xMutex                                
08003058  xRecursiveMutex                       
0800305c  currChar                              
08003070  __TI_cleanup_ptr                      
08003074  __TI_dtors_ptr                        
08003078  __TI_enable_exit_profile_output       
0800307c  _lock                                 
08003080  _unlock                               
08003084  ulCriticalNesting                     
08003088  ulTaskHasFPUContext                   
08003094  ulIdleCycleCount                      
ffffffff  __TI_pprof_out_hndl                   
ffffffff  __TI_prof_data_size                   
ffffffff  __TI_prof_data_start                  
ffffffff  __binit__                             
ffffffff  __c_args__                            
ffffffff  binit                                 
UNDEFED   SHT$$INIT_ARRAY$$Base                 
UNDEFED   SHT$$INIT_ARRAY$$Limit                

[421 symbols]
