******************************************************************************
                  TI ARM Linker PC v16.9.4                     
******************************************************************************
>> Linked Wed Nov 22 18:25:15 2017

OUTPUT FILE NAME:   <FreeRTOS_TMS57012_TICK_HOOK.out>
ENTRY POINT SYMBOL: "_c_int00"  address: 000102fc


MEMORY CONFIGURATION

         name            origin    length      used     unused   attr    fill
----------------------  --------  ---------  --------  --------  ----  --------
  VECTORS               00000000   00000020  00000020  00000000     X
  KERNEL                00000020   00008000  00005818  000027e8  R  X
  FLASH0                00008020   00137fe0  00009a00  0012e5e0  R  X
  STACKS                08000000   00000800  00000000  00000800  RW  
  KRAM                  08000800   00000800  00000104  000006fc  RW  
  RAM                   08001000   0002f000  000020a1  0002cf5f  RW  


SEGMENT ALLOCATION MAP

run origin  load origin   length   init length attrs members
----------  ----------- ---------- ----------- ----- -------
00000000    00000000    00005838   00005838    r-x
  00000000    00000000    00000020   00000020    r-x .intvecs
  00000020    00000020    000057a8   000057a8    r-x .kernelTEXT
  000057c8    000057c8    00000070   00000070    r-- .cinit
00008020    00008020    00009a00   00009a00    r-x
  00008020    00008020    0000970c   0000970c    r-x .text
  0001172c    0001172c    000002f4   000002f4    r-- .const
08000800    08000800    00000104   00000000    rw-
  08000800    08000800    00000104   00000000    rw- .kernelBSS
08001000    08001000    000020a4   00000000    rw-
  08001000    08001000    00002000   00000000    rw- .kernelHEAP
  08003000    08003000    00000059   00000000    rw- .bss
  0800305c    0800305c    00000048   00000000    rw- .data


SECTION ALLOCATION MAP

 output                                  attributes/
section   page    origin      length       input sections
--------  ----  ----------  ----------   ----------------
.intvecs   0    00000000    00000020     
                  00000000    00000020     sys_intvecs.obj (.intvecs)

.kernelTEXT 
*          0    00000020    000057a8     
                  00000020    00002f50     os_tasks.obj (.kernelTEXT)
                  00002f70    00001408     os_queue.obj (.kernelTEXT)
                  00004378    0000081c     os_event_groups.obj (.kernelTEXT)
                  00004b94    000004b0     os_portasm.obj (.kernelTEXT)
                  00005044    000003e0     os_port.obj (.kernelTEXT)
                  00005424    000003a4     os_heap.obj (.kernelTEXT)

.cinit     0    000057c8    00000070     
                  000057c8    00000021     (.cinit..data.load) [load image, compression = lzss]
                  000057e9    00000003     --HOLE-- [fill = 0]
                  000057ec    0000000c     (__TI_handler_table)
                  000057f8    00000009     (.cinit..kernelBSS.load) [load image, compression = lzss]
                  00005801    00000007     --HOLE-- [fill = 0]
                  00005808    00000008     (.cinit..bss.load) [load image, compression = zero_init]
                  00005810    00000008     (.cinit..kernelHEAP.load) [load image, compression = zero_init]
                  00005818    00000020     (__TI_cinit_table)

.text      0    00008020    0000970c     
                  00008020    00002cdc     sys_selftest.obj (.text)
                  0000acfc    00000f2c     adc.obj (.text)
                  0000bc28    00000b28     system.obj (.text)
                  0000c750    00000a5c     sys_vim.obj (.text)
                  0000d1ac    00000a4c     os_mpu_wrappers.obj (.text)
                  0000dbf8    000008ac     pinmux.obj (.text)
                  0000e4a4    000007d4     sci.obj (.text)
                  0000ec78    000005d8     esm.obj (.text)
                  0000f250    00000484     gio.obj (.text)
                  0000f6d4    0000038c     sys_main.obj (.text)
                  0000fa60    0000034c     sys_core.obj (.text)
                  0000fdac    000002cc     sys_vim.obj (.text:retain)
                  00010078    00000284     os_heap.obj (.text)
                  000102fc    0000027c     sys_startup.obj (.text:retain)
                  00010578    00000238     os_list.obj (.text)
                  000107b0    0000020c     notification.obj (.text)
                  000109bc    000001bc     SFU_Serial.obj (.text)
                  00010b78    000001b4     os_port.obj (.text)
                  00010d2c    00000168     os_tasks.obj (.text)
                  00010e94    00000114     esm.obj (.text:retain)
                  00010fa8    0000010c     adc.obj (.text:retain)
                  000110b4    000000e8     dabort.obj (.text)
                  0001119c    000000e0     rtsv7R4_T_be_v3D16_eabi.lib : s_floor.obj (.text)
                  0001127c    000000e0     sys_pmu.obj (.text)
                  0001135c    0000009c     rtsv7R4_T_be_v3D16_eabi.lib : memcpy_t2.obj (.text)
                  000113f8    0000007a                                 : memset_t2.obj (.text)
                  00011472    00000002                                 : i_div0.obj (.text)
                  00011474    00000070                                 : autoinit.obj (.text)
                  000114e4    0000006c                                 : copy_decompress_lzss.obj (.text:decompress:lzss)
                  00011550    00000054                                 : i_div32.obj (.text)
                  000115a4    00000054                                 : ltoa.obj (.text)
                  000115f8    00000050                                 : exit.obj (.text)
                  00011648    0000004c                                 : cpy_tbl.obj (.text)
                  00011694    0000004c                                 : rand.obj (.text)
                  000116e0    00000016                                 : strlen.obj (.text)
                  000116f6    00000002                                 : startup.obj (.text)
                  000116f8    00000014                                 : _lock.obj (.text)
                  0001170c    0000000e                                 : copy_decompress_none.obj (.text:decompress:none)
                  0001171a    0000000c                                 : copy_zero_init.obj (.text:decompress:ZI)
                  00011726    00000002     --HOLE-- [fill = 0]
                  00011728    00000004     sys_phantom.obj (.text:retain)

.const     0    0001172c    000002f4     
                  0001172c    00000200     sys_vim.obj (.const:s_vim_init)
                  0001192c    000000c0     sys_main.obj (.const:.string)
                  000119ec    00000018     adc.obj (.const:s_adcFiFoSize)
                  00011a04    00000018     adc.obj (.const:s_adcSelect)
                  00011a1c    00000004     os_heap.obj (.const)

.kernelBSS 
*          0    08000800    00000104     UNINITIALIZED
                  08000800    000000d0     os_tasks.obj (.kernelBSS:uninit)
                  080008d0    00000034     os_tasks.obj (.kernelBSS:init)

.kernelHEAP 
*          0    08001000    00002000     UNINITIALIZED
                  08001000    00002000     os_heap.obj (.kernelHEAP)

.bss       0    08003000    00000059     UNINITIALIZED
                  08003000    00000028     sci.obj (.bss:g_sciTransfer_t)
                  08003028    0000000c     adc.obj (.bss)
                  08003034    0000000c     SFU_Serial.obj (.bss:inputBuffer)
                  08003040    00000008     os_heap.obj (.bss:xStart)
                  08003048    00000004     (.common:xAdcQueue)
                  0800304c    00000004     (.common:xBinarySemaphore)
                  08003050    00000004     (.common:xIntegerQueue)
                  08003054    00000004     (.common:xPrintQueue)
                  08003058    00000001     (.common:currChar)

.data      0    0800305c    00000048     UNINITIALIZED
                  0800305c    00000010     os_heap.obj (.data)
                  0800306c    0000000c     rtsv7R4_T_be_v3D16_eabi.lib : exit.obj (.data:$O1$$)
                  08003078    0000000c     sys_main.obj (.data:pcStringsToPrint)
                  08003084    00000008     rtsv7R4_T_be_v3D16_eabi.lib : _lock.obj (.data:$O1$$)
                  0800308c    00000008     os_port.obj (.data)
                  08003094    00000008     sys_main.obj (.data)
                  0800309c    00000004     SFU_Serial.obj (.data)
                  080030a0    00000004     rtsv7R4_T_be_v3D16_eabi.lib : rand.obj (.data)

MODULE SUMMARY

       Module                     code    ro data   rw data
       ------                     ----    -------   -------
    .\SFUsat\
       SFU_Serial.obj             444     0         17     
    +--+--------------------------+-------+---------+---------+
       Total:                     444     0         17     
                                                           
    .\source\
       os_tasks.obj               12472   0         260    
       sys_selftest.obj           11484   0         0      
       os_heap.obj                1576    4         8216   
       os_queue.obj               5128    0         0      
       adc.obj                    4152    48        12     
       sys_vim.obj                3368    512       0      
       system.obj                 2856    0         0      
       os_mpu_wrappers.obj        2636    0         0      
       pinmux.obj                 2220    0         0      
       os_event_groups.obj        2076    0         0      
       sci.obj                    2004    0         40     
       esm.obj                    1772    0         0      
       os_port.obj                1428    0         8      
       os_portasm.obj             1200    0         0      
       gio.obj                    1156    0         0      
       sys_main.obj               908     192       36     
       sys_core.obj               844     0         0      
       sys_startup.obj            636     0         0      
       os_list.obj                568     0         0      
       notification.obj           524     0         0      
       dabort.obj                 232     0         0      
       sys_pmu.obj                224     0         0      
       sys_intvecs.obj            32      0         0      
       sys_phantom.obj            4       0         0      
    +--+--------------------------+-------+---------+---------+
       Total:                     59500   756       8572   
                                                           
    E:/ti/ccsv7/tools/compiler/ti-cgt-arm_16.9.4.LTS/lib/rtsv7R4_T_be_v3D16_eabi.lib
       s_floor.obj                224     0         0      
       memcpy_t2.obj              156     0         0      
       memset_t2.obj              122     0         0      
       autoinit.obj               112     0         0      
       copy_decompress_lzss.obj   108     0         0      
       exit.obj                   80      0         12     
       i_div32.obj                84      0         0      
       ltoa.obj                   84      0         0      
       rand.obj                   76      0         4      
       cpy_tbl.obj                76      0         0      
       _lock.obj                  20      0         8      
       strlen.obj                 22      0         0      
       copy_decompress_none.obj   14      0         0      
       copy_zero_init.obj         12      0         0      
       i_div0.obj                 2       0         0      
       startup.obj                2       0         0      
    +--+--------------------------+-------+---------+---------+
       Total:                     1194    0         24     
                                                           
       Linker Generated:          0       102       0      
    +--+--------------------------+-------+---------+---------+
       Grand Total:               61138   858       8613   


LINKER GENERATED COPY TABLES

__TI_cinit_table @ 00005818 records: 4, size/record: 8, table size: 32
	.data: load addr=000057c8, load size=00000021 bytes, run addr=0800305c, run size=00000048 bytes, compression=lzss
	.kernelBSS: load addr=000057f8, load size=00000009 bytes, run addr=08000800, run size=00000104 bytes, compression=lzss
	.bss: load addr=00005808, load size=00000008 bytes, run addr=08003000, run size=00000059 bytes, compression=zero_init
	.kernelHEAP: load addr=00005810, load size=00000008 bytes, run addr=08001000, run size=00002000 bytes, compression=zero_init


LINKER GENERATED HANDLER TABLE

__TI_handler_table @ 000057ec records: 3, size/record: 4, table size: 12
	index: 0, handler: __TI_decompress_lzss
	index: 1, handler: __TI_decompress_none
	index: 2, handler: __TI_zero_init


GLOBAL SYMBOLS: SORTED ALPHABETICALLY BY Name 

address   name                                  
-------   ----                                  
000115f9  C$$EXIT                               
0000d37c  MPU_eTaskGetState                     
0000d4e4  MPU_pcTaskGetName                     
0000d5c4  MPU_pvTaskGetThreadLocalStoragePointer
0000d6dc  MPU_ulTaskNotifyTake                  
0000d898  MPU_uxQueueMessagesWaiting            
0000d8cc  MPU_uxQueueSpacesAvailable            
0000d4b8  MPU_uxTaskGetNumberOfTasks            
0000d54c  MPU_uxTaskGetStackHighWaterMark       
0000d348  MPU_uxTaskPriorityGet                 
0000dbcc  MPU_vEventGroupDelete                 
0000d900  MPU_vQueueDelete                      
0000d254  MPU_vTaskAllocateMPURegions           
0000d2b4  MPU_vTaskDelay                        
0000d2e0  MPU_vTaskDelayUntil                   
0000d288  MPU_vTaskDelete                       
0000d3b0  MPU_vTaskPrioritySet                  
0000d410  MPU_vTaskResume                       
0000d580  MPU_vTaskSetThreadLocalStoragePointer 
0000d754  MPU_vTaskSetTimeOutState              
0000d3e4  MPU_vTaskSuspend                      
0000d43c  MPU_vTaskSuspendAll                   
0000daf0  MPU_xEventGroupClearBits              
0000da68  MPU_xEventGroupCreate                 
0000db34  MPU_xEventGroupSetBits                
0000db78  MPU_xEventGroupSync                   
0000da94  MPU_xEventGroupWaitBits               
0000d92c  MPU_xQueueCreateMutex                 
0000d9d8  MPU_xQueueGenericCreate               
0000d844  MPU_xQueueGenericReceive              
0000da24  MPU_xQueueGenericReset                
0000d7f0  MPU_xQueueGenericSend                 
0000d9a4  MPU_xQueueGiveMutexRecursive          
0000d960  MPU_xQueueTakeMutexRecursive          
0000d314  MPU_xTaskAbortDelay                   
0000d780  MPU_xTaskCheckForTimeOut              
0000d1ac  MPU_xTaskCreate                       
0000d210  MPU_xTaskCreateRestricted             
0000d634  MPU_xTaskGenericNotify                
0000d518  MPU_xTaskGetHandle                    
0000d608  MPU_xTaskGetIdleTaskHandle            
0000d7c4  MPU_xTaskGetSchedulerState            
0000d48c  MPU_xTaskGetTickCount                 
0000d720  MPU_xTaskNotifyStateClear             
0000d688  MPU_xTaskNotifyWait                   
0000d460  MPU_xTaskResumeAll                    
UNDEFED   SHT$$INIT_ARRAY$$Base                 
UNDEFED   SHT$$INIT_ARRAY$$Limit                
00005818  __TI_CINIT_Base                       
00005838  __TI_CINIT_Limit                      
000057ec  __TI_Handler_Table_Base               
000057f8  __TI_Handler_Table_Limit              
0000fda4  __TI_PINIT_Base                       
0000fda8  __TI_PINIT_Limit                      
00011475  __TI_auto_init                        
0800306c  __TI_cleanup_ptr                      
000114e5  __TI_decompress_lzss                  
0001170d  __TI_decompress_none                  
08003070  __TI_dtors_ptr                        
08003074  __TI_enable_exit_profile_output       
ffffffff  __TI_pprof_out_hndl                   
ffffffff  __TI_prof_data_size                   
ffffffff  __TI_prof_data_start                  
00000000  __TI_static_base__                    
0001171b  __TI_zero_init                        
00011550  __aeabi_idiv                          
00011473  __aeabi_idiv0                         
00011550  __aeabi_idivmod                       
000113f9  __aeabi_memclr                        
000113f9  __aeabi_memclr4                       
000113f9  __aeabi_memclr8                       
0001135d  __aeabi_memcpy                        
0001135d  __aeabi_memcpy4                       
0001135d  __aeabi_memcpy8                       
000113fb  __aeabi_memset                        
000113fb  __aeabi_memset4                       
000113fb  __aeabi_memset8                       
ffffffff  __binit__                             
ffffffff  __c_args__                            
000102fc  _c_int00                              
0000fcbc  _coreClearAuxiliaryDataFault_         
0000fcd0  _coreClearAuxiliaryInstructionFault_  
0000fc94  _coreClearDataFaultAddress_           
0000fc6c  _coreClearDataFault_                  
0000fca8  _coreClearInstructionFaultAddress_    
0000fc80  _coreClearInstructionFault_           
0000fc00  _coreDisableEventBusExport_           
0000fc44  _coreDisableFlashEcc_                 
0000fc20  _coreDisableRamEcc_                   
0000fbf0  _coreEnableEventBusExport_            
0000fc30  _coreEnableFlashEcc_                  
0000fc54  _coreEnableIrqVicOffset_              
0000fc10  _coreEnableRamEcc_                    
0000fbd8  _coreEnableVfp_                       
0000fcb4  _coreGetAuxiliaryDataFault_           
0000fcc8  _coreGetAuxiliaryInstructionFault_    
0000fc8c  _coreGetDataFaultAddress_             
0000fc64  _coreGetDataFault_                    
0000fca0  _coreGetInstructionFaultAddress_      
0000fc78  _coreGetInstructionFault_             
0000fa60  _coreInitRegisters_                   
0000fb6c  _coreInitStackPointer_                
000110b4  _dabort                               
0000fce4  _disable_FIQ_interrupt_               
0000fcec  _disable_IRQ_interrupt_               
0000fcdc  _disable_interrupt_                   
0000fcf4  _enable_interrupt_                    
0000fd84  _errata_CORTEXR4_57_                  
0000fd94  _errata_CORTEXR4_66_                  
0000fcfc  _esmCcmErrorsClear_                   
0000fbb8  _getCPSRValue_                        
0000fbc0  _gotoCPUIdle_                         
08003084  _lock                                 
00011707  _nop                                  
000112d8  _pmuDisableCountersGlobal_            
000112c8  _pmuEnableCountersGlobal_             
00011334  _pmuGetCycleCount_                    
0001133c  _pmuGetEventCount_                    
00011348  _pmuGetOverflow_                      
0001127c  _pmuInit_                             
00011308  _pmuResetCounters_                    
000112e8  _pmuResetCycleCounter_                
000112f8  _pmuResetEventCounters_               
00011328  _pmuSetCountEvent_                    
00011318  _pmuStartCounters_                    
00011320  _pmuStopCounters_                     
000116ff  _register_lock                        
000116f9  _register_unlock                      
000116f7  _system_post_cinit                    
08003088  _unlock                               
000115fd  abort                                 
0000b6dc  adc1GetConfigValue                    
00010fa8  adc1Group1Interrupt                   
0000badc  adc1Group1Interrupts                  
0000926c  adc1ParityCheck                       
0000b8dc  adc2GetConfigValue                    
00009358  adc2ParityCheck                       
0000b2b8  adcCalibration                        
0000b67c  adcDisableNotification                
0000b62c  adcEnableNotification                 
0000b090  adcGetData                            
0000b6c4  adcGetEVTPin                          
0000acfc  adcInit                               
0000b288  adcIsConversionComplete               
0000b258  adcIsFifoFull                         
0000b490  adcMidPointCalibration                
00010808  adcNotification                       
0000b068  adcResetFiFo                          
0000b6a4  adcSetEVTPin                          
0000afbc  adcStartConversion                    
0000b040  adcStopConversion                     
ffffffff  binit                                 
00009410  can1ParityCheck                       
000094e8  can2ParityCheck                       
000095b0  can3ParityCheck                       
0001081c  canErrorNotification                  
00010844  canMessageNotification                
00010830  canStatusChangeNotification           
00008030  ccmSelfCheck                          
0000a6fc  ccmr4GetConfigValue                   
00008938  checkB0RAMECC                         
00008b28  checkB1RAMECC                         
00009c18  checkClockMonitor                     
00008d18  checkFlashECC                         
00009cf4  checkFlashEEPROMECC                   
00009e8c  checkPLL1Slip                         
00009f8c  checkPLL2Slip                         
0000a050  checkRAMAddrParity                    
000099d0  checkRAMECC                           
0000a15c  checkRAMUERRTest                      
000087bc  checkefcSelfTest                      
00011649  copy_in                               
00008234  cpuSelfTest                           
00008dfc  cpuSelfTestFail                       
00010948  crcNotification                       
08003058  currChar                              
00008df4  custom_dabort                         
00010858  dccNotification                       
0000ab58  disableParity                         
000109a8  dmaGroupANotification                 
00008eac  dmaParityCheck                        
00001f74  eTaskConfirmSleepModeStatus           
000008a8  eTaskGetState                         
00010994  ecapNotification                      
00010b0c  echoInputBuffer                       
00010920  edgeNotification                      
00008660  efcCheck                              
0000a660  efcGetConfigValue                     
00008794  efcSelfTest                           
000086e8  efcStuckZeroTest                      
0000aad0  enableParity                          
00010980  eqepNotification                      
0000a76c  errata_PBIST_4                        
0000ee04  esmActivateNormalOperation            
0000eee8  esmClearStatus                        
0000ef2c  esmClearStatusBuffer                  
0000edc8  esmDisableError                       
0000ee40  esmDisableInterrupt                   
0000ed9c  esmEnableError                        
0000ee14  esmEnableInterrupt                    
0000f024  esmEnterSelfTest                      
0000ed80  esmError                              
0000f0fc  esmGetConfigValue                     
0000ef68  esmGetStatus                          
0000efec  esmGetStatusBuffer                    
000107b0  esmGroup1Notification                 
000107c0  esmGroup2Notification                 
00010e94  esmHighInterrupt                      
0000ec78  esmInit                               
0000f0ac  esmSelfTestStatus                     
0000ef48  esmSetCounterPreloadValue             
0000ee6c  esmSetInterruptLevel                  
0000edf4  esmTriggerErrorPinReset               
0001095c  etpwmNotification                     
0001096c  etpwmTripNotification                 
00011605  exit                                  
0001119d  floor                                 
0001119d  floorl                                
0000a2c4  fmcBus1ParityCheck                    
0000885c  fmcBus2Check                          
00008898  fmcECCcheck                           
0000f4b0  gioDisableNotification                
0000f448  gioEnableNotification                 
0000f3b0  gioGetBit                             
0000f518  gioGetConfigValue                     
0000f3d8  gioGetPort                            
0000f250  gioInit                               
0001086c  gioNotification                       
0000f340  gioSetBit                             
0000f320  gioSetDirection                       
0000f390  gioSetPort                            
0000f3f0  gioToggleBit                          
00008f58  het1ParityCheck                       
000090c0  het2ParityCheck                       
00010934  hetNotification                       
00009004  htu1ParityCheck                       
000091bc  htu2ParityCheck                       
00010880  i2cNotification                       
00010894  linNotification                       
000115a5  ltoa                                  
0000f7c0  main                                  
0000bd64  mapClocks                             
0001135d  memcpy                                
00008174  memoryInit                            
000107d0  memoryPort0TestFailNotification       
000107ec  memoryPort1TestFailNotification       
00011401  memset                                
00009684  mibspi1ParityCheck                    
0000978c  mibspi3ParityCheck                    
000098b0  mibspi5ParityCheck                    
000108bc  mibspiGroupNotification               
000108a8  mibspiNotification                    
0000dbf8  muxInit                               
0000a3ec  pbistFail                             
0000a470  pbistGetConfigValue                   
000085a8  pbistIsTestCompleted                  
000085d4  pbistIsTestPassed                     
00008608  pbistPortTestStatus                   
000084ac  pbistRun                              
000082cc  pbistSelfCheck                        
00008578  pbistStop                             
00001398  pcTaskGetName                         
0000bd10  periphInit                            
00011728  phantomInterrupt                      
0000e094  pinmuxGetConfigValue                  
0000501c  prvMpuDisable                         
00005004  prvMpuEnable                          
00004fec  prvMpuSetRegion                       
00005424  pvPortMalloc                          
00002058  pvTaskGetThreadLocalStoragePointer    
000026d0  pvTaskIncrementMutexHeldCount         
00010908  pwmNotification                       
080008d0  pxCurrentTCB                          
00005044  pxPortInitialiseStack                 
000116ab  rand                                  
00000000  resetEntry                            
0000e96c  sciDisableLoopback                    
0000e9f8  sciDisableNotification                
0000e938  sciEnableLoopback                     
0000e990  sciEnableNotification                 
0000ea60  sciEnterResetState                    
0000ea80  sciExitResetState                     
0000eaa0  sciGetConfigValue                     
0000e4a4  sciInit                               
0000e7e8  sciIsIdleDetected                     
0000e7cc  sciIsRxReady                          
0000e64c  sciIsTxReady                          
00010a48  sciNotification                       
0000e860  sciReceive                            
0000e834  sciReceiveByte                        
0000e804  sciRxError                            
0000e698  sciSend                               
0000e668  sciSendByte                           
0000e5b0  sciSetBaudrate                        
0000e590  sciSetFunctional                      
00008020  selftestFailNotification              
000109bc  serialInit                            
000109f4  serialSend                            
00010a10  serialSendln                          
0000bcd0  setupFlash                            
0000bc28  setupPLL                              
000108f8  spiEndNotification                    
000108e4  spiNotification                       
0000c548  sramGetConfigValue                    
00011695  srand                                 
0000a5bc  stcGetConfigValue                     
000081b8  stcSelfCheck                          
00008df8  stcSelfCheckFail                      
000116e1  strlen                                
0000bf88  systemGetConfigValue                  
0000be8c  systemInit                            
0000bf58  systemPowerDown                       
0000c39c  tcmflashGetConfigValue                
0000bc88  trimLPO                               
0800308c  ulCriticalNesting                     
08003094  ulIdleCycleCount                      
00004f14  ulPortCountLeadingZeros               
08003090  ulTaskHasFPUContext                   
00002704  ulTaskNotifyTake                      
00010724  uxListRemove                          
00003e80  uxQueueMessagesWaiting                
00003f04  uxQueueMessagesWaitingFromISR         
00003eb8  uxQueueSpacesAvailable                
0000138c  uxTaskGetNumberOfTasks                
0000229c  uxTaskGetStackHighWaterMark           
000009ac  uxTaskPriorityGet                     
000009f0  uxTaskPriorityGetFromISR              
00002694  uxTaskResetEventItemValue             
0000f6d4  vApplicationIdleHook                  
0000f724  vApplicationTickHook                  
00004b0c  vEventGroupClearBitsCallback          
00004a6c  vEventGroupDelete                     
00004af0  vEventGroupSetBitsCallback            
00010578  vListInitialise                       
000105d0  vListInitialiseItem                   
00010660  vListInsert                           
000105ec  vListInsertEnd                        
000053f0  vPortEndScheduler                     
00005694  vPortFree                             
000057ac  vPortInitialiseBlocks                 
00004f08  vPortInitialiseFPSCR                  
00004e08  vPortPreemptiveTick                   
00004f1c  vPortSWI                              
00004b98  vPortStartFirstTask                   
00005158  vPortStoreTaskMPUSettings             
00004d14  vPortYeildWithinAPI                   
00004c28  vPortYieldProcessor                   
00003f34  vQueueDelete                          
000020c4  vTaskAllocateMPURegions               
00000824  vTaskDelay                            
000006b8  vTaskDelayUntil                       
00000550  vTaskDelete                           
000010c0  vTaskEndScheduler                     
00001f64  vTaskMissedYield                      
00002cc8  vTaskNotifyGiveFromISR                
00001b2c  vTaskPlaceOnEventList                 
00001b70  vTaskPlaceOnUnorderedEventList        
000023d0  vTaskPriorityInherit                  
00000a38  vTaskPrioritySet                      
00000e5c  vTaskResume                           
00001ffc  vTaskSetThreadLocalStoragePointer     
00001dec  vTaskSetTimeOutState                  
00001028  vTaskStartScheduler                   
000016b0  vTaskStepTick                         
00000c54  vTaskSuspend                          
000010dc  vTaskSuspendAll                       
00001a4c  vTaskSwitchContext                    
0000c824  vimChannelMap                         
0000ca90  vimDisableInterrupt                   
0000c8c8  vimEnableInterrupt                    
0000cb3c  vimGetConfigValue                     
0000c750  vimInit                               
00008e00  vimParityCheck                        
0000fdac  vimParityErrorHandler                 
08003048  xAdcQueue                             
0800304c  xBinarySemaphore                      
00004808  xEventGroupClearBits                  
00004378  xEventGroupCreate                     
0000488c  xEventGroupGetBitsFromISR             
000048bc  xEventGroupSetBits                    
000043b4  xEventGroupSync                       
000045b4  xEventGroupWaitBits                   
08003050  xIntegerQueue                         
00005794  xPortGetFreeHeapSize                  
000057a0  xPortGetMinimumEverFreeHeapSize       
000053cc  xPortStartScheduler                   
08003054  xPrintQueue                           
00003208  xQueueCreateMutex                     
00003098  xQueueGenericCreate                   
0000392c  xQueueGenericReceive                  
00002f70  xQueueGenericReset                    
00003370  xQueueGenericSend                     
00003630  xQueueGenericSendFromISR              
000037c0  xQueueGiveFromISR                     
0000324c  xQueueGiveMutexRecursive              
0000429c  xQueueIsQueueEmptyFromISR             
00004328  xQueueIsQueueFullFromISR              
00003d8c  xQueuePeekFromISR                     
00003c44  xQueueReceiveFromISR                  
000032d4  xQueueTakeMutexRecursive              
0000170c  xTaskAbortDelay                       
00001e2c  xTaskCheckForTimeOut                  
000000fc  xTaskCreate                           
00000020  xTaskCreateRestricted                 
000028f8  xTaskGenericNotify                    
00002ac8  xTaskGenericNotifyFromISR             
00002364  xTaskGetCurrentTaskHandle             
00001574  xTaskGetHandle                        
00001678  xTaskGetIdleTaskHandle                
00002380  xTaskGetSchedulerState                
0000134c  xTaskGetTickCount                     
00001368  xTaskGetTickCountFromISR              
0000180c  xTaskIncrementTick                    
00010e18  xTaskNotifyStateClear                 
000027e0  xTaskNotifyWait                       
0000252c  xTaskPriorityDisinherit               
00001bf4  xTaskRemoveFromEventList              
00001ce4  xTaskRemoveFromUnorderedEventList     
00001198  xTaskResumeAll                        
00000f40  xTaskResumeFromISR                    


GLOBAL SYMBOLS: SORTED BY Symbol Address 

address   name                                  
-------   ----                                  
00000000  __TI_static_base__                    
00000000  resetEntry                            
00000020  xTaskCreateRestricted                 
000000fc  xTaskCreate                           
00000550  vTaskDelete                           
000006b8  vTaskDelayUntil                       
00000824  vTaskDelay                            
000008a8  eTaskGetState                         
000009ac  uxTaskPriorityGet                     
000009f0  uxTaskPriorityGetFromISR              
00000a38  vTaskPrioritySet                      
00000c54  vTaskSuspend                          
00000e5c  vTaskResume                           
00000f40  xTaskResumeFromISR                    
00001028  vTaskStartScheduler                   
000010c0  vTaskEndScheduler                     
000010dc  vTaskSuspendAll                       
00001198  xTaskResumeAll                        
0000134c  xTaskGetTickCount                     
00001368  xTaskGetTickCountFromISR              
0000138c  uxTaskGetNumberOfTasks                
00001398  pcTaskGetName                         
00001574  xTaskGetHandle                        
00001678  xTaskGetIdleTaskHandle                
000016b0  vTaskStepTick                         
0000170c  xTaskAbortDelay                       
0000180c  xTaskIncrementTick                    
00001a4c  vTaskSwitchContext                    
00001b2c  vTaskPlaceOnEventList                 
00001b70  vTaskPlaceOnUnorderedEventList        
00001bf4  xTaskRemoveFromEventList              
00001ce4  xTaskRemoveFromUnorderedEventList     
00001dec  vTaskSetTimeOutState                  
00001e2c  xTaskCheckForTimeOut                  
00001f64  vTaskMissedYield                      
00001f74  eTaskConfirmSleepModeStatus           
00001ffc  vTaskSetThreadLocalStoragePointer     
00002058  pvTaskGetThreadLocalStoragePointer    
000020c4  vTaskAllocateMPURegions               
0000229c  uxTaskGetStackHighWaterMark           
00002364  xTaskGetCurrentTaskHandle             
00002380  xTaskGetSchedulerState                
000023d0  vTaskPriorityInherit                  
0000252c  xTaskPriorityDisinherit               
00002694  uxTaskResetEventItemValue             
000026d0  pvTaskIncrementMutexHeldCount         
00002704  ulTaskNotifyTake                      
000027e0  xTaskNotifyWait                       
000028f8  xTaskGenericNotify                    
00002ac8  xTaskGenericNotifyFromISR             
00002cc8  vTaskNotifyGiveFromISR                
00002f70  xQueueGenericReset                    
00003098  xQueueGenericCreate                   
00003208  xQueueCreateMutex                     
0000324c  xQueueGiveMutexRecursive              
000032d4  xQueueTakeMutexRecursive              
00003370  xQueueGenericSend                     
00003630  xQueueGenericSendFromISR              
000037c0  xQueueGiveFromISR                     
0000392c  xQueueGenericReceive                  
00003c44  xQueueReceiveFromISR                  
00003d8c  xQueuePeekFromISR                     
00003e80  uxQueueMessagesWaiting                
00003eb8  uxQueueSpacesAvailable                
00003f04  uxQueueMessagesWaitingFromISR         
00003f34  vQueueDelete                          
0000429c  xQueueIsQueueEmptyFromISR             
00004328  xQueueIsQueueFullFromISR              
00004378  xEventGroupCreate                     
000043b4  xEventGroupSync                       
000045b4  xEventGroupWaitBits                   
00004808  xEventGroupClearBits                  
0000488c  xEventGroupGetBitsFromISR             
000048bc  xEventGroupSetBits                    
00004a6c  vEventGroupDelete                     
00004af0  vEventGroupSetBitsCallback            
00004b0c  vEventGroupClearBitsCallback          
00004b98  vPortStartFirstTask                   
00004c28  vPortYieldProcessor                   
00004d14  vPortYeildWithinAPI                   
00004e08  vPortPreemptiveTick                   
00004f08  vPortInitialiseFPSCR                  
00004f14  ulPortCountLeadingZeros               
00004f1c  vPortSWI                              
00004fec  prvMpuSetRegion                       
00005004  prvMpuEnable                          
0000501c  prvMpuDisable                         
00005044  pxPortInitialiseStack                 
00005158  vPortStoreTaskMPUSettings             
000053cc  xPortStartScheduler                   
000053f0  vPortEndScheduler                     
00005424  pvPortMalloc                          
00005694  vPortFree                             
00005794  xPortGetFreeHeapSize                  
000057a0  xPortGetMinimumEverFreeHeapSize       
000057ac  vPortInitialiseBlocks                 
000057ec  __TI_Handler_Table_Base               
000057f8  __TI_Handler_Table_Limit              
00005818  __TI_CINIT_Base                       
00005838  __TI_CINIT_Limit                      
00008020  selftestFailNotification              
00008030  ccmSelfCheck                          
00008174  memoryInit                            
000081b8  stcSelfCheck                          
00008234  cpuSelfTest                           
000082cc  pbistSelfCheck                        
000084ac  pbistRun                              
00008578  pbistStop                             
000085a8  pbistIsTestCompleted                  
000085d4  pbistIsTestPassed                     
00008608  pbistPortTestStatus                   
00008660  efcCheck                              
000086e8  efcStuckZeroTest                      
00008794  efcSelfTest                           
000087bc  checkefcSelfTest                      
0000885c  fmcBus2Check                          
00008898  fmcECCcheck                           
00008938  checkB0RAMECC                         
00008b28  checkB1RAMECC                         
00008d18  checkFlashECC                         
00008df4  custom_dabort                         
00008df8  stcSelfCheckFail                      
00008dfc  cpuSelfTestFail                       
00008e00  vimParityCheck                        
00008eac  dmaParityCheck                        
00008f58  het1ParityCheck                       
00009004  htu1ParityCheck                       
000090c0  het2ParityCheck                       
000091bc  htu2ParityCheck                       
0000926c  adc1ParityCheck                       
00009358  adc2ParityCheck                       
00009410  can1ParityCheck                       
000094e8  can2ParityCheck                       
000095b0  can3ParityCheck                       
00009684  mibspi1ParityCheck                    
0000978c  mibspi3ParityCheck                    
000098b0  mibspi5ParityCheck                    
000099d0  checkRAMECC                           
00009c18  checkClockMonitor                     
00009cf4  checkFlashEEPROMECC                   
00009e8c  checkPLL1Slip                         
00009f8c  checkPLL2Slip                         
0000a050  checkRAMAddrParity                    
0000a15c  checkRAMUERRTest                      
0000a2c4  fmcBus1ParityCheck                    
0000a3ec  pbistFail                             
0000a470  pbistGetConfigValue                   
0000a5bc  stcGetConfigValue                     
0000a660  efcGetConfigValue                     
0000a6fc  ccmr4GetConfigValue                   
0000a76c  errata_PBIST_4                        
0000aad0  enableParity                          
0000ab58  disableParity                         
0000acfc  adcInit                               
0000afbc  adcStartConversion                    
0000b040  adcStopConversion                     
0000b068  adcResetFiFo                          
0000b090  adcGetData                            
0000b258  adcIsFifoFull                         
0000b288  adcIsConversionComplete               
0000b2b8  adcCalibration                        
0000b490  adcMidPointCalibration                
0000b62c  adcEnableNotification                 
0000b67c  adcDisableNotification                
0000b6a4  adcSetEVTPin                          
0000b6c4  adcGetEVTPin                          
0000b6dc  adc1GetConfigValue                    
0000b8dc  adc2GetConfigValue                    
0000badc  adc1Group1Interrupts                  
0000bc28  setupPLL                              
0000bc88  trimLPO                               
0000bcd0  setupFlash                            
0000bd10  periphInit                            
0000bd64  mapClocks                             
0000be8c  systemInit                            
0000bf58  systemPowerDown                       
0000bf88  systemGetConfigValue                  
0000c39c  tcmflashGetConfigValue                
0000c548  sramGetConfigValue                    
0000c750  vimInit                               
0000c824  vimChannelMap                         
0000c8c8  vimEnableInterrupt                    
0000ca90  vimDisableInterrupt                   
0000cb3c  vimGetConfigValue                     
0000d1ac  MPU_xTaskCreate                       
0000d210  MPU_xTaskCreateRestricted             
0000d254  MPU_vTaskAllocateMPURegions           
0000d288  MPU_vTaskDelete                       
0000d2b4  MPU_vTaskDelay                        
0000d2e0  MPU_vTaskDelayUntil                   
0000d314  MPU_xTaskAbortDelay                   
0000d348  MPU_uxTaskPriorityGet                 
0000d37c  MPU_eTaskGetState                     
0000d3b0  MPU_vTaskPrioritySet                  
0000d3e4  MPU_vTaskSuspend                      
0000d410  MPU_vTaskResume                       
0000d43c  MPU_vTaskSuspendAll                   
0000d460  MPU_xTaskResumeAll                    
0000d48c  MPU_xTaskGetTickCount                 
0000d4b8  MPU_uxTaskGetNumberOfTasks            
0000d4e4  MPU_pcTaskGetName                     
0000d518  MPU_xTaskGetHandle                    
0000d54c  MPU_uxTaskGetStackHighWaterMark       
0000d580  MPU_vTaskSetThreadLocalStoragePointer 
0000d5c4  MPU_pvTaskGetThreadLocalStoragePointer
0000d608  MPU_xTaskGetIdleTaskHandle            
0000d634  MPU_xTaskGenericNotify                
0000d688  MPU_xTaskNotifyWait                   
0000d6dc  MPU_ulTaskNotifyTake                  
0000d720  MPU_xTaskNotifyStateClear             
0000d754  MPU_vTaskSetTimeOutState              
0000d780  MPU_xTaskCheckForTimeOut              
0000d7c4  MPU_xTaskGetSchedulerState            
0000d7f0  MPU_xQueueGenericSend                 
0000d844  MPU_xQueueGenericReceive              
0000d898  MPU_uxQueueMessagesWaiting            
0000d8cc  MPU_uxQueueSpacesAvailable            
0000d900  MPU_vQueueDelete                      
0000d92c  MPU_xQueueCreateMutex                 
0000d960  MPU_xQueueTakeMutexRecursive          
0000d9a4  MPU_xQueueGiveMutexRecursive          
0000d9d8  MPU_xQueueGenericCreate               
0000da24  MPU_xQueueGenericReset                
0000da68  MPU_xEventGroupCreate                 
0000da94  MPU_xEventGroupWaitBits               
0000daf0  MPU_xEventGroupClearBits              
0000db34  MPU_xEventGroupSetBits                
0000db78  MPU_xEventGroupSync                   
0000dbcc  MPU_vEventGroupDelete                 
0000dbf8  muxInit                               
0000e094  pinmuxGetConfigValue                  
0000e4a4  sciInit                               
0000e590  sciSetFunctional                      
0000e5b0  sciSetBaudrate                        
0000e64c  sciIsTxReady                          
0000e668  sciSendByte                           
0000e698  sciSend                               
0000e7cc  sciIsRxReady                          
0000e7e8  sciIsIdleDetected                     
0000e804  sciRxError                            
0000e834  sciReceiveByte                        
0000e860  sciReceive                            
0000e938  sciEnableLoopback                     
0000e96c  sciDisableLoopback                    
0000e990  sciEnableNotification                 
0000e9f8  sciDisableNotification                
0000ea60  sciEnterResetState                    
0000ea80  sciExitResetState                     
0000eaa0  sciGetConfigValue                     
0000ec78  esmInit                               
0000ed80  esmError                              
0000ed9c  esmEnableError                        
0000edc8  esmDisableError                       
0000edf4  esmTriggerErrorPinReset               
0000ee04  esmActivateNormalOperation            
0000ee14  esmEnableInterrupt                    
0000ee40  esmDisableInterrupt                   
0000ee6c  esmSetInterruptLevel                  
0000eee8  esmClearStatus                        
0000ef2c  esmClearStatusBuffer                  
0000ef48  esmSetCounterPreloadValue             
0000ef68  esmGetStatus                          
0000efec  esmGetStatusBuffer                    
0000f024  esmEnterSelfTest                      
0000f0ac  esmSelfTestStatus                     
0000f0fc  esmGetConfigValue                     
0000f250  gioInit                               
0000f320  gioSetDirection                       
0000f340  gioSetBit                             
0000f390  gioSetPort                            
0000f3b0  gioGetBit                             
0000f3d8  gioGetPort                            
0000f3f0  gioToggleBit                          
0000f448  gioEnableNotification                 
0000f4b0  gioDisableNotification                
0000f518  gioGetConfigValue                     
0000f6d4  vApplicationIdleHook                  
0000f724  vApplicationTickHook                  
0000f7c0  main                                  
0000fa60  _coreInitRegisters_                   
0000fb6c  _coreInitStackPointer_                
0000fbb8  _getCPSRValue_                        
0000fbc0  _gotoCPUIdle_                         
0000fbd8  _coreEnableVfp_                       
0000fbf0  _coreEnableEventBusExport_            
0000fc00  _coreDisableEventBusExport_           
0000fc10  _coreEnableRamEcc_                    
0000fc20  _coreDisableRamEcc_                   
0000fc30  _coreEnableFlashEcc_                  
0000fc44  _coreDisableFlashEcc_                 
0000fc54  _coreEnableIrqVicOffset_              
0000fc64  _coreGetDataFault_                    
0000fc6c  _coreClearDataFault_                  
0000fc78  _coreGetInstructionFault_             
0000fc80  _coreClearInstructionFault_           
0000fc8c  _coreGetDataFaultAddress_             
0000fc94  _coreClearDataFaultAddress_           
0000fca0  _coreGetInstructionFaultAddress_      
0000fca8  _coreClearInstructionFaultAddress_    
0000fcb4  _coreGetAuxiliaryDataFault_           
0000fcbc  _coreClearAuxiliaryDataFault_         
0000fcc8  _coreGetAuxiliaryInstructionFault_    
0000fcd0  _coreClearAuxiliaryInstructionFault_  
0000fcdc  _disable_interrupt_                   
0000fce4  _disable_FIQ_interrupt_               
0000fcec  _disable_IRQ_interrupt_               
0000fcf4  _enable_interrupt_                    
0000fcfc  _esmCcmErrorsClear_                   
0000fd84  _errata_CORTEXR4_57_                  
0000fd94  _errata_CORTEXR4_66_                  
0000fda4  __TI_PINIT_Base                       
0000fda8  __TI_PINIT_Limit                      
0000fdac  vimParityErrorHandler                 
000102fc  _c_int00                              
00010578  vListInitialise                       
000105d0  vListInitialiseItem                   
000105ec  vListInsertEnd                        
00010660  vListInsert                           
00010724  uxListRemove                          
000107b0  esmGroup1Notification                 
000107c0  esmGroup2Notification                 
000107d0  memoryPort0TestFailNotification       
000107ec  memoryPort1TestFailNotification       
00010808  adcNotification                       
0001081c  canErrorNotification                  
00010830  canStatusChangeNotification           
00010844  canMessageNotification                
00010858  dccNotification                       
0001086c  gioNotification                       
00010880  i2cNotification                       
00010894  linNotification                       
000108a8  mibspiNotification                    
000108bc  mibspiGroupNotification               
000108e4  spiNotification                       
000108f8  spiEndNotification                    
00010908  pwmNotification                       
00010920  edgeNotification                      
00010934  hetNotification                       
00010948  crcNotification                       
0001095c  etpwmNotification                     
0001096c  etpwmTripNotification                 
00010980  eqepNotification                      
00010994  ecapNotification                      
000109a8  dmaGroupANotification                 
000109bc  serialInit                            
000109f4  serialSend                            
00010a10  serialSendln                          
00010a48  sciNotification                       
00010b0c  echoInputBuffer                       
00010e18  xTaskNotifyStateClear                 
00010e94  esmHighInterrupt                      
00010fa8  adc1Group1Interrupt                   
000110b4  _dabort                               
0001119d  floor                                 
0001119d  floorl                                
0001127c  _pmuInit_                             
000112c8  _pmuEnableCountersGlobal_             
000112d8  _pmuDisableCountersGlobal_            
000112e8  _pmuResetCycleCounter_                
000112f8  _pmuResetEventCounters_               
00011308  _pmuResetCounters_                    
00011318  _pmuStartCounters_                    
00011320  _pmuStopCounters_                     
00011328  _pmuSetCountEvent_                    
00011334  _pmuGetCycleCount_                    
0001133c  _pmuGetEventCount_                    
00011348  _pmuGetOverflow_                      
0001135d  __aeabi_memcpy                        
0001135d  __aeabi_memcpy4                       
0001135d  __aeabi_memcpy8                       
0001135d  memcpy                                
000113f9  __aeabi_memclr                        
000113f9  __aeabi_memclr4                       
000113f9  __aeabi_memclr8                       
000113fb  __aeabi_memset                        
000113fb  __aeabi_memset4                       
000113fb  __aeabi_memset8                       
00011401  memset                                
00011473  __aeabi_idiv0                         
00011475  __TI_auto_init                        
000114e5  __TI_decompress_lzss                  
00011550  __aeabi_idiv                          
00011550  __aeabi_idivmod                       
000115a5  ltoa                                  
000115f9  C$$EXIT                               
000115fd  abort                                 
00011605  exit                                  
00011649  copy_in                               
00011695  srand                                 
000116ab  rand                                  
000116e1  strlen                                
000116f7  _system_post_cinit                    
000116f9  _register_unlock                      
000116ff  _register_lock                        
00011707  _nop                                  
0001170d  __TI_decompress_none                  
0001171b  __TI_zero_init                        
00011728  phantomInterrupt                      
080008d0  pxCurrentTCB                          
08003048  xAdcQueue                             
0800304c  xBinarySemaphore                      
08003050  xIntegerQueue                         
08003054  xPrintQueue                           
08003058  currChar                              
0800306c  __TI_cleanup_ptr                      
08003070  __TI_dtors_ptr                        
08003074  __TI_enable_exit_profile_output       
08003084  _lock                                 
08003088  _unlock                               
0800308c  ulCriticalNesting                     
08003090  ulTaskHasFPUContext                   
08003094  ulIdleCycleCount                      
ffffffff  __TI_pprof_out_hndl                   
ffffffff  __TI_prof_data_size                   
ffffffff  __TI_prof_data_start                  
ffffffff  __binit__                             
ffffffff  __c_args__                            
ffffffff  binit                                 
UNDEFED   SHT$$INIT_ARRAY$$Base                 
UNDEFED   SHT$$INIT_ARRAY$$Limit                

[420 symbols]
