******************************************************************************
                  TI ARM Linker PC v16.9.4                     
******************************************************************************
>> Linked Mon Nov 20 12:38:05 2017

OUTPUT FILE NAME:   <FreeRTOS_TMS57012_CountingSemaphore.out>
ENTRY POINT SYMBOL: "_c_int00"  address: 00010274


MEMORY CONFIGURATION

         name            origin    length      used     unused   attr    fill
----------------------  --------  ---------  --------  --------  ----  --------
  VECTORS               00000000   00000020  00000020  00000000     X
  KERNEL                00000020   00008000  00005274  00002d8c  R  X
  FLASH0                00008020   00137fe0  00009818  0012e7c8  R  X
  STACKS                08000000   00000800  00000000  00000800  RW  
  KRAM                  08000800   00000800  00000104  000006fc  RW  
  RAM                   08001000   0002f000  00002089  0002cf77  RW  


SEGMENT ALLOCATION MAP

run origin  load origin   length   init length attrs members
----------  ----------- ---------- ----------- ----- -------
00000000    00000000    00005298   00005298    r-x
  00000000    00000000    00000020   00000020    r-x .intvecs
  00000020    00000020    00005214   00005214    r-x .kernelTEXT
  00005238    00005238    00000060   00000060    r-- .cinit
00008020    00008020    00009818   00009818    r-x
  00008020    00008020    000095e4   000095e4    r-x .text
  00011604    00011604    00000234   00000234    r-- .const
08000800    08000800    00000104   00000000    rw-
  08000800    08000800    00000104   00000000    rw- .kernelBSS
08001000    08001000    0000208c   00000000    rw-
  08001000    08001000    00002000   00000000    rw- .kernelHEAP
  08003000    08003000    00000055   00000000    rw- .bss
  08003058    08003058    00000034   00000000    rw- .data


SECTION ALLOCATION MAP

 output                                  attributes/
section   page    origin      length       input sections
--------  ----  ----------  ----------   ----------------
.intvecs   0    00000000    00000020     
                  00000000    00000020     sys_intvecs.obj (.intvecs)

.kernelTEXT 
*          0    00000020    00005214     
                  00000020    00002be8     os_tasks.obj (.kernelTEXT)
                  00002c08    000011dc     os_queue.obj (.kernelTEXT)
                  00003de4    0000081c     os_event_groups.obj (.kernelTEXT)
                  00004600    000004b0     os_portasm.obj (.kernelTEXT)
                  00004ab0    000003e0     os_port.obj (.kernelTEXT)
                  00004e90    000003a4     os_heap.obj (.kernelTEXT)

.cinit     0    00005238    00000060     
                  00005238    00000015     (.cinit..data.load) [load image, compression = lzss]
                  0000524d    00000003     --HOLE-- [fill = 0]
                  00005250    0000000c     (__TI_handler_table)
                  0000525c    00000009     (.cinit..kernelBSS.load) [load image, compression = lzss]
                  00005265    00000003     --HOLE-- [fill = 0]
                  00005268    00000008     (.cinit..bss.load) [load image, compression = zero_init]
                  00005270    00000008     (.cinit..kernelHEAP.load) [load image, compression = zero_init]
                  00005278    00000020     (__TI_cinit_table)

.text      0    00008020    000095e4     
                  00008020    00002cdc     sys_selftest.obj (.text)
                  0000acfc    00000f2c     adc.obj (.text)
                  0000bc28    00000b28     system.obj (.text)
                  0000c750    00000a5c     sys_vim.obj (.text)
                  0000d1ac    000009a0     os_mpu_wrappers.obj (.text)
                  0000db4c    000008ac     pinmux.obj (.text)
                  0000e3f8    000007d4     sci.obj (.text)
                  0000ebcc    000005d8     esm.obj (.text)
                  0000f1a4    00000484     gio.obj (.text)
                  0000f628    000003b0     sys_main.obj (.text)
                  0000f9d8    0000034c     sys_core.obj (.text)
                  0000fd24    000002cc     sys_vim.obj (.text:retain)
                  0000fff0    00000284     os_heap.obj (.text)
                  00010274    0000027c     sys_startup.obj (.text:retain)
                  000104f0    00000238     os_list.obj (.text)
                  00010728    0000020c     notification.obj (.text)
                  00010934    000001bc     SFU_Serial.obj (.text)
                  00010af0    000001b4     os_port.obj (.text)
                  00010ca4    00000168     os_tasks.obj (.text)
                  00010e0c    00000114     esm.obj (.text:retain)
                  00010f20    0000010c     adc.obj (.text:retain)
                  0001102c    000000e8     dabort.obj (.text)
                  00011114    000000e0     rtsv7R4_T_be_v3D16_eabi.lib : s_floor.obj (.text)
                  000111f4    000000e0     sys_pmu.obj (.text)
                  000112d4    0000009c     rtsv7R4_T_be_v3D16_eabi.lib : memcpy_t2.obj (.text)
                  00011370    0000007a                                 : memset_t2.obj (.text)
                  000113ea    00000002                                 : startup.obj (.text)
                  000113ec    00000070                                 : autoinit.obj (.text)
                  0001145c    0000006c                                 : copy_decompress_lzss.obj (.text:decompress:lzss)
                  000114c8    00000054                                 : ltoa.obj (.text)
                  0001151c    00000050                                 : exit.obj (.text)
                  0001156c    0000004c                                 : cpy_tbl.obj (.text)
                  000115b8    00000016                                 : strlen.obj (.text)
                  000115ce    00000002     --HOLE-- [fill = 0]
                  000115d0    00000014                                 : _lock.obj (.text)
                  000115e4    0000000e                                 : copy_decompress_none.obj (.text:decompress:none)
                  000115f2    0000000c                                 : copy_zero_init.obj (.text:decompress:ZI)
                  000115fe    00000002     --HOLE-- [fill = 0]
                  00011600    00000004     sys_phantom.obj (.text:retain)

.const     0    00011604    00000234     
                  00011604    00000200     sys_vim.obj (.const:s_vim_init)
                  00011804    00000018     adc.obj (.const:s_adcFiFoSize)
                  0001181c    00000018     adc.obj (.const:s_adcSelect)
                  00011834    00000004     os_heap.obj (.const)

.kernelBSS 
*          0    08000800    00000104     UNINITIALIZED
                  08000800    000000d0     os_tasks.obj (.kernelBSS:uninit)
                  080008d0    00000034     os_tasks.obj (.kernelBSS:init)

.kernelHEAP 
*          0    08001000    00002000     UNINITIALIZED
                  08001000    00002000     os_heap.obj (.kernelHEAP)

.bss       0    08003000    00000055     UNINITIALIZED
                  08003000    00000028     sci.obj (.bss:g_sciTransfer_t)
                  08003028    0000000c     adc.obj (.bss)
                  08003034    0000000c     SFU_Serial.obj (.bss:inputBuffer)
                  08003040    00000008     os_heap.obj (.bss:xStart)
                  08003048    00000004     (.common:xAdcQueue)
                  0800304c    00000004     (.common:xBinarySemaphore)
                  08003050    00000004     (.common:xIntegerQueue)
                  08003054    00000001     (.common:currChar)

.data      0    08003058    00000034     UNINITIALIZED
                  08003058    00000010     os_heap.obj (.data)
                  08003068    0000000c     rtsv7R4_T_be_v3D16_eabi.lib : exit.obj (.data:$O1$$)
                  08003074    00000008                                 : _lock.obj (.data:$O1$$)
                  0800307c    00000008     os_port.obj (.data)
                  08003084    00000004     SFU_Serial.obj (.data)
                  08003088    00000004     sys_main.obj (.data)

MODULE SUMMARY

       Module                     code    ro data   rw data
       ------                     ----    -------   -------
    .\SFUsat\
       SFU_Serial.obj             444     0         17     
    +--+--------------------------+-------+---------+---------+
       Total:                     444     0         17     
                                                           
    .\source\
       os_tasks.obj               11600   0         260    
       sys_selftest.obj           11484   0         0      
       os_heap.obj                1576    4         8216   
       os_queue.obj               4572    0         0      
       adc.obj                    4152    48        12     
       sys_vim.obj                3368    512       0      
       system.obj                 2856    0         0      
       os_mpu_wrappers.obj        2464    0         0      
       pinmux.obj                 2220    0         0      
       os_event_groups.obj        2076    0         0      
       sci.obj                    2004    0         40     
       esm.obj                    1772    0         0      
       os_port.obj                1428    0         8      
       os_portasm.obj             1200    0         0      
       gio.obj                    1156    0         0      
       sys_main.obj               944     0         16     
       sys_core.obj               844     0         0      
       sys_startup.obj            636     0         0      
       os_list.obj                568     0         0      
       notification.obj           524     0         0      
       dabort.obj                 232     0         0      
       sys_pmu.obj                224     0         0      
       sys_intvecs.obj            32      0         0      
       sys_phantom.obj            4       0         0      
    +--+--------------------------+-------+---------+---------+
       Total:                     57936   564       8552   
                                                           
    E:/ti/ccsv7/tools/compiler/ti-cgt-arm_16.9.4.LTS/lib/rtsv7R4_T_be_v3D16_eabi.lib
       s_floor.obj                224     0         0      
       memcpy_t2.obj              156     0         0      
       memset_t2.obj              122     0         0      
       autoinit.obj               112     0         0      
       copy_decompress_lzss.obj   108     0         0      
       exit.obj                   80      0         12     
       ltoa.obj                   84      0         0      
       cpy_tbl.obj                76      0         0      
       _lock.obj                  20      0         8      
       strlen.obj                 22      0         0      
       copy_decompress_none.obj   14      0         0      
       copy_zero_init.obj         12      0         0      
       startup.obj                2       0         0      
    +--+--------------------------+-------+---------+---------+
       Total:                     1032    0         20     
                                                           
       Linker Generated:          0       90        0      
    +--+--------------------------+-------+---------+---------+
       Grand Total:               59412   654       8589   


LINKER GENERATED COPY TABLES

__TI_cinit_table @ 00005278 records: 4, size/record: 8, table size: 32
	.data: load addr=00005238, load size=00000015 bytes, run addr=08003058, run size=00000034 bytes, compression=lzss
	.kernelBSS: load addr=0000525c, load size=00000009 bytes, run addr=08000800, run size=00000104 bytes, compression=lzss
	.bss: load addr=00005268, load size=00000008 bytes, run addr=08003000, run size=00000055 bytes, compression=zero_init
	.kernelHEAP: load addr=00005270, load size=00000008 bytes, run addr=08001000, run size=00002000 bytes, compression=zero_init


LINKER GENERATED HANDLER TABLE

__TI_handler_table @ 00005250 records: 3, size/record: 4, table size: 12
	index: 0, handler: __TI_decompress_lzss
	index: 1, handler: __TI_decompress_none
	index: 2, handler: __TI_zero_init


GLOBAL SYMBOLS: SORTED ALPHABETICALLY BY Name 

address   name                                  
-------   ----                                  
0001151d  C$$EXIT                               
0000d37c  MPU_eTaskGetState                     
0000d4e4  MPU_pcTaskGetName                     
0000d5c4  MPU_pvTaskGetThreadLocalStoragePointer
0000d6dc  MPU_ulTaskNotifyTake                  
0000d898  MPU_uxQueueMessagesWaiting            
0000d8cc  MPU_uxQueueSpacesAvailable            
0000d4b8  MPU_uxTaskGetNumberOfTasks            
0000d54c  MPU_uxTaskGetStackHighWaterMark       
0000d348  MPU_uxTaskPriorityGet                 
0000db20  MPU_vEventGroupDelete                 
0000d900  MPU_vQueueDelete                      
0000d254  MPU_vTaskAllocateMPURegions           
0000d2b4  MPU_vTaskDelay                        
0000d2e0  MPU_vTaskDelayUntil                   
0000d288  MPU_vTaskDelete                       
0000d3b0  MPU_vTaskPrioritySet                  
0000d410  MPU_vTaskResume                       
0000d580  MPU_vTaskSetThreadLocalStoragePointer 
0000d754  MPU_vTaskSetTimeOutState              
0000d3e4  MPU_vTaskSuspend                      
0000d43c  MPU_vTaskSuspendAll                   
0000da44  MPU_xEventGroupClearBits              
0000d9bc  MPU_xEventGroupCreate                 
0000da88  MPU_xEventGroupSetBits                
0000dacc  MPU_xEventGroupSync                   
0000d9e8  MPU_xEventGroupWaitBits               
0000d92c  MPU_xQueueGenericCreate               
0000d844  MPU_xQueueGenericReceive              
0000d978  MPU_xQueueGenericReset                
0000d7f0  MPU_xQueueGenericSend                 
0000d314  MPU_xTaskAbortDelay                   
0000d780  MPU_xTaskCheckForTimeOut              
0000d1ac  MPU_xTaskCreate                       
0000d210  MPU_xTaskCreateRestricted             
0000d634  MPU_xTaskGenericNotify                
0000d518  MPU_xTaskGetHandle                    
0000d608  MPU_xTaskGetIdleTaskHandle            
0000d7c4  MPU_xTaskGetSchedulerState            
0000d48c  MPU_xTaskGetTickCount                 
0000d720  MPU_xTaskNotifyStateClear             
0000d688  MPU_xTaskNotifyWait                   
0000d460  MPU_xTaskResumeAll                    
UNDEFED   SHT$$INIT_ARRAY$$Base                 
UNDEFED   SHT$$INIT_ARRAY$$Limit                
00005278  __TI_CINIT_Base                       
00005298  __TI_CINIT_Limit                      
00005250  __TI_Handler_Table_Base               
0000525c  __TI_Handler_Table_Limit              
0000fd1c  __TI_PINIT_Base                       
0000fd20  __TI_PINIT_Limit                      
000113ed  __TI_auto_init                        
08003068  __TI_cleanup_ptr                      
0001145d  __TI_decompress_lzss                  
000115e5  __TI_decompress_none                  
0800306c  __TI_dtors_ptr                        
08003070  __TI_enable_exit_profile_output       
ffffffff  __TI_pprof_out_hndl                   
ffffffff  __TI_prof_data_size                   
ffffffff  __TI_prof_data_start                  
00000000  __TI_static_base__                    
000115f3  __TI_zero_init                        
00011371  __aeabi_memclr                        
00011371  __aeabi_memclr4                       
00011371  __aeabi_memclr8                       
000112d5  __aeabi_memcpy                        
000112d5  __aeabi_memcpy4                       
000112d5  __aeabi_memcpy8                       
00011373  __aeabi_memset                        
00011373  __aeabi_memset4                       
00011373  __aeabi_memset8                       
ffffffff  __binit__                             
ffffffff  __c_args__                            
00010274  _c_int00                              
0000fc34  _coreClearAuxiliaryDataFault_         
0000fc48  _coreClearAuxiliaryInstructionFault_  
0000fc0c  _coreClearDataFaultAddress_           
0000fbe4  _coreClearDataFault_                  
0000fc20  _coreClearInstructionFaultAddress_    
0000fbf8  _coreClearInstructionFault_           
0000fb78  _coreDisableEventBusExport_           
0000fbbc  _coreDisableFlashEcc_                 
0000fb98  _coreDisableRamEcc_                   
0000fb68  _coreEnableEventBusExport_            
0000fba8  _coreEnableFlashEcc_                  
0000fbcc  _coreEnableIrqVicOffset_              
0000fb88  _coreEnableRamEcc_                    
0000fb50  _coreEnableVfp_                       
0000fc2c  _coreGetAuxiliaryDataFault_           
0000fc40  _coreGetAuxiliaryInstructionFault_    
0000fc04  _coreGetDataFaultAddress_             
0000fbdc  _coreGetDataFault_                    
0000fc18  _coreGetInstructionFaultAddress_      
0000fbf0  _coreGetInstructionFault_             
0000f9d8  _coreInitRegisters_                   
0000fae4  _coreInitStackPointer_                
0001102c  _dabort                               
0000fc5c  _disable_FIQ_interrupt_               
0000fc64  _disable_IRQ_interrupt_               
0000fc54  _disable_interrupt_                   
0000fc6c  _enable_interrupt_                    
0000fcfc  _errata_CORTEXR4_57_                  
0000fd0c  _errata_CORTEXR4_66_                  
0000fc74  _esmCcmErrorsClear_                   
0000fb30  _getCPSRValue_                        
0000fb38  _gotoCPUIdle_                         
08003074  _lock                                 
000115df  _nop                                  
00011250  _pmuDisableCountersGlobal_            
00011240  _pmuEnableCountersGlobal_             
000112ac  _pmuGetCycleCount_                    
000112b4  _pmuGetEventCount_                    
000112c0  _pmuGetOverflow_                      
000111f4  _pmuInit_                             
00011280  _pmuResetCounters_                    
00011260  _pmuResetCycleCounter_                
00011270  _pmuResetEventCounters_               
000112a0  _pmuSetCountEvent_                    
00011290  _pmuStartCounters_                    
00011298  _pmuStopCounters_                     
000115d7  _register_lock                        
000115d1  _register_unlock                      
000113eb  _system_post_cinit                    
08003078  _unlock                               
00011521  abort                                 
0000b6dc  adc1GetConfigValue                    
00010f20  adc1Group1Interrupt                   
0000badc  adc1Group1Interrupts                  
0000926c  adc1ParityCheck                       
0000b8dc  adc2GetConfigValue                    
00009358  adc2ParityCheck                       
0000b2b8  adcCalibration                        
0000b67c  adcDisableNotification                
0000b62c  adcEnableNotification                 
0000b090  adcGetData                            
0000b6c4  adcGetEVTPin                          
0000acfc  adcInit                               
0000b288  adcIsConversionComplete               
0000b258  adcIsFifoFull                         
0000b490  adcMidPointCalibration                
00010780  adcNotification                       
0000b068  adcResetFiFo                          
0000b6a4  adcSetEVTPin                          
0000afbc  adcStartConversion                    
0000b040  adcStopConversion                     
ffffffff  binit                                 
00009410  can1ParityCheck                       
000094e8  can2ParityCheck                       
000095b0  can3ParityCheck                       
00010794  canErrorNotification                  
000107bc  canMessageNotification                
000107a8  canStatusChangeNotification           
00008030  ccmSelfCheck                          
0000a6fc  ccmr4GetConfigValue                   
00008938  checkB0RAMECC                         
00008b28  checkB1RAMECC                         
00009c18  checkClockMonitor                     
00008d18  checkFlashECC                         
00009cf4  checkFlashEEPROMECC                   
00009e8c  checkPLL1Slip                         
00009f8c  checkPLL2Slip                         
0000a050  checkRAMAddrParity                    
000099d0  checkRAMECC                           
0000a15c  checkRAMUERRTest                      
000087bc  checkefcSelfTest                      
0001156d  copy_in                               
00008234  cpuSelfTest                           
00008dfc  cpuSelfTestFail                       
000108c0  crcNotification                       
08003054  currChar                              
00008df4  custom_dabort                         
000107d0  dccNotification                       
0000ab58  disableParity                         
00010920  dmaGroupANotification                 
00008eac  dmaParityCheck                        
00001f20  eTaskConfirmSleepModeStatus           
00000890  eTaskGetState                         
0001090c  ecapNotification                      
00010a84  echoInputBuffer                       
00010898  edgeNotification                      
00008660  efcCheck                              
0000a660  efcGetConfigValue                     
00008794  efcSelfTest                           
000086e8  efcStuckZeroTest                      
0000aad0  enableParity                          
000108f8  eqepNotification                      
0000a76c  errata_PBIST_4                        
0000ed58  esmActivateNormalOperation            
0000ee3c  esmClearStatus                        
0000ee80  esmClearStatusBuffer                  
0000ed1c  esmDisableError                       
0000ed94  esmDisableInterrupt                   
0000ecf0  esmEnableError                        
0000ed68  esmEnableInterrupt                    
0000ef78  esmEnterSelfTest                      
0000ecd4  esmError                              
0000f050  esmGetConfigValue                     
0000eebc  esmGetStatus                          
0000ef40  esmGetStatusBuffer                    
00010728  esmGroup1Notification                 
00010738  esmGroup2Notification                 
00010e0c  esmHighInterrupt                      
0000ebcc  esmInit                               
0000f000  esmSelfTestStatus                     
0000ee9c  esmSetCounterPreloadValue             
0000edc0  esmSetInterruptLevel                  
0000ed48  esmTriggerErrorPinReset               
000108d4  etpwmNotification                     
000108e4  etpwmTripNotification                 
00011529  exit                                  
00011115  floor                                 
00011115  floorl                                
0000a2c4  fmcBus1ParityCheck                    
0000885c  fmcBus2Check                          
00008898  fmcECCcheck                           
0000f404  gioDisableNotification                
0000f39c  gioEnableNotification                 
0000f304  gioGetBit                             
0000f46c  gioGetConfigValue                     
0000f32c  gioGetPort                            
0000f1a4  gioInit                               
000107e4  gioNotification                       
0000f294  gioSetBit                             
0000f274  gioSetDirection                       
0000f2e4  gioSetPort                            
0000f344  gioToggleBit                          
00008f58  het1ParityCheck                       
000090c0  het2ParityCheck                       
000108ac  hetNotification                       
00009004  htu1ParityCheck                       
000091bc  htu2ParityCheck                       
000107f8  i2cNotification                       
0001080c  linNotification                       
000114c9  ltoa                                  
0000f770  main                                  
0000bd64  mapClocks                             
000112d5  memcpy                                
00008174  memoryInit                            
00010748  memoryPort0TestFailNotification       
00010764  memoryPort1TestFailNotification       
00011379  memset                                
00009684  mibspi1ParityCheck                    
0000978c  mibspi3ParityCheck                    
000098b0  mibspi5ParityCheck                    
00010834  mibspiGroupNotification               
00010820  mibspiNotification                    
0000db4c  muxInit                               
0000a3ec  pbistFail                             
0000a470  pbistGetConfigValue                   
000085a8  pbistIsTestCompleted                  
000085d4  pbistIsTestPassed                     
00008608  pbistPortTestStatus                   
000084ac  pbistRun                              
000082cc  pbistSelfCheck                        
00008578  pbistStop                             
0000135c  pcTaskGetName                         
0000bd10  periphInit                            
00011600  phantomInterrupt                      
0000dfe8  pinmuxGetConfigValue                  
00004a88  prvMpuDisable                         
00004a70  prvMpuEnable                          
00004a58  prvMpuSetRegion                       
00004e90  pvPortMalloc                          
00002004  pvTaskGetThreadLocalStoragePointer    
00010880  pwmNotification                       
080008d0  pxCurrentTCB                          
00004ab0  pxPortInitialiseStack                 
00000000  resetEntry                            
0000e8c0  sciDisableLoopback                    
0000e94c  sciDisableNotification                
0000e88c  sciEnableLoopback                     
0000e8e4  sciEnableNotification                 
0000e9b4  sciEnterResetState                    
0000e9d4  sciExitResetState                     
0000e9f4  sciGetConfigValue                     
0000e3f8  sciInit                               
0000e73c  sciIsIdleDetected                     
0000e720  sciIsRxReady                          
0000e5a0  sciIsTxReady                          
000109c0  sciNotification                       
0000e7b4  sciReceive                            
0000e788  sciReceiveByte                        
0000e758  sciRxError                            
0000e5ec  sciSend                               
0000e5bc  sciSendByte                           
0000e504  sciSetBaudrate                        
0000e4e4  sciSetFunctional                      
00008020  selftestFailNotification              
00010934  serialInit                            
0001096c  serialSend                            
00010988  serialSendln                          
0000bcd0  setupFlash                            
0000bc28  setupPLL                              
00010870  spiEndNotification                    
0001085c  spiNotification                       
0000c548  sramGetConfigValue                    
0000a5bc  stcGetConfigValue                     
000081b8  stcSelfCheck                          
00008df8  stcSelfCheckFail                      
000115b9  strlen                                
0000bf88  systemGetConfigValue                  
0000be8c  systemInit                            
0000bf58  systemPowerDown                       
0000c39c  tcmflashGetConfigValue                
0000bc88  trimLPO                               
0800307c  ulCriticalNesting                     
08003088  ulIdleCycleCount                      
00004980  ulPortCountLeadingZeros               
08003080  ulTaskHasFPUContext                   
0000239c  ulTaskNotifyTake                      
0001069c  uxListRemove                          
0000391c  uxQueueMessagesWaiting                
000039a0  uxQueueMessagesWaitingFromISR         
00003954  uxQueueSpacesAvailable                
00001350  uxTaskGetNumberOfTasks                
00002248  uxTaskGetStackHighWaterMark           
00000994  uxTaskPriorityGet                     
000009d8  uxTaskPriorityGetFromISR              
00002360  uxTaskResetEventItemValue             
0000f75c  vApplicationIdleHook                  
00004578  vEventGroupClearBitsCallback          
000044d8  vEventGroupDelete                     
0000455c  vEventGroupSetBitsCallback            
000104f0  vListInitialise                       
00010548  vListInitialiseItem                   
000105d8  vListInsert                           
00010564  vListInsertEnd                        
00004e5c  vPortEndScheduler                     
00005100  vPortFree                             
00005218  vPortInitialiseBlocks                 
00004974  vPortInitialiseFPSCR                  
00004874  vPortPreemptiveTick                   
00004988  vPortSWI                              
00004604  vPortStartFirstTask                   
00004bc4  vPortStoreTaskMPUSettings             
00004780  vPortYeildWithinAPI                   
00004694  vPortYieldProcessor                   
000039d0  vQueueDelete                          
00002070  vTaskAllocateMPURegions               
0000080c  vTaskDelay                            
000006a0  vTaskDelayUntil                       
00000538  vTaskDelete                           
00001084  vTaskEndScheduler                     
00001f10  vTaskMissedYield                      
00002960  vTaskNotifyGiveFromISR                
00001ad8  vTaskPlaceOnEventList                 
00001b1c  vTaskPlaceOnUnorderedEventList        
00000a20  vTaskPrioritySet                      
00000e20  vTaskResume                           
00001fa4  vTaskSetThreadLocalStoragePointer     
00001d98  vTaskSetTimeOutState                  
00000fec  vTaskStartScheduler                   
00001674  vTaskStepTick                         
00000c18  vTaskSuspend                          
000010a0  vTaskSuspendAll                       
000019f8  vTaskSwitchContext                    
0000c824  vimChannelMap                         
0000ca90  vimDisableInterrupt                   
0000c8c8  vimEnableInterrupt                    
0000cb3c  vimGetConfigValue                     
0000c750  vimInit                               
00008e00  vimParityCheck                        
0000fd24  vimParityErrorHandler                 
08003048  xAdcQueue                             
0800304c  xBinarySemaphore                      
00004274  xEventGroupClearBits                  
00003de4  xEventGroupCreate                     
000042f8  xEventGroupGetBitsFromISR             
00004328  xEventGroupSetBits                    
00003e20  xEventGroupSync                       
00004020  xEventGroupWaitBits                   
08003050  xIntegerQueue                         
00005200  xPortGetFreeHeapSize                  
0000520c  xPortGetMinimumEverFreeHeapSize       
00004e38  xPortStartScheduler                   
00002d30  xQueueGenericCreate                   
00003408  xQueueGenericReceive                  
00002c08  xQueueGenericReset                    
00002e4c  xQueueGenericSend                     
0000310c  xQueueGenericSendFromISR              
0000329c  xQueueGiveFromISR                     
00003d08  xQueueIsQueueEmptyFromISR             
00003d94  xQueueIsQueueFullFromISR              
00003828  xQueuePeekFromISR                     
000036e0  xQueueReceiveFromISR                  
000016d0  xTaskAbortDelay                       
00001dd8  xTaskCheckForTimeOut                  
000000fc  xTaskCreate                           
00000020  xTaskCreateRestricted                 
0000258c  xTaskGenericNotify                    
00002760  xTaskGenericNotifyFromISR             
00001534  xTaskGetHandle                        
0000163c  xTaskGetIdleTaskHandle                
00002310  xTaskGetSchedulerState                
00001310  xTaskGetTickCount                     
0000132c  xTaskGetTickCountFromISR              
000017d0  xTaskIncrementTick                    
00010d90  xTaskNotifyStateClear                 
00002474  xTaskNotifyWait                       
00001ba0  xTaskRemoveFromEventList              
00001c90  xTaskRemoveFromUnorderedEventList     
0000115c  xTaskResumeAll                        
00000f04  xTaskResumeFromISR                    


GLOBAL SYMBOLS: SORTED BY Symbol Address 

address   name                                  
-------   ----                                  
00000000  __TI_static_base__                    
00000000  resetEntry                            
00000020  xTaskCreateRestricted                 
000000fc  xTaskCreate                           
00000538  vTaskDelete                           
000006a0  vTaskDelayUntil                       
0000080c  vTaskDelay                            
00000890  eTaskGetState                         
00000994  uxTaskPriorityGet                     
000009d8  uxTaskPriorityGetFromISR              
00000a20  vTaskPrioritySet                      
00000c18  vTaskSuspend                          
00000e20  vTaskResume                           
00000f04  xTaskResumeFromISR                    
00000fec  vTaskStartScheduler                   
00001084  vTaskEndScheduler                     
000010a0  vTaskSuspendAll                       
0000115c  xTaskResumeAll                        
00001310  xTaskGetTickCount                     
0000132c  xTaskGetTickCountFromISR              
00001350  uxTaskGetNumberOfTasks                
0000135c  pcTaskGetName                         
00001534  xTaskGetHandle                        
0000163c  xTaskGetIdleTaskHandle                
00001674  vTaskStepTick                         
000016d0  xTaskAbortDelay                       
000017d0  xTaskIncrementTick                    
000019f8  vTaskSwitchContext                    
00001ad8  vTaskPlaceOnEventList                 
00001b1c  vTaskPlaceOnUnorderedEventList        
00001ba0  xTaskRemoveFromEventList              
00001c90  xTaskRemoveFromUnorderedEventList     
00001d98  vTaskSetTimeOutState                  
00001dd8  xTaskCheckForTimeOut                  
00001f10  vTaskMissedYield                      
00001f20  eTaskConfirmSleepModeStatus           
00001fa4  vTaskSetThreadLocalStoragePointer     
00002004  pvTaskGetThreadLocalStoragePointer    
00002070  vTaskAllocateMPURegions               
00002248  uxTaskGetStackHighWaterMark           
00002310  xTaskGetSchedulerState                
00002360  uxTaskResetEventItemValue             
0000239c  ulTaskNotifyTake                      
00002474  xTaskNotifyWait                       
0000258c  xTaskGenericNotify                    
00002760  xTaskGenericNotifyFromISR             
00002960  vTaskNotifyGiveFromISR                
00002c08  xQueueGenericReset                    
00002d30  xQueueGenericCreate                   
00002e4c  xQueueGenericSend                     
0000310c  xQueueGenericSendFromISR              
0000329c  xQueueGiveFromISR                     
00003408  xQueueGenericReceive                  
000036e0  xQueueReceiveFromISR                  
00003828  xQueuePeekFromISR                     
0000391c  uxQueueMessagesWaiting                
00003954  uxQueueSpacesAvailable                
000039a0  uxQueueMessagesWaitingFromISR         
000039d0  vQueueDelete                          
00003d08  xQueueIsQueueEmptyFromISR             
00003d94  xQueueIsQueueFullFromISR              
00003de4  xEventGroupCreate                     
00003e20  xEventGroupSync                       
00004020  xEventGroupWaitBits                   
00004274  xEventGroupClearBits                  
000042f8  xEventGroupGetBitsFromISR             
00004328  xEventGroupSetBits                    
000044d8  vEventGroupDelete                     
0000455c  vEventGroupSetBitsCallback            
00004578  vEventGroupClearBitsCallback          
00004604  vPortStartFirstTask                   
00004694  vPortYieldProcessor                   
00004780  vPortYeildWithinAPI                   
00004874  vPortPreemptiveTick                   
00004974  vPortInitialiseFPSCR                  
00004980  ulPortCountLeadingZeros               
00004988  vPortSWI                              
00004a58  prvMpuSetRegion                       
00004a70  prvMpuEnable                          
00004a88  prvMpuDisable                         
00004ab0  pxPortInitialiseStack                 
00004bc4  vPortStoreTaskMPUSettings             
00004e38  xPortStartScheduler                   
00004e5c  vPortEndScheduler                     
00004e90  pvPortMalloc                          
00005100  vPortFree                             
00005200  xPortGetFreeHeapSize                  
0000520c  xPortGetMinimumEverFreeHeapSize       
00005218  vPortInitialiseBlocks                 
00005250  __TI_Handler_Table_Base               
0000525c  __TI_Handler_Table_Limit              
00005278  __TI_CINIT_Base                       
00005298  __TI_CINIT_Limit                      
00008020  selftestFailNotification              
00008030  ccmSelfCheck                          
00008174  memoryInit                            
000081b8  stcSelfCheck                          
00008234  cpuSelfTest                           
000082cc  pbistSelfCheck                        
000084ac  pbistRun                              
00008578  pbistStop                             
000085a8  pbistIsTestCompleted                  
000085d4  pbistIsTestPassed                     
00008608  pbistPortTestStatus                   
00008660  efcCheck                              
000086e8  efcStuckZeroTest                      
00008794  efcSelfTest                           
000087bc  checkefcSelfTest                      
0000885c  fmcBus2Check                          
00008898  fmcECCcheck                           
00008938  checkB0RAMECC                         
00008b28  checkB1RAMECC                         
00008d18  checkFlashECC                         
00008df4  custom_dabort                         
00008df8  stcSelfCheckFail                      
00008dfc  cpuSelfTestFail                       
00008e00  vimParityCheck                        
00008eac  dmaParityCheck                        
00008f58  het1ParityCheck                       
00009004  htu1ParityCheck                       
000090c0  het2ParityCheck                       
000091bc  htu2ParityCheck                       
0000926c  adc1ParityCheck                       
00009358  adc2ParityCheck                       
00009410  can1ParityCheck                       
000094e8  can2ParityCheck                       
000095b0  can3ParityCheck                       
00009684  mibspi1ParityCheck                    
0000978c  mibspi3ParityCheck                    
000098b0  mibspi5ParityCheck                    
000099d0  checkRAMECC                           
00009c18  checkClockMonitor                     
00009cf4  checkFlashEEPROMECC                   
00009e8c  checkPLL1Slip                         
00009f8c  checkPLL2Slip                         
0000a050  checkRAMAddrParity                    
0000a15c  checkRAMUERRTest                      
0000a2c4  fmcBus1ParityCheck                    
0000a3ec  pbistFail                             
0000a470  pbistGetConfigValue                   
0000a5bc  stcGetConfigValue                     
0000a660  efcGetConfigValue                     
0000a6fc  ccmr4GetConfigValue                   
0000a76c  errata_PBIST_4                        
0000aad0  enableParity                          
0000ab58  disableParity                         
0000acfc  adcInit                               
0000afbc  adcStartConversion                    
0000b040  adcStopConversion                     
0000b068  adcResetFiFo                          
0000b090  adcGetData                            
0000b258  adcIsFifoFull                         
0000b288  adcIsConversionComplete               
0000b2b8  adcCalibration                        
0000b490  adcMidPointCalibration                
0000b62c  adcEnableNotification                 
0000b67c  adcDisableNotification                
0000b6a4  adcSetEVTPin                          
0000b6c4  adcGetEVTPin                          
0000b6dc  adc1GetConfigValue                    
0000b8dc  adc2GetConfigValue                    
0000badc  adc1Group1Interrupts                  
0000bc28  setupPLL                              
0000bc88  trimLPO                               
0000bcd0  setupFlash                            
0000bd10  periphInit                            
0000bd64  mapClocks                             
0000be8c  systemInit                            
0000bf58  systemPowerDown                       
0000bf88  systemGetConfigValue                  
0000c39c  tcmflashGetConfigValue                
0000c548  sramGetConfigValue                    
0000c750  vimInit                               
0000c824  vimChannelMap                         
0000c8c8  vimEnableInterrupt                    
0000ca90  vimDisableInterrupt                   
0000cb3c  vimGetConfigValue                     
0000d1ac  MPU_xTaskCreate                       
0000d210  MPU_xTaskCreateRestricted             
0000d254  MPU_vTaskAllocateMPURegions           
0000d288  MPU_vTaskDelete                       
0000d2b4  MPU_vTaskDelay                        
0000d2e0  MPU_vTaskDelayUntil                   
0000d314  MPU_xTaskAbortDelay                   
0000d348  MPU_uxTaskPriorityGet                 
0000d37c  MPU_eTaskGetState                     
0000d3b0  MPU_vTaskPrioritySet                  
0000d3e4  MPU_vTaskSuspend                      
0000d410  MPU_vTaskResume                       
0000d43c  MPU_vTaskSuspendAll                   
0000d460  MPU_xTaskResumeAll                    
0000d48c  MPU_xTaskGetTickCount                 
0000d4b8  MPU_uxTaskGetNumberOfTasks            
0000d4e4  MPU_pcTaskGetName                     
0000d518  MPU_xTaskGetHandle                    
0000d54c  MPU_uxTaskGetStackHighWaterMark       
0000d580  MPU_vTaskSetThreadLocalStoragePointer 
0000d5c4  MPU_pvTaskGetThreadLocalStoragePointer
0000d608  MPU_xTaskGetIdleTaskHandle            
0000d634  MPU_xTaskGenericNotify                
0000d688  MPU_xTaskNotifyWait                   
0000d6dc  MPU_ulTaskNotifyTake                  
0000d720  MPU_xTaskNotifyStateClear             
0000d754  MPU_vTaskSetTimeOutState              
0000d780  MPU_xTaskCheckForTimeOut              
0000d7c4  MPU_xTaskGetSchedulerState            
0000d7f0  MPU_xQueueGenericSend                 
0000d844  MPU_xQueueGenericReceive              
0000d898  MPU_uxQueueMessagesWaiting            
0000d8cc  MPU_uxQueueSpacesAvailable            
0000d900  MPU_vQueueDelete                      
0000d92c  MPU_xQueueGenericCreate               
0000d978  MPU_xQueueGenericReset                
0000d9bc  MPU_xEventGroupCreate                 
0000d9e8  MPU_xEventGroupWaitBits               
0000da44  MPU_xEventGroupClearBits              
0000da88  MPU_xEventGroupSetBits                
0000dacc  MPU_xEventGroupSync                   
0000db20  MPU_vEventGroupDelete                 
0000db4c  muxInit                               
0000dfe8  pinmuxGetConfigValue                  
0000e3f8  sciInit                               
0000e4e4  sciSetFunctional                      
0000e504  sciSetBaudrate                        
0000e5a0  sciIsTxReady                          
0000e5bc  sciSendByte                           
0000e5ec  sciSend                               
0000e720  sciIsRxReady                          
0000e73c  sciIsIdleDetected                     
0000e758  sciRxError                            
0000e788  sciReceiveByte                        
0000e7b4  sciReceive                            
0000e88c  sciEnableLoopback                     
0000e8c0  sciDisableLoopback                    
0000e8e4  sciEnableNotification                 
0000e94c  sciDisableNotification                
0000e9b4  sciEnterResetState                    
0000e9d4  sciExitResetState                     
0000e9f4  sciGetConfigValue                     
0000ebcc  esmInit                               
0000ecd4  esmError                              
0000ecf0  esmEnableError                        
0000ed1c  esmDisableError                       
0000ed48  esmTriggerErrorPinReset               
0000ed58  esmActivateNormalOperation            
0000ed68  esmEnableInterrupt                    
0000ed94  esmDisableInterrupt                   
0000edc0  esmSetInterruptLevel                  
0000ee3c  esmClearStatus                        
0000ee80  esmClearStatusBuffer                  
0000ee9c  esmSetCounterPreloadValue             
0000eebc  esmGetStatus                          
0000ef40  esmGetStatusBuffer                    
0000ef78  esmEnterSelfTest                      
0000f000  esmSelfTestStatus                     
0000f050  esmGetConfigValue                     
0000f1a4  gioInit                               
0000f274  gioSetDirection                       
0000f294  gioSetBit                             
0000f2e4  gioSetPort                            
0000f304  gioGetBit                             
0000f32c  gioGetPort                            
0000f344  gioToggleBit                          
0000f39c  gioEnableNotification                 
0000f404  gioDisableNotification                
0000f46c  gioGetConfigValue                     
0000f75c  vApplicationIdleHook                  
0000f770  main                                  
0000f9d8  _coreInitRegisters_                   
0000fae4  _coreInitStackPointer_                
0000fb30  _getCPSRValue_                        
0000fb38  _gotoCPUIdle_                         
0000fb50  _coreEnableVfp_                       
0000fb68  _coreEnableEventBusExport_            
0000fb78  _coreDisableEventBusExport_           
0000fb88  _coreEnableRamEcc_                    
0000fb98  _coreDisableRamEcc_                   
0000fba8  _coreEnableFlashEcc_                  
0000fbbc  _coreDisableFlashEcc_                 
0000fbcc  _coreEnableIrqVicOffset_              
0000fbdc  _coreGetDataFault_                    
0000fbe4  _coreClearDataFault_                  
0000fbf0  _coreGetInstructionFault_             
0000fbf8  _coreClearInstructionFault_           
0000fc04  _coreGetDataFaultAddress_             
0000fc0c  _coreClearDataFaultAddress_           
0000fc18  _coreGetInstructionFaultAddress_      
0000fc20  _coreClearInstructionFaultAddress_    
0000fc2c  _coreGetAuxiliaryDataFault_           
0000fc34  _coreClearAuxiliaryDataFault_         
0000fc40  _coreGetAuxiliaryInstructionFault_    
0000fc48  _coreClearAuxiliaryInstructionFault_  
0000fc54  _disable_interrupt_                   
0000fc5c  _disable_FIQ_interrupt_               
0000fc64  _disable_IRQ_interrupt_               
0000fc6c  _enable_interrupt_                    
0000fc74  _esmCcmErrorsClear_                   
0000fcfc  _errata_CORTEXR4_57_                  
0000fd0c  _errata_CORTEXR4_66_                  
0000fd1c  __TI_PINIT_Base                       
0000fd20  __TI_PINIT_Limit                      
0000fd24  vimParityErrorHandler                 
00010274  _c_int00                              
000104f0  vListInitialise                       
00010548  vListInitialiseItem                   
00010564  vListInsertEnd                        
000105d8  vListInsert                           
0001069c  uxListRemove                          
00010728  esmGroup1Notification                 
00010738  esmGroup2Notification                 
00010748  memoryPort0TestFailNotification       
00010764  memoryPort1TestFailNotification       
00010780  adcNotification                       
00010794  canErrorNotification                  
000107a8  canStatusChangeNotification           
000107bc  canMessageNotification                
000107d0  dccNotification                       
000107e4  gioNotification                       
000107f8  i2cNotification                       
0001080c  linNotification                       
00010820  mibspiNotification                    
00010834  mibspiGroupNotification               
0001085c  spiNotification                       
00010870  spiEndNotification                    
00010880  pwmNotification                       
00010898  edgeNotification                      
000108ac  hetNotification                       
000108c0  crcNotification                       
000108d4  etpwmNotification                     
000108e4  etpwmTripNotification                 
000108f8  eqepNotification                      
0001090c  ecapNotification                      
00010920  dmaGroupANotification                 
00010934  serialInit                            
0001096c  serialSend                            
00010988  serialSendln                          
000109c0  sciNotification                       
00010a84  echoInputBuffer                       
00010d90  xTaskNotifyStateClear                 
00010e0c  esmHighInterrupt                      
00010f20  adc1Group1Interrupt                   
0001102c  _dabort                               
00011115  floor                                 
00011115  floorl                                
000111f4  _pmuInit_                             
00011240  _pmuEnableCountersGlobal_             
00011250  _pmuDisableCountersGlobal_            
00011260  _pmuResetCycleCounter_                
00011270  _pmuResetEventCounters_               
00011280  _pmuResetCounters_                    
00011290  _pmuStartCounters_                    
00011298  _pmuStopCounters_                     
000112a0  _pmuSetCountEvent_                    
000112ac  _pmuGetCycleCount_                    
000112b4  _pmuGetEventCount_                    
000112c0  _pmuGetOverflow_                      
000112d5  __aeabi_memcpy                        
000112d5  __aeabi_memcpy4                       
000112d5  __aeabi_memcpy8                       
000112d5  memcpy                                
00011371  __aeabi_memclr                        
00011371  __aeabi_memclr4                       
00011371  __aeabi_memclr8                       
00011373  __aeabi_memset                        
00011373  __aeabi_memset4                       
00011373  __aeabi_memset8                       
00011379  memset                                
000113eb  _system_post_cinit                    
000113ed  __TI_auto_init                        
0001145d  __TI_decompress_lzss                  
000114c9  ltoa                                  
0001151d  C$$EXIT                               
00011521  abort                                 
00011529  exit                                  
0001156d  copy_in                               
000115b9  strlen                                
000115d1  _register_unlock                      
000115d7  _register_lock                        
000115df  _nop                                  
000115e5  __TI_decompress_none                  
000115f3  __TI_zero_init                        
00011600  phantomInterrupt                      
080008d0  pxCurrentTCB                          
08003048  xAdcQueue                             
0800304c  xBinarySemaphore                      
08003050  xIntegerQueue                         
08003054  currChar                              
08003068  __TI_cleanup_ptr                      
0800306c  __TI_dtors_ptr                        
08003070  __TI_enable_exit_profile_output       
08003074  _lock                                 
08003078  _unlock                               
0800307c  ulCriticalNesting                     
08003080  ulTaskHasFPUContext                   
08003088  ulIdleCycleCount                      
ffffffff  __TI_pprof_out_hndl                   
ffffffff  __TI_prof_data_size                   
ffffffff  __TI_prof_data_start                  
ffffffff  __binit__                             
ffffffff  __c_args__                            
ffffffff  binit                                 
UNDEFED   SHT$$INIT_ARRAY$$Base                 
UNDEFED   SHT$$INIT_ARRAY$$Limit                

[403 symbols]
