******************************************************************************
                  TI ARM Linker PC v16.9.4                     
******************************************************************************
>> Linked Mon Nov 20 19:00:59 2017

OUTPUT FILE NAME:   <FreeRTOS_TMS57012_Mutex.out>
ENTRY POINT SYMBOL: "_c_int00"  address: 000101e0


MEMORY CONFIGURATION

         name            origin    length      used     unused   attr    fill
----------------------  --------  ---------  --------  --------  ----  --------
  VECTORS               00000000   00000020  00000020  00000000     X
  KERNEL                00000020   00008000  000056cc  00002934  R  X
  FLASH0                00008020   00137fe0  00009824  0012e7bc  R  X
  STACKS                08000000   00000800  00000000  00000800  RW  
  KRAM                  08000800   00000800  00000104  000006fc  RW  
  RAM                   08001000   0002f000  00002091  0002cf6f  RW  


SEGMENT ALLOCATION MAP

run origin  load origin   length   init length attrs members
----------  ----------- ---------- ----------- ----- -------
00000000    00000000    000056f0   000056f0    r-x
  00000000    00000000    00000020   00000020    r-x .intvecs
  00000020    00000020    0000566c   0000566c    r-x .kernelTEXT
  00005690    00005690    00000060   00000060    r-- .cinit
00008020    00008020    00009824   00009824    r-x
  00008020    00008020    000095f0   000095f0    r-x .text
  00011610    00011610    00000234   00000234    r-- .const
08000800    08000800    00000104   00000000    rw-
  08000800    08000800    00000104   00000000    rw- .kernelBSS
08001000    08001000    00002094   00000000    rw-
  08001000    08001000    00002000   00000000    rw- .kernelHEAP
  08003000    08003000    00000059   00000000    rw- .bss
  0800305c    0800305c    00000038   00000000    rw- .data


SECTION ALLOCATION MAP

 output                                  attributes/
section   page    origin      length       input sections
--------  ----  ----------  ----------   ----------------
.intvecs   0    00000000    00000020     
                  00000000    00000020     sys_intvecs.obj (.intvecs)

.kernelTEXT 
*          0    00000020    0000566c     
                  00000020    00002f38     os_tasks.obj (.kernelTEXT)
                  00002f58    000012e4     os_queue.obj (.kernelTEXT)
                  0000423c    0000081c     os_event_groups.obj (.kernelTEXT)
                  00004a58    000004b0     os_portasm.obj (.kernelTEXT)
                  00004f08    000003e0     os_port.obj (.kernelTEXT)
                  000052e8    000003a4     os_heap.obj (.kernelTEXT)

.cinit     0    00005690    00000060     
                  00005690    00000017     (.cinit..data.load) [load image, compression = lzss]
                  000056a7    00000001     --HOLE-- [fill = 0]
                  000056a8    0000000c     (__TI_handler_table)
                  000056b4    00000009     (.cinit..kernelBSS.load) [load image, compression = lzss]
                  000056bd    00000003     --HOLE-- [fill = 0]
                  000056c0    00000008     (.cinit..bss.load) [load image, compression = zero_init]
                  000056c8    00000008     (.cinit..kernelHEAP.load) [load image, compression = zero_init]
                  000056d0    00000020     (__TI_cinit_table)

.text      0    00008020    000095f0     
                  00008020    00002cdc     sys_selftest.obj (.text)
                  0000acfc    00000f2c     adc.obj (.text)
                  0000bc28    00000b28     system.obj (.text)
                  0000c750    00000a5c     sys_vim.obj (.text)
                  0000d1ac    000009d4     os_mpu_wrappers.obj (.text)
                  0000db80    000008ac     pinmux.obj (.text)
                  0000e42c    000007d4     sci.obj (.text)
                  0000ec00    000005d8     esm.obj (.text)
                  0000f1d8    00000484     gio.obj (.text)
                  0000f65c    0000034c     sys_core.obj (.text)
                  0000f9a8    000002e8     sys_main.obj (.text)
                  0000fc90    000002cc     sys_vim.obj (.text:retain)
                  0000ff5c    00000284     os_heap.obj (.text)
                  000101e0    0000027c     sys_startup.obj (.text:retain)
                  0001045c    00000238     os_list.obj (.text)
                  00010694    0000020c     notification.obj (.text)
                  000108a0    000001bc     SFU_Serial.obj (.text)
                  00010a5c    000001b4     os_port.obj (.text)
                  00010c10    00000168     os_tasks.obj (.text)
                  00010d78    00000114     esm.obj (.text:retain)
                  00010e8c    0000010c     adc.obj (.text:retain)
                  00010f98    000000e8     dabort.obj (.text)
                  00011080    000000e0     rtsv7R4_T_be_v3D16_eabi.lib : s_floor.obj (.text)
                  00011160    000000e0     sys_pmu.obj (.text)
                  00011240    0000009c     rtsv7R4_T_be_v3D16_eabi.lib : memcpy_t2.obj (.text)
                  000112dc    0000007a                                 : memset_t2.obj (.text)
                  00011356    00000002                                 : i_div0.obj (.text)
                  00011358    00000070                                 : autoinit.obj (.text)
                  000113c8    0000006c                                 : copy_decompress_lzss.obj (.text:decompress:lzss)
                  00011434    00000054                                 : i_div32.obj (.text)
                  00011488    00000054                                 : ltoa.obj (.text)
                  000114dc    00000050                                 : exit.obj (.text)
                  0001152c    0000004c                                 : cpy_tbl.obj (.text)
                  00011578    0000004c                                 : rand.obj (.text)
                  000115c4    00000016                                 : strlen.obj (.text)
                  000115da    00000002                                 : startup.obj (.text)
                  000115dc    00000014                                 : _lock.obj (.text)
                  000115f0    0000000e                                 : copy_decompress_none.obj (.text:decompress:none)
                  000115fe    0000000c                                 : copy_zero_init.obj (.text:decompress:ZI)
                  0001160a    00000002     --HOLE-- [fill = 0]
                  0001160c    00000004     sys_phantom.obj (.text:retain)

.const     0    00011610    00000234     
                  00011610    00000200     sys_vim.obj (.const:s_vim_init)
                  00011810    00000018     adc.obj (.const:s_adcFiFoSize)
                  00011828    00000018     adc.obj (.const:s_adcSelect)
                  00011840    00000004     os_heap.obj (.const)

.kernelBSS 
*          0    08000800    00000104     UNINITIALIZED
                  08000800    000000d0     os_tasks.obj (.kernelBSS:uninit)
                  080008d0    00000034     os_tasks.obj (.kernelBSS:init)

.kernelHEAP 
*          0    08001000    00002000     UNINITIALIZED
                  08001000    00002000     os_heap.obj (.kernelHEAP)

.bss       0    08003000    00000059     UNINITIALIZED
                  08003000    00000028     sci.obj (.bss:g_sciTransfer_t)
                  08003028    0000000c     adc.obj (.bss)
                  08003034    0000000c     SFU_Serial.obj (.bss:inputBuffer)
                  08003040    00000008     os_heap.obj (.bss:xStart)
                  08003048    00000004     (.common:xAdcQueue)
                  0800304c    00000004     (.common:xBinarySemaphore)
                  08003050    00000004     (.common:xIntegerQueue)
                  08003054    00000004     (.common:xMutex)
                  08003058    00000001     (.common:currChar)

.data      0    0800305c    00000038     UNINITIALIZED
                  0800305c    00000010     os_heap.obj (.data)
                  0800306c    0000000c     rtsv7R4_T_be_v3D16_eabi.lib : exit.obj (.data:$O1$$)
                  08003078    00000008                                 : _lock.obj (.data:$O1$$)
                  08003080    00000008     os_port.obj (.data)
                  08003088    00000004     SFU_Serial.obj (.data)
                  0800308c    00000004     rtsv7R4_T_be_v3D16_eabi.lib : rand.obj (.data)
                  08003090    00000004     sys_main.obj (.data)

MODULE SUMMARY

       Module                     code    ro data   rw data
       ------                     ----    -------   -------
    .\SFUsat\
       SFU_Serial.obj             444     0         17     
    +--+--------------------------+-------+---------+---------+
       Total:                     444     0         17     
                                                           
    .\source\
       os_tasks.obj               12448   0         260    
       sys_selftest.obj           11484   0         0      
       os_heap.obj                1576    4         8216   
       os_queue.obj               4836    0         0      
       adc.obj                    4152    48        12     
       sys_vim.obj                3368    512       0      
       system.obj                 2856    0         0      
       os_mpu_wrappers.obj        2516    0         0      
       pinmux.obj                 2220    0         0      
       os_event_groups.obj        2076    0         0      
       sci.obj                    2004    0         40     
       esm.obj                    1772    0         0      
       os_port.obj                1428    0         8      
       os_portasm.obj             1200    0         0      
       gio.obj                    1156    0         0      
       sys_core.obj               844     0         0      
       sys_main.obj               744     0         20     
       sys_startup.obj            636     0         0      
       os_list.obj                568     0         0      
       notification.obj           524     0         0      
       dabort.obj                 232     0         0      
       sys_pmu.obj                224     0         0      
       sys_intvecs.obj            32      0         0      
       sys_phantom.obj            4       0         0      
    +--+--------------------------+-------+---------+---------+
       Total:                     58900   564       8556   
                                                           
    E:/ti/ccsv7/tools/compiler/ti-cgt-arm_16.9.4.LTS/lib/rtsv7R4_T_be_v3D16_eabi.lib
       s_floor.obj                224     0         0      
       memcpy_t2.obj              156     0         0      
       memset_t2.obj              122     0         0      
       autoinit.obj               112     0         0      
       copy_decompress_lzss.obj   108     0         0      
       exit.obj                   80      0         12     
       i_div32.obj                84      0         0      
       ltoa.obj                   84      0         0      
       rand.obj                   76      0         4      
       cpy_tbl.obj                76      0         0      
       _lock.obj                  20      0         8      
       strlen.obj                 22      0         0      
       copy_decompress_none.obj   14      0         0      
       copy_zero_init.obj         12      0         0      
       i_div0.obj                 2       0         0      
       startup.obj                2       0         0      
    +--+--------------------------+-------+---------+---------+
       Total:                     1194    0         24     
                                                           
       Linker Generated:          0       92        0      
    +--+--------------------------+-------+---------+---------+
       Grand Total:               60538   656       8597   


LINKER GENERATED COPY TABLES

__TI_cinit_table @ 000056d0 records: 4, size/record: 8, table size: 32
	.data: load addr=00005690, load size=00000017 bytes, run addr=0800305c, run size=00000038 bytes, compression=lzss
	.kernelBSS: load addr=000056b4, load size=00000009 bytes, run addr=08000800, run size=00000104 bytes, compression=lzss
	.bss: load addr=000056c0, load size=00000008 bytes, run addr=08003000, run size=00000059 bytes, compression=zero_init
	.kernelHEAP: load addr=000056c8, load size=00000008 bytes, run addr=08001000, run size=00002000 bytes, compression=zero_init


LINKER GENERATED HANDLER TABLE

__TI_handler_table @ 000056a8 records: 3, size/record: 4, table size: 12
	index: 0, handler: __TI_decompress_lzss
	index: 1, handler: __TI_decompress_none
	index: 2, handler: __TI_zero_init


GLOBAL SYMBOLS: SORTED ALPHABETICALLY BY Name 

address   name                                  
-------   ----                                  
000114dd  C$$EXIT                               
0000d37c  MPU_eTaskGetState                     
0000d4e4  MPU_pcTaskGetName                     
0000d5c4  MPU_pvTaskGetThreadLocalStoragePointer
0000d6dc  MPU_ulTaskNotifyTake                  
0000d898  MPU_uxQueueMessagesWaiting            
0000d8cc  MPU_uxQueueSpacesAvailable            
0000d4b8  MPU_uxTaskGetNumberOfTasks            
0000d54c  MPU_uxTaskGetStackHighWaterMark       
0000d348  MPU_uxTaskPriorityGet                 
0000db54  MPU_vEventGroupDelete                 
0000d900  MPU_vQueueDelete                      
0000d254  MPU_vTaskAllocateMPURegions           
0000d2b4  MPU_vTaskDelay                        
0000d2e0  MPU_vTaskDelayUntil                   
0000d288  MPU_vTaskDelete                       
0000d3b0  MPU_vTaskPrioritySet                  
0000d410  MPU_vTaskResume                       
0000d580  MPU_vTaskSetThreadLocalStoragePointer 
0000d754  MPU_vTaskSetTimeOutState              
0000d3e4  MPU_vTaskSuspend                      
0000d43c  MPU_vTaskSuspendAll                   
0000da78  MPU_xEventGroupClearBits              
0000d9f0  MPU_xEventGroupCreate                 
0000dabc  MPU_xEventGroupSetBits                
0000db00  MPU_xEventGroupSync                   
0000da1c  MPU_xEventGroupWaitBits               
0000d92c  MPU_xQueueCreateMutex                 
0000d960  MPU_xQueueGenericCreate               
0000d844  MPU_xQueueGenericReceive              
0000d9ac  MPU_xQueueGenericReset                
0000d7f0  MPU_xQueueGenericSend                 
0000d314  MPU_xTaskAbortDelay                   
0000d780  MPU_xTaskCheckForTimeOut              
0000d1ac  MPU_xTaskCreate                       
0000d210  MPU_xTaskCreateRestricted             
0000d634  MPU_xTaskGenericNotify                
0000d518  MPU_xTaskGetHandle                    
0000d608  MPU_xTaskGetIdleTaskHandle            
0000d7c4  MPU_xTaskGetSchedulerState            
0000d48c  MPU_xTaskGetTickCount                 
0000d720  MPU_xTaskNotifyStateClear             
0000d688  MPU_xTaskNotifyWait                   
0000d460  MPU_xTaskResumeAll                    
UNDEFED   SHT$$INIT_ARRAY$$Base                 
UNDEFED   SHT$$INIT_ARRAY$$Limit                
000056d0  __TI_CINIT_Base                       
000056f0  __TI_CINIT_Limit                      
000056a8  __TI_Handler_Table_Base               
000056b4  __TI_Handler_Table_Limit              
0000f9a0  __TI_PINIT_Base                       
0000f9a4  __TI_PINIT_Limit                      
00011359  __TI_auto_init                        
0800306c  __TI_cleanup_ptr                      
000113c9  __TI_decompress_lzss                  
000115f1  __TI_decompress_none                  
08003070  __TI_dtors_ptr                        
08003074  __TI_enable_exit_profile_output       
ffffffff  __TI_pprof_out_hndl                   
ffffffff  __TI_prof_data_size                   
ffffffff  __TI_prof_data_start                  
00000000  __TI_static_base__                    
000115ff  __TI_zero_init                        
00011434  __aeabi_idiv                          
00011357  __aeabi_idiv0                         
00011434  __aeabi_idivmod                       
000112dd  __aeabi_memclr                        
000112dd  __aeabi_memclr4                       
000112dd  __aeabi_memclr8                       
00011241  __aeabi_memcpy                        
00011241  __aeabi_memcpy4                       
00011241  __aeabi_memcpy8                       
000112df  __aeabi_memset                        
000112df  __aeabi_memset4                       
000112df  __aeabi_memset8                       
ffffffff  __binit__                             
ffffffff  __c_args__                            
000101e0  _c_int00                              
0000f8b8  _coreClearAuxiliaryDataFault_         
0000f8cc  _coreClearAuxiliaryInstructionFault_  
0000f890  _coreClearDataFaultAddress_           
0000f868  _coreClearDataFault_                  
0000f8a4  _coreClearInstructionFaultAddress_    
0000f87c  _coreClearInstructionFault_           
0000f7fc  _coreDisableEventBusExport_           
0000f840  _coreDisableFlashEcc_                 
0000f81c  _coreDisableRamEcc_                   
0000f7ec  _coreEnableEventBusExport_            
0000f82c  _coreEnableFlashEcc_                  
0000f850  _coreEnableIrqVicOffset_              
0000f80c  _coreEnableRamEcc_                    
0000f7d4  _coreEnableVfp_                       
0000f8b0  _coreGetAuxiliaryDataFault_           
0000f8c4  _coreGetAuxiliaryInstructionFault_    
0000f888  _coreGetDataFaultAddress_             
0000f860  _coreGetDataFault_                    
0000f89c  _coreGetInstructionFaultAddress_      
0000f874  _coreGetInstructionFault_             
0000f65c  _coreInitRegisters_                   
0000f768  _coreInitStackPointer_                
00010f98  _dabort                               
0000f8e0  _disable_FIQ_interrupt_               
0000f8e8  _disable_IRQ_interrupt_               
0000f8d8  _disable_interrupt_                   
0000f8f0  _enable_interrupt_                    
0000f980  _errata_CORTEXR4_57_                  
0000f990  _errata_CORTEXR4_66_                  
0000f8f8  _esmCcmErrorsClear_                   
0000f7b4  _getCPSRValue_                        
0000f7bc  _gotoCPUIdle_                         
08003078  _lock                                 
000115eb  _nop                                  
000111bc  _pmuDisableCountersGlobal_            
000111ac  _pmuEnableCountersGlobal_             
00011218  _pmuGetCycleCount_                    
00011220  _pmuGetEventCount_                    
0001122c  _pmuGetOverflow_                      
00011160  _pmuInit_                             
000111ec  _pmuResetCounters_                    
000111cc  _pmuResetCycleCounter_                
000111dc  _pmuResetEventCounters_               
0001120c  _pmuSetCountEvent_                    
000111fc  _pmuStartCounters_                    
00011204  _pmuStopCounters_                     
000115e3  _register_lock                        
000115dd  _register_unlock                      
000115db  _system_post_cinit                    
0800307c  _unlock                               
000114e1  abort                                 
0000b6dc  adc1GetConfigValue                    
00010e8c  adc1Group1Interrupt                   
0000badc  adc1Group1Interrupts                  
0000926c  adc1ParityCheck                       
0000b8dc  adc2GetConfigValue                    
00009358  adc2ParityCheck                       
0000b2b8  adcCalibration                        
0000b67c  adcDisableNotification                
0000b62c  adcEnableNotification                 
0000b090  adcGetData                            
0000b6c4  adcGetEVTPin                          
0000acfc  adcInit                               
0000b288  adcIsConversionComplete               
0000b258  adcIsFifoFull                         
0000b490  adcMidPointCalibration                
000106ec  adcNotification                       
0000b068  adcResetFiFo                          
0000b6a4  adcSetEVTPin                          
0000afbc  adcStartConversion                    
0000b040  adcStopConversion                     
ffffffff  binit                                 
00009410  can1ParityCheck                       
000094e8  can2ParityCheck                       
000095b0  can3ParityCheck                       
00010700  canErrorNotification                  
00010728  canMessageNotification                
00010714  canStatusChangeNotification           
00008030  ccmSelfCheck                          
0000a6fc  ccmr4GetConfigValue                   
00008938  checkB0RAMECC                         
00008b28  checkB1RAMECC                         
00009c18  checkClockMonitor                     
00008d18  checkFlashECC                         
00009cf4  checkFlashEEPROMECC                   
00009e8c  checkPLL1Slip                         
00009f8c  checkPLL2Slip                         
0000a050  checkRAMAddrParity                    
000099d0  checkRAMECC                           
0000a15c  checkRAMUERRTest                      
000087bc  checkefcSelfTest                      
0001152d  copy_in                               
00008234  cpuSelfTest                           
00008dfc  cpuSelfTestFail                       
0001082c  crcNotification                       
08003058  currChar                              
00008df4  custom_dabort                         
0001073c  dccNotification                       
0000ab58  disableParity                         
0001088c  dmaGroupANotification                 
00008eac  dmaParityCheck                        
00001f5c  eTaskConfirmSleepModeStatus           
000008a8  eTaskGetState                         
00010878  ecapNotification                      
000109f0  echoInputBuffer                       
00010804  edgeNotification                      
00008660  efcCheck                              
0000a660  efcGetConfigValue                     
00008794  efcSelfTest                           
000086e8  efcStuckZeroTest                      
0000aad0  enableParity                          
00010864  eqepNotification                      
0000a76c  errata_PBIST_4                        
0000ed8c  esmActivateNormalOperation            
0000ee70  esmClearStatus                        
0000eeb4  esmClearStatusBuffer                  
0000ed50  esmDisableError                       
0000edc8  esmDisableInterrupt                   
0000ed24  esmEnableError                        
0000ed9c  esmEnableInterrupt                    
0000efac  esmEnterSelfTest                      
0000ed08  esmError                              
0000f084  esmGetConfigValue                     
0000eef0  esmGetStatus                          
0000ef74  esmGetStatusBuffer                    
00010694  esmGroup1Notification                 
000106a4  esmGroup2Notification                 
00010d78  esmHighInterrupt                      
0000ec00  esmInit                               
0000f034  esmSelfTestStatus                     
0000eed0  esmSetCounterPreloadValue             
0000edf4  esmSetInterruptLevel                  
0000ed7c  esmTriggerErrorPinReset               
00010840  etpwmNotification                     
00010850  etpwmTripNotification                 
000114e9  exit                                  
00011081  floor                                 
00011081  floorl                                
0000a2c4  fmcBus1ParityCheck                    
0000885c  fmcBus2Check                          
00008898  fmcECCcheck                           
0000f438  gioDisableNotification                
0000f3d0  gioEnableNotification                 
0000f338  gioGetBit                             
0000f4a0  gioGetConfigValue                     
0000f360  gioGetPort                            
0000f1d8  gioInit                               
00010750  gioNotification                       
0000f2c8  gioSetBit                             
0000f2a8  gioSetDirection                       
0000f318  gioSetPort                            
0000f378  gioToggleBit                          
00008f58  het1ParityCheck                       
000090c0  het2ParityCheck                       
00010818  hetNotification                       
00009004  htu1ParityCheck                       
000091bc  htu2ParityCheck                       
00010764  i2cNotification                       
00010778  linNotification                       
00011489  ltoa                                  
0000fa94  main                                  
0000bd64  mapClocks                             
00011241  memcpy                                
00008174  memoryInit                            
000106b4  memoryPort0TestFailNotification       
000106d0  memoryPort1TestFailNotification       
000112e5  memset                                
00009684  mibspi1ParityCheck                    
0000978c  mibspi3ParityCheck                    
000098b0  mibspi5ParityCheck                    
000107a0  mibspiGroupNotification               
0001078c  mibspiNotification                    
0000db80  muxInit                               
0000a3ec  pbistFail                             
0000a470  pbistGetConfigValue                   
000085a8  pbistIsTestCompleted                  
000085d4  pbistIsTestPassed                     
00008608  pbistPortTestStatus                   
000084ac  pbistRun                              
000082cc  pbistSelfCheck                        
00008578  pbistStop                             
00001398  pcTaskGetName                         
0000bd10  periphInit                            
0001160c  phantomInterrupt                      
0000e01c  pinmuxGetConfigValue                  
00004ee0  prvMpuDisable                         
00004ec8  prvMpuEnable                          
00004eb0  prvMpuSetRegion                       
000052e8  pvPortMalloc                          
00002040  pvTaskGetThreadLocalStoragePointer    
000026b8  pvTaskIncrementMutexHeldCount         
000107ec  pwmNotification                       
080008d0  pxCurrentTCB                          
00004f08  pxPortInitialiseStack                 
0001158f  rand                                  
00000000  resetEntry                            
0000e8f4  sciDisableLoopback                    
0000e980  sciDisableNotification                
0000e8c0  sciEnableLoopback                     
0000e918  sciEnableNotification                 
0000e9e8  sciEnterResetState                    
0000ea08  sciExitResetState                     
0000ea28  sciGetConfigValue                     
0000e42c  sciInit                               
0000e770  sciIsIdleDetected                     
0000e754  sciIsRxReady                          
0000e5d4  sciIsTxReady                          
0001092c  sciNotification                       
0000e7e8  sciReceive                            
0000e7bc  sciReceiveByte                        
0000e78c  sciRxError                            
0000e620  sciSend                               
0000e5f0  sciSendByte                           
0000e538  sciSetBaudrate                        
0000e518  sciSetFunctional                      
00008020  selftestFailNotification              
000108a0  serialInit                            
000108d8  serialSend                            
000108f4  serialSendln                          
0000bcd0  setupFlash                            
0000bc28  setupPLL                              
000107dc  spiEndNotification                    
000107c8  spiNotification                       
0000c548  sramGetConfigValue                    
00011579  srand                                 
0000a5bc  stcGetConfigValue                     
000081b8  stcSelfCheck                          
00008df8  stcSelfCheckFail                      
000115c5  strlen                                
0000bf88  systemGetConfigValue                  
0000be8c  systemInit                            
0000bf58  systemPowerDown                       
0000c39c  tcmflashGetConfigValue                
0000bc88  trimLPO                               
08003080  ulCriticalNesting                     
08003090  ulIdleCycleCount                      
00004dd8  ulPortCountLeadingZeros               
08003084  ulTaskHasFPUContext                   
000026ec  ulTaskNotifyTake                      
00010608  uxListRemove                          
00003d44  uxQueueMessagesWaiting                
00003dc8  uxQueueMessagesWaitingFromISR         
00003d7c  uxQueueSpacesAvailable                
0000138c  uxTaskGetNumberOfTasks                
00002284  uxTaskGetStackHighWaterMark           
000009ac  uxTaskPriorityGet                     
000009f0  uxTaskPriorityGetFromISR              
0000267c  uxTaskResetEventItemValue             
0000f9a8  vApplicationIdleHook                  
000049d0  vEventGroupClearBitsCallback          
00004930  vEventGroupDelete                     
000049b4  vEventGroupSetBitsCallback            
0001045c  vListInitialise                       
000104b4  vListInitialiseItem                   
00010544  vListInsert                           
000104d0  vListInsertEnd                        
000052b4  vPortEndScheduler                     
00005558  vPortFree                             
00005670  vPortInitialiseBlocks                 
00004dcc  vPortInitialiseFPSCR                  
00004ccc  vPortPreemptiveTick                   
00004de0  vPortSWI                              
00004a5c  vPortStartFirstTask                   
0000501c  vPortStoreTaskMPUSettings             
00004bd8  vPortYeildWithinAPI                   
00004aec  vPortYieldProcessor                   
00003df8  vQueueDelete                          
000020ac  vTaskAllocateMPURegions               
00000824  vTaskDelay                            
000006b8  vTaskDelayUntil                       
00000550  vTaskDelete                           
000010c0  vTaskEndScheduler                     
00001f4c  vTaskMissedYield                      
00002cb0  vTaskNotifyGiveFromISR                
00001b14  vTaskPlaceOnEventList                 
00001b58  vTaskPlaceOnUnorderedEventList        
000023b8  vTaskPriorityInherit                  
00000a38  vTaskPrioritySet                      
00000e5c  vTaskResume                           
00001fe0  vTaskSetThreadLocalStoragePointer     
00001dd4  vTaskSetTimeOutState                  
00001028  vTaskStartScheduler                   
000016b0  vTaskStepTick                         
00000c54  vTaskSuspend                          
000010dc  vTaskSuspendAll                       
00001a34  vTaskSwitchContext                    
0000c824  vimChannelMap                         
0000ca90  vimDisableInterrupt                   
0000c8c8  vimEnableInterrupt                    
0000cb3c  vimGetConfigValue                     
0000c750  vimInit                               
00008e00  vimParityCheck                        
0000fc90  vimParityErrorHandler                 
08003048  xAdcQueue                             
0800304c  xBinarySemaphore                      
000046cc  xEventGroupClearBits                  
0000423c  xEventGroupCreate                     
00004750  xEventGroupGetBitsFromISR             
00004780  xEventGroupSetBits                    
00004278  xEventGroupSync                       
00004478  xEventGroupWaitBits                   
08003050  xIntegerQueue                         
08003054  xMutex                                
00005658  xPortGetFreeHeapSize                  
00005664  xPortGetMinimumEverFreeHeapSize       
00005290  xPortStartScheduler                   
000031f0  xQueueCreateMutex                     
00003080  xQueueGenericCreate                   
000037f0  xQueueGenericReceive                  
00002f58  xQueueGenericReset                    
00003234  xQueueGenericSend                     
000034f4  xQueueGenericSendFromISR              
00003684  xQueueGiveFromISR                     
00004160  xQueueIsQueueEmptyFromISR             
000041ec  xQueueIsQueueFullFromISR              
00003c50  xQueuePeekFromISR                     
00003b08  xQueueReceiveFromISR                  
0000170c  xTaskAbortDelay                       
00001e14  xTaskCheckForTimeOut                  
000000fc  xTaskCreate                           
00000020  xTaskCreateRestricted                 
000028e0  xTaskGenericNotify                    
00002ab0  xTaskGenericNotifyFromISR             
0000234c  xTaskGetCurrentTaskHandle             
00001574  xTaskGetHandle                        
00001678  xTaskGetIdleTaskHandle                
00002368  xTaskGetSchedulerState                
0000134c  xTaskGetTickCount                     
00001368  xTaskGetTickCountFromISR              
0000180c  xTaskIncrementTick                    
00010cfc  xTaskNotifyStateClear                 
000027c8  xTaskNotifyWait                       
00002514  xTaskPriorityDisinherit               
00001bdc  xTaskRemoveFromEventList              
00001ccc  xTaskRemoveFromUnorderedEventList     
00001198  xTaskResumeAll                        
00000f40  xTaskResumeFromISR                    


GLOBAL SYMBOLS: SORTED BY Symbol Address 

address   name                                  
-------   ----                                  
00000000  __TI_static_base__                    
00000000  resetEntry                            
00000020  xTaskCreateRestricted                 
000000fc  xTaskCreate                           
00000550  vTaskDelete                           
000006b8  vTaskDelayUntil                       
00000824  vTaskDelay                            
000008a8  eTaskGetState                         
000009ac  uxTaskPriorityGet                     
000009f0  uxTaskPriorityGetFromISR              
00000a38  vTaskPrioritySet                      
00000c54  vTaskSuspend                          
00000e5c  vTaskResume                           
00000f40  xTaskResumeFromISR                    
00001028  vTaskStartScheduler                   
000010c0  vTaskEndScheduler                     
000010dc  vTaskSuspendAll                       
00001198  xTaskResumeAll                        
0000134c  xTaskGetTickCount                     
00001368  xTaskGetTickCountFromISR              
0000138c  uxTaskGetNumberOfTasks                
00001398  pcTaskGetName                         
00001574  xTaskGetHandle                        
00001678  xTaskGetIdleTaskHandle                
000016b0  vTaskStepTick                         
0000170c  xTaskAbortDelay                       
0000180c  xTaskIncrementTick                    
00001a34  vTaskSwitchContext                    
00001b14  vTaskPlaceOnEventList                 
00001b58  vTaskPlaceOnUnorderedEventList        
00001bdc  xTaskRemoveFromEventList              
00001ccc  xTaskRemoveFromUnorderedEventList     
00001dd4  vTaskSetTimeOutState                  
00001e14  xTaskCheckForTimeOut                  
00001f4c  vTaskMissedYield                      
00001f5c  eTaskConfirmSleepModeStatus           
00001fe0  vTaskSetThreadLocalStoragePointer     
00002040  pvTaskGetThreadLocalStoragePointer    
000020ac  vTaskAllocateMPURegions               
00002284  uxTaskGetStackHighWaterMark           
0000234c  xTaskGetCurrentTaskHandle             
00002368  xTaskGetSchedulerState                
000023b8  vTaskPriorityInherit                  
00002514  xTaskPriorityDisinherit               
0000267c  uxTaskResetEventItemValue             
000026b8  pvTaskIncrementMutexHeldCount         
000026ec  ulTaskNotifyTake                      
000027c8  xTaskNotifyWait                       
000028e0  xTaskGenericNotify                    
00002ab0  xTaskGenericNotifyFromISR             
00002cb0  vTaskNotifyGiveFromISR                
00002f58  xQueueGenericReset                    
00003080  xQueueGenericCreate                   
000031f0  xQueueCreateMutex                     
00003234  xQueueGenericSend                     
000034f4  xQueueGenericSendFromISR              
00003684  xQueueGiveFromISR                     
000037f0  xQueueGenericReceive                  
00003b08  xQueueReceiveFromISR                  
00003c50  xQueuePeekFromISR                     
00003d44  uxQueueMessagesWaiting                
00003d7c  uxQueueSpacesAvailable                
00003dc8  uxQueueMessagesWaitingFromISR         
00003df8  vQueueDelete                          
00004160  xQueueIsQueueEmptyFromISR             
000041ec  xQueueIsQueueFullFromISR              
0000423c  xEventGroupCreate                     
00004278  xEventGroupSync                       
00004478  xEventGroupWaitBits                   
000046cc  xEventGroupClearBits                  
00004750  xEventGroupGetBitsFromISR             
00004780  xEventGroupSetBits                    
00004930  vEventGroupDelete                     
000049b4  vEventGroupSetBitsCallback            
000049d0  vEventGroupClearBitsCallback          
00004a5c  vPortStartFirstTask                   
00004aec  vPortYieldProcessor                   
00004bd8  vPortYeildWithinAPI                   
00004ccc  vPortPreemptiveTick                   
00004dcc  vPortInitialiseFPSCR                  
00004dd8  ulPortCountLeadingZeros               
00004de0  vPortSWI                              
00004eb0  prvMpuSetRegion                       
00004ec8  prvMpuEnable                          
00004ee0  prvMpuDisable                         
00004f08  pxPortInitialiseStack                 
0000501c  vPortStoreTaskMPUSettings             
00005290  xPortStartScheduler                   
000052b4  vPortEndScheduler                     
000052e8  pvPortMalloc                          
00005558  vPortFree                             
00005658  xPortGetFreeHeapSize                  
00005664  xPortGetMinimumEverFreeHeapSize       
00005670  vPortInitialiseBlocks                 
000056a8  __TI_Handler_Table_Base               
000056b4  __TI_Handler_Table_Limit              
000056d0  __TI_CINIT_Base                       
000056f0  __TI_CINIT_Limit                      
00008020  selftestFailNotification              
00008030  ccmSelfCheck                          
00008174  memoryInit                            
000081b8  stcSelfCheck                          
00008234  cpuSelfTest                           
000082cc  pbistSelfCheck                        
000084ac  pbistRun                              
00008578  pbistStop                             
000085a8  pbistIsTestCompleted                  
000085d4  pbistIsTestPassed                     
00008608  pbistPortTestStatus                   
00008660  efcCheck                              
000086e8  efcStuckZeroTest                      
00008794  efcSelfTest                           
000087bc  checkefcSelfTest                      
0000885c  fmcBus2Check                          
00008898  fmcECCcheck                           
00008938  checkB0RAMECC                         
00008b28  checkB1RAMECC                         
00008d18  checkFlashECC                         
00008df4  custom_dabort                         
00008df8  stcSelfCheckFail                      
00008dfc  cpuSelfTestFail                       
00008e00  vimParityCheck                        
00008eac  dmaParityCheck                        
00008f58  het1ParityCheck                       
00009004  htu1ParityCheck                       
000090c0  het2ParityCheck                       
000091bc  htu2ParityCheck                       
0000926c  adc1ParityCheck                       
00009358  adc2ParityCheck                       
00009410  can1ParityCheck                       
000094e8  can2ParityCheck                       
000095b0  can3ParityCheck                       
00009684  mibspi1ParityCheck                    
0000978c  mibspi3ParityCheck                    
000098b0  mibspi5ParityCheck                    
000099d0  checkRAMECC                           
00009c18  checkClockMonitor                     
00009cf4  checkFlashEEPROMECC                   
00009e8c  checkPLL1Slip                         
00009f8c  checkPLL2Slip                         
0000a050  checkRAMAddrParity                    
0000a15c  checkRAMUERRTest                      
0000a2c4  fmcBus1ParityCheck                    
0000a3ec  pbistFail                             
0000a470  pbistGetConfigValue                   
0000a5bc  stcGetConfigValue                     
0000a660  efcGetConfigValue                     
0000a6fc  ccmr4GetConfigValue                   
0000a76c  errata_PBIST_4                        
0000aad0  enableParity                          
0000ab58  disableParity                         
0000acfc  adcInit                               
0000afbc  adcStartConversion                    
0000b040  adcStopConversion                     
0000b068  adcResetFiFo                          
0000b090  adcGetData                            
0000b258  adcIsFifoFull                         
0000b288  adcIsConversionComplete               
0000b2b8  adcCalibration                        
0000b490  adcMidPointCalibration                
0000b62c  adcEnableNotification                 
0000b67c  adcDisableNotification                
0000b6a4  adcSetEVTPin                          
0000b6c4  adcGetEVTPin                          
0000b6dc  adc1GetConfigValue                    
0000b8dc  adc2GetConfigValue                    
0000badc  adc1Group1Interrupts                  
0000bc28  setupPLL                              
0000bc88  trimLPO                               
0000bcd0  setupFlash                            
0000bd10  periphInit                            
0000bd64  mapClocks                             
0000be8c  systemInit                            
0000bf58  systemPowerDown                       
0000bf88  systemGetConfigValue                  
0000c39c  tcmflashGetConfigValue                
0000c548  sramGetConfigValue                    
0000c750  vimInit                               
0000c824  vimChannelMap                         
0000c8c8  vimEnableInterrupt                    
0000ca90  vimDisableInterrupt                   
0000cb3c  vimGetConfigValue                     
0000d1ac  MPU_xTaskCreate                       
0000d210  MPU_xTaskCreateRestricted             
0000d254  MPU_vTaskAllocateMPURegions           
0000d288  MPU_vTaskDelete                       
0000d2b4  MPU_vTaskDelay                        
0000d2e0  MPU_vTaskDelayUntil                   
0000d314  MPU_xTaskAbortDelay                   
0000d348  MPU_uxTaskPriorityGet                 
0000d37c  MPU_eTaskGetState                     
0000d3b0  MPU_vTaskPrioritySet                  
0000d3e4  MPU_vTaskSuspend                      
0000d410  MPU_vTaskResume                       
0000d43c  MPU_vTaskSuspendAll                   
0000d460  MPU_xTaskResumeAll                    
0000d48c  MPU_xTaskGetTickCount                 
0000d4b8  MPU_uxTaskGetNumberOfTasks            
0000d4e4  MPU_pcTaskGetName                     
0000d518  MPU_xTaskGetHandle                    
0000d54c  MPU_uxTaskGetStackHighWaterMark       
0000d580  MPU_vTaskSetThreadLocalStoragePointer 
0000d5c4  MPU_pvTaskGetThreadLocalStoragePointer
0000d608  MPU_xTaskGetIdleTaskHandle            
0000d634  MPU_xTaskGenericNotify                
0000d688  MPU_xTaskNotifyWait                   
0000d6dc  MPU_ulTaskNotifyTake                  
0000d720  MPU_xTaskNotifyStateClear             
0000d754  MPU_vTaskSetTimeOutState              
0000d780  MPU_xTaskCheckForTimeOut              
0000d7c4  MPU_xTaskGetSchedulerState            
0000d7f0  MPU_xQueueGenericSend                 
0000d844  MPU_xQueueGenericReceive              
0000d898  MPU_uxQueueMessagesWaiting            
0000d8cc  MPU_uxQueueSpacesAvailable            
0000d900  MPU_vQueueDelete                      
0000d92c  MPU_xQueueCreateMutex                 
0000d960  MPU_xQueueGenericCreate               
0000d9ac  MPU_xQueueGenericReset                
0000d9f0  MPU_xEventGroupCreate                 
0000da1c  MPU_xEventGroupWaitBits               
0000da78  MPU_xEventGroupClearBits              
0000dabc  MPU_xEventGroupSetBits                
0000db00  MPU_xEventGroupSync                   
0000db54  MPU_vEventGroupDelete                 
0000db80  muxInit                               
0000e01c  pinmuxGetConfigValue                  
0000e42c  sciInit                               
0000e518  sciSetFunctional                      
0000e538  sciSetBaudrate                        
0000e5d4  sciIsTxReady                          
0000e5f0  sciSendByte                           
0000e620  sciSend                               
0000e754  sciIsRxReady                          
0000e770  sciIsIdleDetected                     
0000e78c  sciRxError                            
0000e7bc  sciReceiveByte                        
0000e7e8  sciReceive                            
0000e8c0  sciEnableLoopback                     
0000e8f4  sciDisableLoopback                    
0000e918  sciEnableNotification                 
0000e980  sciDisableNotification                
0000e9e8  sciEnterResetState                    
0000ea08  sciExitResetState                     
0000ea28  sciGetConfigValue                     
0000ec00  esmInit                               
0000ed08  esmError                              
0000ed24  esmEnableError                        
0000ed50  esmDisableError                       
0000ed7c  esmTriggerErrorPinReset               
0000ed8c  esmActivateNormalOperation            
0000ed9c  esmEnableInterrupt                    
0000edc8  esmDisableInterrupt                   
0000edf4  esmSetInterruptLevel                  
0000ee70  esmClearStatus                        
0000eeb4  esmClearStatusBuffer                  
0000eed0  esmSetCounterPreloadValue             
0000eef0  esmGetStatus                          
0000ef74  esmGetStatusBuffer                    
0000efac  esmEnterSelfTest                      
0000f034  esmSelfTestStatus                     
0000f084  esmGetConfigValue                     
0000f1d8  gioInit                               
0000f2a8  gioSetDirection                       
0000f2c8  gioSetBit                             
0000f318  gioSetPort                            
0000f338  gioGetBit                             
0000f360  gioGetPort                            
0000f378  gioToggleBit                          
0000f3d0  gioEnableNotification                 
0000f438  gioDisableNotification                
0000f4a0  gioGetConfigValue                     
0000f65c  _coreInitRegisters_                   
0000f768  _coreInitStackPointer_                
0000f7b4  _getCPSRValue_                        
0000f7bc  _gotoCPUIdle_                         
0000f7d4  _coreEnableVfp_                       
0000f7ec  _coreEnableEventBusExport_            
0000f7fc  _coreDisableEventBusExport_           
0000f80c  _coreEnableRamEcc_                    
0000f81c  _coreDisableRamEcc_                   
0000f82c  _coreEnableFlashEcc_                  
0000f840  _coreDisableFlashEcc_                 
0000f850  _coreEnableIrqVicOffset_              
0000f860  _coreGetDataFault_                    
0000f868  _coreClearDataFault_                  
0000f874  _coreGetInstructionFault_             
0000f87c  _coreClearInstructionFault_           
0000f888  _coreGetDataFaultAddress_             
0000f890  _coreClearDataFaultAddress_           
0000f89c  _coreGetInstructionFaultAddress_      
0000f8a4  _coreClearInstructionFaultAddress_    
0000f8b0  _coreGetAuxiliaryDataFault_           
0000f8b8  _coreClearAuxiliaryDataFault_         
0000f8c4  _coreGetAuxiliaryInstructionFault_    
0000f8cc  _coreClearAuxiliaryInstructionFault_  
0000f8d8  _disable_interrupt_                   
0000f8e0  _disable_FIQ_interrupt_               
0000f8e8  _disable_IRQ_interrupt_               
0000f8f0  _enable_interrupt_                    
0000f8f8  _esmCcmErrorsClear_                   
0000f980  _errata_CORTEXR4_57_                  
0000f990  _errata_CORTEXR4_66_                  
0000f9a0  __TI_PINIT_Base                       
0000f9a4  __TI_PINIT_Limit                      
0000f9a8  vApplicationIdleHook                  
0000fa94  main                                  
0000fc90  vimParityErrorHandler                 
000101e0  _c_int00                              
0001045c  vListInitialise                       
000104b4  vListInitialiseItem                   
000104d0  vListInsertEnd                        
00010544  vListInsert                           
00010608  uxListRemove                          
00010694  esmGroup1Notification                 
000106a4  esmGroup2Notification                 
000106b4  memoryPort0TestFailNotification       
000106d0  memoryPort1TestFailNotification       
000106ec  adcNotification                       
00010700  canErrorNotification                  
00010714  canStatusChangeNotification           
00010728  canMessageNotification                
0001073c  dccNotification                       
00010750  gioNotification                       
00010764  i2cNotification                       
00010778  linNotification                       
0001078c  mibspiNotification                    
000107a0  mibspiGroupNotification               
000107c8  spiNotification                       
000107dc  spiEndNotification                    
000107ec  pwmNotification                       
00010804  edgeNotification                      
00010818  hetNotification                       
0001082c  crcNotification                       
00010840  etpwmNotification                     
00010850  etpwmTripNotification                 
00010864  eqepNotification                      
00010878  ecapNotification                      
0001088c  dmaGroupANotification                 
000108a0  serialInit                            
000108d8  serialSend                            
000108f4  serialSendln                          
0001092c  sciNotification                       
000109f0  echoInputBuffer                       
00010cfc  xTaskNotifyStateClear                 
00010d78  esmHighInterrupt                      
00010e8c  adc1Group1Interrupt                   
00010f98  _dabort                               
00011081  floor                                 
00011081  floorl                                
00011160  _pmuInit_                             
000111ac  _pmuEnableCountersGlobal_             
000111bc  _pmuDisableCountersGlobal_            
000111cc  _pmuResetCycleCounter_                
000111dc  _pmuResetEventCounters_               
000111ec  _pmuResetCounters_                    
000111fc  _pmuStartCounters_                    
00011204  _pmuStopCounters_                     
0001120c  _pmuSetCountEvent_                    
00011218  _pmuGetCycleCount_                    
00011220  _pmuGetEventCount_                    
0001122c  _pmuGetOverflow_                      
00011241  __aeabi_memcpy                        
00011241  __aeabi_memcpy4                       
00011241  __aeabi_memcpy8                       
00011241  memcpy                                
000112dd  __aeabi_memclr                        
000112dd  __aeabi_memclr4                       
000112dd  __aeabi_memclr8                       
000112df  __aeabi_memset                        
000112df  __aeabi_memset4                       
000112df  __aeabi_memset8                       
000112e5  memset                                
00011357  __aeabi_idiv0                         
00011359  __TI_auto_init                        
000113c9  __TI_decompress_lzss                  
00011434  __aeabi_idiv                          
00011434  __aeabi_idivmod                       
00011489  ltoa                                  
000114dd  C$$EXIT                               
000114e1  abort                                 
000114e9  exit                                  
0001152d  copy_in                               
00011579  srand                                 
0001158f  rand                                  
000115c5  strlen                                
000115db  _system_post_cinit                    
000115dd  _register_unlock                      
000115e3  _register_lock                        
000115eb  _nop                                  
000115f1  __TI_decompress_none                  
000115ff  __TI_zero_init                        
0001160c  phantomInterrupt                      
080008d0  pxCurrentTCB                          
08003048  xAdcQueue                             
0800304c  xBinarySemaphore                      
08003050  xIntegerQueue                         
08003054  xMutex                                
08003058  currChar                              
0800306c  __TI_cleanup_ptr                      
08003070  __TI_dtors_ptr                        
08003074  __TI_enable_exit_profile_output       
08003078  _lock                                 
0800307c  _unlock                               
08003080  ulCriticalNesting                     
08003084  ulTaskHasFPUContext                   
08003090  ulIdleCycleCount                      
ffffffff  __TI_pprof_out_hndl                   
ffffffff  __TI_prof_data_size                   
ffffffff  __TI_prof_data_start                  
ffffffff  __binit__                             
ffffffff  __c_args__                            
ffffffff  binit                                 
UNDEFED   SHT$$INIT_ARRAY$$Base                 
UNDEFED   SHT$$INIT_ARRAY$$Limit                

[415 symbols]
